08-01 16:57:30.895 I/PackageManager( 2249):   Category: "android.intent.category.DEFAULT"
08-01 16:57:30.895 I/PackageManager( 2249):   Scheme: "sms"
08-01 16:57:31.000 I/PackageManager( 2249):   Action: "android.intent.action.SENDTO"
08-01 16:57:31.000 I/PackageManager( 2249):   Category: "android.intent.category.DEFAULT"
08-01 16:57:31.000 I/PackageManager( 2249):   Scheme: "smsto"
08-01 16:57:31.005 D/Launcher[Debug](31408): Start updating new install apps
08-01 16:57:31.005 I/Launcher(31408): Deferring update until onResume
08-01 16:57:31.015 D/Documents(29944): Used cached roots for com.android.providers.downloads.documents
08-01 16:57:31.015 D/Documents(29944): Used cached roots for com.android.externalstorage.documents
08-01 16:57:31.015 D/Documents(29944): Used cached roots for com.android.providers.media.documents
08-01 16:57:31.015 D/Documents(29944): Update found 7 roots in 63ms
08-01 16:57:31.065 I/PackageManager( 2249):   Action: "android.intent.action.SENDTO"
08-01 16:57:31.065 I/PackageManager( 2249):   Category: "android.intent.category.DEFAULT"
08-01 16:57:31.065 I/PackageManager( 2249):   Scheme: "mms"
08-01 16:57:31.065 I/Launcher(31408): Deferring update until onResume
08-01 16:57:31.115 I/PackageManager( 2249):   Action: "android.intent.action.SENDTO"
08-01 16:57:31.115 I/PackageManager( 2249):   Category: "android.intent.category.DEFAULT"
08-01 16:57:31.115 I/PackageManager( 2249):   Scheme: "mmsto"
08-01 16:57:31.170 I/PackageManager( 2249):   Action: "android.intent.action.SENDTO"
08-01 16:57:31.170 I/PackageManager( 2249):   Category: "android.intent.category.DEFAULT"
08-01 16:57:31.170 I/PackageManager( 2249):   Scheme: "sms"
08-01 16:57:31.205 I/PackageManager( 2249):   Action: "android.intent.action.SENDTO"
08-01 16:57:31.205 I/PackageManager( 2249):   Category: "android.intent.category.DEFAULT"
08-01 16:57:31.205 I/PackageManager( 2249):   Scheme: "smsto"
08-01 16:57:31.305 D/AndroidRuntime(29957): Shutting down VM
08-01 16:57:31.325 I/PackageManager( 2249):   Action: "android.intent.action.SENDTO"
08-01 16:57:31.325 I/PackageManager( 2249):   Category: "android.intent.category.DEFAULT"
08-01 16:57:31.325 I/PackageManager( 2249):   Scheme: "mms"
08-01 16:57:31.365 I/PackageManager( 2249):   Action: "android.intent.action.SENDTO"
08-01 16:57:31.365 I/PackageManager( 2249):   Category: "android.intent.category.DEFAULT"
08-01 16:57:31.365 I/PackageManager( 2249):   Scheme: "mmsto"
08-01 16:57:31.370 W/Launcher.Model(29862): Nobody to tell about the new app.  Launcher is probably loading.
08-01 16:57:31.440 W/Searchables( 2249): No global search activity found
08-01 16:57:31.875 D/AndroidRuntime(30011): 
08-01 16:57:31.875 D/AndroidRuntime(30011): >>>>>> AndroidRuntime START com.android.internal.os.RuntimeInit <<<<<<
08-01 16:57:31.875 D/AndroidRuntime(30011): CheckJNI is OFF
08-01 16:57:31.890 D/dalvikvm(30011): Trying to load lib libjavacore.so 0x0
08-01 16:57:31.895 D/dalvikvm(30011): Added shared lib libjavacore.so 0x0
08-01 16:57:31.900 D/dalvikvm(30011): Trying to load lib libnativehelper.so 0x0
08-01 16:57:31.900 D/dalvikvm(30011): Added shared lib libnativehelper.so 0x0
08-01 16:57:31.900 D/dalvikvm(30011): No JNI_OnLoad found in libnativehelper.so 0x0, skipping init
08-01 16:57:31.925 E/cutils-trace(30011): Error opening trace file: No such file or directory (2)
08-01 16:57:31.935 D/dalvikvm(30011): Note: class Landroid/app/ActivityManagerNative; has 180 unimplemented (abstract) methods
08-01 16:57:32.005 I/ConfigService(19079): onDestroy
08-01 16:57:32.085 E/memtrack(30011): Couldn't load memtrack module (No such file or directory)
08-01 16:57:32.085 E/android.os.Debug(30011): failed to load memtrack module: -2
08-01 16:57:32.155 D/AndroidRuntime(30011): Calling main entry com.android.commands.am.Am
08-01 16:57:32.180 V/Zygote  (30022): Switching descriptor 32 to /dev/null
08-01 16:57:32.180 V/Zygote  (30022): Switching descriptor 10 to /dev/null
08-01 16:57:32.185 D/dalvikvm(30022): Late-enabling CheckJNI
08-01 16:57:32.195 D/AndroidRuntime(30011): Shutting down VM
08-01 16:57:32.205 I/dalvikvm(30022): Enabling JNI app bug workarounds for target SDK version 9...
08-01 16:57:32.215 D/ActivityThread(30022): handleBindApplication:com.mkapps.jumpoverheader
08-01 16:57:32.215 D/ActivityThread(30022): setTargetHeapUtilization:0.25
08-01 16:57:32.220 D/ActivityThread(30022): setTargetHeapMinFree:524288
08-01 16:57:32.240 D/dalvikvm(30022): Trying to load lib /data/app-lib/com.mkapps.jumpoverheader-1/libcocos2dcpp.so 0x41eb3728
08-01 16:57:32.255 D/dalvikvm(30022): Added shared lib /data/app-lib/com.mkapps.jumpoverheader-1/libcocos2dcpp.so 0x41eb3728
08-01 16:57:32.255 D/JniHelper(30022): JniHelper::setJavaVM(0x41714f68), pthread_self() = 1074991444
08-01 16:57:32.270 D/main    (30022): cocos_android_app_init
08-01 16:57:32.285 D/Cocos2dxActivity(30022): model=GT-I9100
08-01 16:57:32.285 D/Cocos2dxActivity(30022): product=GT-I9100
08-01 16:57:32.285 D/Cocos2dxActivity(30022): isEmulator=false
08-01 16:57:32.295 D/CocosPlayClient.cpp(30022): isEnabled = 0
08-01 16:57:32.295 D/CocosPlayClient.cpp(30022): isDemo = 0
08-01 16:57:32.295 D/CocosPlayClient.cpp(30022): isNotifyFileLoadedEnabled = 0
08-01 16:57:32.365 D/libEGL  (30022): loaded /system/lib/egl/libEGL_mali.so
08-01 16:57:32.365 D/libEGL  (30022): loaded /system/lib/egl/libGLESv1_CM_mali.so
08-01 16:57:32.380 D/libEGL  (30022): loaded /system/lib/egl/libGLESv2_mali.so
08-01 16:57:32.390 E/        (30022): Device driver API match
08-01 16:57:32.390 E/        (30022): Device driver API version: 23
08-01 16:57:32.390 E/        (30022): User space API version: 23 
08-01 16:57:32.390 E/        (30022): mali: REVISION=Linux-r3p2-01rel3 BUILD_DATE=Wed Oct  9 21:05:57 KST 2013 
08-01 16:57:32.410 I/ActivityManager( 2249): Displayed com.mkapps.jumpoverheader/org.cocos2dx.cpp.AppActivity: +194ms (total +232ms)
08-01 16:57:32.410 I/Timeline( 2249): Timeline: Activity_windows_visible id: ActivityRecord{41ec8278 u0 com.mkapps.jumpoverheader/org.cocos2dx.cpp.AppActivity t495} time:120950200
08-01 16:57:32.410 I/Timeline(30022): Timeline: Activity_idle id: android.os.BinderProxy@41ea9988 time:120950204
08-01 16:57:32.430 D/cocos2d-x debug info(30022): 
08-01 16:57:32.430 D/cocos2d-x debug info(30022): {
08-01 16:57:32.430 D/cocos2d-x debug info(30022): 	gl.supports_vertex_array_object: false
08-01 16:57:32.430 D/cocos2d-x debug info(30022): 	gl.supports_BGRA8888: false
08-01 16:57:32.430 D/cocos2d-x debug info(30022): 	gl.supports_ATITC: false
08-01 16:57:32.430 D/cocos2d-x debug info(30022): 	gl.supports_S3TC: false
08-01 16:57:32.430 D/cocos2d-x debug info(30022): 	cocos2d.x.version: cocos2d-x 3.6
08-01 16:57:32.430 D/cocos2d-x debug info(30022): 	gl.supports_discard_framebuffer: true
08-01 16:57:32.430 D/cocos2d-x debug info(30022): 	cocos2d.x.compiled_with_profiler: false
08-01 16:57:32.430 D/cocos2d-x debug info(30022): 	gl.supports_PVRTC: false
08-01 16:57:32.430 D/cocos2d-x debug info(30022): 	cocos2d.x.build_type: DEBUG
08-01 16:57:32.430 D/cocos2d-x debug info(30022): 	gl.renderer: Mali-400 MP
08-01 16:57:32.430 D/cocos2d-x debug info(30022): 	gl.supports_ETC1: true
08-01 16:57:32.430 D/cocos2d-x debug info(30022): 	cocos2d.x.compiled_with_gl_state_cache: true
08-01 16:57:32.430 D/cocos2d-x debug info(30022): 	gl.version: OpenGL ES 2.0
08-01 16:57:32.430 D/cocos2d-x debug info(30022): 	gl.supports_NPOT: true
08-01 16:57:32.430 D/cocos2d-x debug info(30022): 	gl.max_texture_units: 8
08-01 16:57:32.430 D/cocos2d-x debug info(30022): 	gl.vendor: ARM
08-01 16:57:32.430 D/cocos2d-x debug info(30022): 	gl.max_texture_size: 4096
08-01 16:57:32.430 D/cocos2d-x debug info(30022): }
08-01 16:57:32.430 D/cocos2d-x debug info(30022): 
08-01 16:57:32.430 D/cocos2d-x debug info(30022): 
08-01 16:57:32.600 D/cocos2d-x debug info(30022): create rendererRecreatedListener for GLProgramState
08-01 16:57:33.555 V/Zygote  (30045): Switching descriptor 32 to /dev/null
08-01 16:57:33.555 V/Zygote  (30045): Switching descriptor 10 to /dev/null
08-01 16:57:33.585 D/ActivityThread(30045): handleBindApplication:com.google.android.partnersetup
08-01 16:57:33.585 D/ActivityThread(30045): setTargetHeapUtilization:0.25
08-01 16:57:33.585 D/ActivityThread(30045): setTargetHeapMinFree:524288
08-01 16:57:33.640 V/Zygote  (30062): Switching descriptor 32 to /dev/null
08-01 16:57:33.640 V/Zygote  (30062): Switching descriptor 10 to /dev/null
08-01 16:57:33.680 D/ActivityThread(30062): handleBindApplication:com.svox.pico
08-01 16:57:33.680 D/ActivityThread(30062): setTargetHeapUtilization:0.25
08-01 16:57:33.680 D/ActivityThread(30062): setTargetHeapMinFree:524288
08-01 16:57:33.730 D/ChimeraCfgMgr(31500): Loading module com.google.android.gms.games from APK com.google.android.gms
08-01 16:57:33.730 D/PackageBroadcastService(31500): Received broadcast action=android.intent.action.PACKAGE_ADDED and uri=com.mkapps.jumpoverheader
08-01 16:57:33.730 D/ChimeraCfgMgr(31500): Loading module com.google.android.gms.vision from APK com.google.android.gms
08-01 16:57:33.730 D/Vision  (31500): Received broadcast Intent { act=android.intent.action.PACKAGE_ADDED dat=package:com.mkapps.jumpoverheader flg=0x4000010 cmp=com.google.android.gms/.vision.DependencyBroadcastReceiverProxy (has extras) }
08-01 16:57:33.730 D/Vision  (31500): No vision deps
08-01 16:57:33.740 I/ConfigService(19079): onCreate
08-01 16:57:33.745 I/ConfigFetchService(31500): onStartCommand Intent { act=android.intent.action.PACKAGE_ADDED dat=package:com.mkapps.jumpoverheader cmp=com.google.android.gms/.config.ConfigFetchService (has extras) }
08-01 16:57:33.755 I/ConfigFetchService(31500): launchTask
08-01 16:57:33.770 I/PeopleContactsSync(31500): CP2 sync disabled
08-01 16:57:33.785 I/ConfigFetchService(31500): service connected
08-01 16:57:33.785 D/ConfigFetchService(31500): ConfigApi connection successful.
08-01 16:57:41.485 D/lights  ( 2249): set_light_buttons: 1
08-01 16:57:41.730 D/TinyALSA-Audio Hardware( 1846): audio_hw_set_parameters(0x400b1938, screen_state=on)++
08-01 16:57:41.730 D/TinyALSA-Audio Hardware( 1846): audio_hw_set_parameters(0x400b1938, screen_state=on)-- (PARAMETER ERROR)
08-01 16:57:41.730 E/audio_a2dp_hw( 1846): adev_set_parameters: ERROR: set param called even when stream out is null
08-01 16:57:41.740 I/AppLockService(30672): Screen ON
08-01 16:57:41.740 D/AppLockService(30672): Scheduling alarm (interval=150)
08-01 16:57:41.740 D/AppLockService(30672): appchanged  (>com.mkapps.jumpoverheader)
08-01 16:57:41.825 D/PowerManagerService-JNI( 2249): Excessive delay in autosuspend_disable() while turning screen on: 194ms
08-01 16:57:41.825 D/SurfaceFlinger( 1843): Screen acquired, type=0 flinger=0x40c60450
08-01 16:57:42.990 D/AudioPolicyManagerBase( 1846): getOutput() device 2, stream 1, samplingRate 0, format 0, channelMask 3, flags 0
08-01 16:57:42.990 D/AudioPolicyManagerBase( 1846): getOutput() returns output 2
08-01 16:57:42.990 D/AudioPolicyManagerBase( 1846): getOutput() device 2, stream 1, samplingRate 0, format 0, channelMask 3, flags 0
08-01 16:57:42.990 D/AudioPolicyManagerBase( 1846): getOutput() returns output 2
08-01 16:57:42.990 D/AudioPolicyManagerBase( 1846): getOutput() device 2, stream 1, samplingRate 44100, format 1, channelMask 3, flags 4
08-01 16:57:42.990 D/AudioPolicyManagerBase( 1846): getOutput() returns output 2
08-01 16:57:42.990 D/AudioFlinger( 1846): start(4099), calling pid 2354 session 2488
08-01 16:57:42.990 D/AudioFlinger( 1846): ? => ACTIVE (4099) on thread 0x43282010
08-01 16:57:42.990 D/AudioPolicyManagerBase( 1846): startOutput() output 2, stream 1, session 2488
08-01 16:57:42.995 D/Yamaha-MC1N2-Audio( 1846): yamaha_mc1n2_audio_output_start()
08-01 16:57:42.995 D/Yamaha-MC1N2-Audio( 1846): yamaha_mc1n2_audio_route_start()
08-01 16:57:42.995 D/Yamaha-MC1N2-Audio( 1846): (yamaha_mc1n2_audio_params_route_find): device = 2, direction = 0
08-01 16:57:43.035 I/Timeline(30022): Timeline: Activity_idle id: android.os.BinderProxy@41ea9988 time:120960826
08-01 16:57:43.070 D/PhoneStatusBar( 2354): disable: < expand* icons alerts ticker* system_info back* home* recent* clock* search* >
08-01 16:57:43.090 V/PhoneStatusBar( 2354): setLightsOn(true)
08-01 16:57:43.105 W/Binder  (30657): Caught a RuntimeException from the binder stub implementation.
08-01 16:57:43.105 W/Binder  (30657): java.lang.NullPointerException
08-01 16:57:43.105 W/Binder  (30657): 	at android.inputmethodservice.IInputMethodWrapper.setSessionEnabled(IInputMethodWrapper.java:280)
08-01 16:57:43.105 W/Binder  (30657): 	at com.android.internal.view.IInputMethod$Stub.onTransact(IInputMethod.java:129)
08-01 16:57:43.105 W/Binder  (30657): 	at android.os.Binder.execTransact(Binder.java:404)
08-01 16:57:43.105 W/Binder  (30657): 	at dalvik.system.NativeStart.run(Native Method)
08-01 16:57:43.760 V/ConfigFetchTask(31500): ConfigFetchTask getDeviceDataVersionInfo(): ABFEt1VPbL2lv9TlGkpti2U7qgt_khF8I2vdcLp4TbIC3fEcbYC2YNI8uM3WUrsnUsMY3JNCo_hDUmyNLew7zHlyoHa0pGgJIIy3D1mn7gHjDIiQv896B8aTgLIS6YdAAHPBWpxJ6UP2rLwILZlmC0wcmNWkg6zUraofGWM1qd9lTn8VDsRRXYFKMyyePh5fP7-LPcoaucPIXfliF6dAmLdN9-hQ2RJtWa0RLw61Nwd9VyqSgfY5r1ZsUwZzQwoOR6c6mxJbSSoi_dA3Mx09k_pHORsF6wtAlZWubI9FamkzkO7mZaL4Udg
08-01 16:57:43.770 I/GoogleURLConnFactory(31500): Using platform SSLCertificateSocketFactory
08-01 16:57:44.075 D/cocos2d-x debug info(30022): create rendererRecreatedListener for GLProgramState
08-01 16:57:44.310 I/ConfigFetchService(31500): fetch service done; releasing wakelock
08-01 16:57:44.315 I/ConfigFetchService(31500): stopping self
08-01 16:57:45.655 D/cocos2d-x debug info(30022): Node warning: setPhysicsBody sets anchor point to Vec2::ANCHOR_MIDDLE.
08-01 16:57:46.150 D/Yamaha-MC1N2-Audio( 1846): yamaha_mc1n2_audio_output_stop()
08-01 16:57:46.150 D/Yamaha-MC1N2-Audio( 1846): yamaha_mc1n2_audio_route_start()
08-01 16:57:46.220 D/cocos2d-x debug info(30022): create rendererRecreatedListener for GLProgramState
08-01 16:57:49.035 D/Finsky  (27829): [4843] AppStatesReplicator.handleContentSyncResponse: Completed 0 account content syncs with 0 successful.
08-01 16:57:49.040 D/Finsky  (27829): [1] 5.onFinished: Installation state replication succeeded.
08-01 16:57:49.325 I/ConfigService(19079): onDestroy
08-01 16:57:51.600 I/wpa_supplicant(11151): wlan0: CTRL-EVENT-SCAN-STARTED 
08-01 16:57:54.515 D/cocos2d-x debug info(30022): cocos2d: removeChildByTag(tag = -86050082): child not found!
08-01 16:57:54.515 D/cocos2d-x debug info(30022): cocos2d: removeChildByTag(tag = -86050082): child not found!
08-01 16:57:54.515 D/cocos2d-x debug info(30022): cocos2d: removeChildByTag(tag = -86050082): child not found!
08-01 16:57:54.515 D/cocos2d-x debug info(30022): cocos2d: removeChildByTag(tag = -86050082): child not found!
08-01 16:57:54.515 D/cocos2d-x debug info(30022): cocos2d: removeChildByTag(tag = -86050082): child not found!
08-01 16:57:54.515 D/cocos2d-x debug info(30022): cocos2d: removeChildByTag(tag = -86050082): child not found!
08-01 16:57:54.515 D/cocos2d-x debug info(30022): cocos2d: removeChildByTag(tag = -86050082): child not found!
08-01 16:57:54.515 D/cocos2d-x debug info(30022): cocos2d: removeChildByTag(tag = -86050082): child not found!
08-01 16:57:57.100 D/cocos2d-x debug info(30022): Node warning: setPhysicsBody sets anchor point to Vec2::ANCHOR_MIDDLE.
08-01 16:58:07.765 D/cocos2d-x debug info(30022): cocos2d: removeChildByTag(tag = -86050082): child not found!
08-01 16:58:07.765 D/cocos2d-x debug info(30022): cocos2d: removeChildByTag(tag = -86050082): child not found!
08-01 16:58:07.765 D/cocos2d-x debug info(30022): cocos2d: removeChildByTag(tag = -86050082): child not found!
08-01 16:58:07.765 D/cocos2d-x debug info(30022): cocos2d: removeChildByTag(tag = -86050082): child not found!
08-01 16:58:07.765 D/cocos2d-x debug info(30022): cocos2d: removeChildByTag(tag = -86050082): child not found!
08-01 16:58:07.765 D/cocos2d-x debug info(30022): cocos2d: removeChildByTag(tag = -86050082): child not found!
08-01 16:58:07.765 D/cocos2d-x debug info(30022): cocos2d: removeChildByTag(tag = -86050082): child not found!
08-01 16:58:10.175 D/lights  ( 2249): set_light_buttons: 2
08-01 16:58:20.870 D/SurfaceFlinger( 1843): Screen released, type=0 flinger=0x40c60450
08-01 16:58:21.025 D/TinyALSA-Audio Hardware( 1846): audio_hw_set_parameters(0x400b1938, screen_state=off)++
08-01 16:58:21.025 D/TinyALSA-Audio Hardware( 1846): audio_hw_set_parameters(0x400b1938, screen_state=off)-- (PARAMETER ERROR)
08-01 16:58:21.025 E/audio_a2dp_hw( 1846): adev_set_parameters: ERROR: set param called even when stream out is null
08-01 16:58:21.075 I/AppLockService(30672): Screen OFF
08-01 16:58:26.050 D/AudioPolicyManagerBase( 1846): getOutput() device 2, stream 1, samplingRate 0, format 0, channelMask 3, flags 0
08-01 16:58:26.050 D/AudioPolicyManagerBase( 1846): getOutput() returns output 2
08-01 16:58:26.055 D/AudioPolicyManagerBase( 1846): getOutput() device 2, stream 1, samplingRate 0, format 0, channelMask 3, flags 0
08-01 16:58:26.055 D/AudioPolicyManagerBase( 1846): getOutput() returns output 2
08-01 16:58:26.055 D/AudioPolicyManagerBase( 1846): getOutput() device 2, stream 1, samplingRate 44100, format 1, channelMask 3, flags 4
08-01 16:58:26.055 D/AudioPolicyManagerBase( 1846): getOutput() returns output 2
08-01 16:58:26.060 D/AudioFlinger( 1846): start(4098), calling pid 2354 session 2489
08-01 16:58:26.060 D/AudioFlinger( 1846): ? => ACTIVE (4098) on thread 0x40f0bb88
08-01 16:58:26.060 D/AudioPolicyManagerBase( 1846): startOutput() output 2, stream 1, session 2489
08-01 16:58:26.060 D/Yamaha-MC1N2-Audio( 1846): yamaha_mc1n2_audio_output_start()
08-01 16:58:26.060 D/Yamaha-MC1N2-Audio( 1846): yamaha_mc1n2_audio_route_start()
08-01 16:58:26.060 D/Yamaha-MC1N2-Audio( 1846): (yamaha_mc1n2_audio_params_route_find): device = 2, direction = 0
08-01 16:58:26.195 V/Zygote  (30107): Switching descriptor 32 to /dev/null
08-01 16:58:26.195 V/Zygote  (30107): Switching descriptor 10 to /dev/null
08-01 16:58:26.370 D/ActivityThread(30107): handleBindApplication:com.cyanogenmod.lockclock
08-01 16:58:26.370 D/ActivityThread(30107): setTargetHeapUtilization:0.25
08-01 16:58:26.370 D/ActivityThread(30107): setTargetHeapMinFree:524288
08-01 16:58:26.595 I/Choreographer( 2354): Skipped 32 frames!  The application may be doing too much work on its main thread.
08-01 16:58:26.645 W/View    ( 2354): requestLayout() improperly called by android.widget.TextClock{41eafdb0 V.ED.... ......ID 0,0-53,129 #7f0b0013 app:id/clock1_regular} during layout: running second layout pass
08-01 16:58:26.645 W/View    ( 2354): requestLayout() improperly called by android.widget.TextClock{41eb03b8 V.ED.... ......ID 53,0-176,129 #7f0b0014 app:id/clock2_regular} during layout: running second layout pass
08-01 16:58:26.645 W/View    ( 2354): requestLayout() improperly called by android.widget.TextClock{4229b2d0 V.ED.... ......ID 69,1-175,26 #7f0b0018 app:id/date_bold} during layout: running second layout pass
08-01 16:58:26.645 W/View    ( 2354): requestLayout() improperly called by android.widget.TextView{4212e998 V.ED.... ......ID 217,1-311,26 #7f0b001b app:id/nextAlarm_bold} during layout: running second layout pass
08-01 16:58:26.645 W/View    ( 2354): requestLayout() improperly called by android.widget.TextView{420a95c8 V.ED.... ......ID 77,6-133,35 #7f0b0021 app:id/weather_city} during layout: running second layout pass
08-01 16:58:26.645 W/View    ( 2354): requestLayout() improperly called by android.widget.TextView{420a9ad0 V.ED.... ......ID 64,35-133,60 #7f0b0027 app:id/weather_condition} during layout: running second layout pass
08-01 16:58:26.645 W/View    ( 2354): requestLayout() improperly called by android.widget.TextView{420a9fd8 V.ED.... ......ID 66,60-133,75 #7f0b0022 app:id/update_time} during layout: running second layout pass
08-01 16:58:26.645 W/View    ( 2354): requestLayout() improperly called by android.widget.TextView{42098038 V.ED.... ......ID 2,0-64,41 #7f0b0024 app:id/weather_temp} during layout: running second layout pass
08-01 16:58:26.645 W/View    ( 2354): requestLayout() improperly called by android.widget.TextView{42098970 V.ED.... ......ID 0,43-66,71 #7f0b0026 app:id/weather_low_high} during layout: running second layout pass
08-01 16:58:26.705 D/PhoneStatusBar( 2354): disable: < EXPAND* icons alerts TICKER* system_info BACK* HOME* RECENT* CLOCK* SEARCH* >
08-01 16:58:29.245 D/Yamaha-MC1N2-Audio( 1846): yamaha_mc1n2_audio_output_stop()
08-01 16:58:29.245 D/Yamaha-MC1N2-Audio( 1846): yamaha_mc1n2_audio_route_start()
08-01 16:59:25.700 D/lights  ( 2249): set_light_buttons: 1
08-01 16:59:25.925 D/TinyALSA-Audio Hardware( 1846): audio_hw_set_parameters(0x400b1938, screen_state=on)++
08-01 16:59:25.925 D/TinyALSA-Audio Hardware( 1846): audio_hw_set_parameters(0x400b1938, screen_state=on)-- (PARAMETER ERROR)
08-01 16:59:25.925 E/audio_a2dp_hw( 1846): adev_set_parameters: ERROR: set param called even when stream out is null
08-01 16:59:25.935 I/AppLockService(30672): Screen ON
08-01 16:59:25.935 D/AppLockService(30672): Scheduling alarm (interval=150)
08-01 16:59:25.935 D/AppLockService(30672): appchanged  (>com.mkapps.jumpoverheader)
08-01 16:59:26.035 D/PowerManagerService-JNI( 2249): Excessive delay in autosuspend_disable() while turning screen on: 198ms
08-01 16:59:26.035 D/SurfaceFlinger( 1843): Screen acquired, type=0 flinger=0x40c60450
08-01 16:59:27.530 D/AudioPolicyManagerBase( 1846): getOutput() device 2, stream 1, samplingRate 0, format 0, channelMask 3, flags 0
08-01 16:59:27.530 D/AudioPolicyManagerBase( 1846): getOutput() returns output 2
08-01 16:59:27.530 D/AudioPolicyManagerBase( 1846): getOutput() device 2, stream 1, samplingRate 0, format 0, channelMask 3, flags 0
08-01 16:59:27.530 D/AudioPolicyManagerBase( 1846): getOutput() returns output 2
08-01 16:59:27.530 D/AudioPolicyManagerBase( 1846): getOutput() device 2, stream 1, samplingRate 44100, format 1, channelMask 3, flags 4
08-01 16:59:27.530 D/AudioPolicyManagerBase( 1846): getOutput() returns output 2
08-01 16:59:27.530 D/AudioFlinger( 1846): start(4099), calling pid 2354 session 2490
08-01 16:59:27.530 D/AudioFlinger( 1846): ? => ACTIVE (4099) on thread 0x43282010
08-01 16:59:27.530 D/AudioPolicyManagerBase( 1846): startOutput() output 2, stream 1, session 2490
08-01 16:59:27.530 D/Yamaha-MC1N2-Audio( 1846): yamaha_mc1n2_audio_output_start()
08-01 16:59:27.530 D/Yamaha-MC1N2-Audio( 1846): yamaha_mc1n2_audio_route_start()
08-01 16:59:27.530 D/Yamaha-MC1N2-Audio( 1846): (yamaha_mc1n2_audio_params_route_find): device = 2, direction = 0
08-01 16:59:27.560 I/Timeline(30022): Timeline: Activity_idle id: android.os.BinderProxy@41ea9988 time:121065350
08-01 16:59:27.580 D/PhoneStatusBar( 2354): disable: < expand* icons alerts ticker* system_info back* home* recent* clock* search* >
08-01 16:59:27.600 V/PhoneStatusBar( 2354): setLightsOn(true)
08-01 16:59:28.965 D/cocos2d-x debug info(30022): Node warning: setPhysicsBody sets anchor point to Vec2::ANCHOR_MIDDLE.
08-01 16:59:30.685 D/Yamaha-MC1N2-Audio( 1846): yamaha_mc1n2_audio_output_stop()
08-01 16:59:30.685 D/Yamaha-MC1N2-Audio( 1846): yamaha_mc1n2_audio_route_start()
08-01 16:59:35.840 I/wpa_supplicant(11151): wlan0: CTRL-EVENT-SCAN-STARTED 
08-01 16:59:36.425 D/AndroidRuntime(30150): 
08-01 16:59:36.425 D/AndroidRuntime(30150): >>>>>> AndroidRuntime START com.android.internal.os.RuntimeInit <<<<<<
08-01 16:59:36.430 D/AndroidRuntime(30150): CheckJNI is OFF
08-01 16:59:36.450 D/dalvikvm(30150): Trying to load lib libjavacore.so 0x0
08-01 16:59:36.450 D/dalvikvm(30150): Added shared lib libjavacore.so 0x0
08-01 16:59:36.455 D/dalvikvm(30150): Trying to load lib libnativehelper.so 0x0
08-01 16:59:36.455 D/dalvikvm(30150): Added shared lib libnativehelper.so 0x0
08-01 16:59:36.455 D/dalvikvm(30150): No JNI_OnLoad found in libnativehelper.so 0x0, skipping init
08-01 16:59:36.480 E/cutils-trace(30150): Error opening trace file: No such file or directory (2)
08-01 16:59:36.490 D/dalvikvm(30150): Note: class Landroid/app/ActivityManagerNative; has 180 unimplemented (abstract) methods
08-01 16:59:36.645 E/memtrack(30150): Couldn't load memtrack module (No such file or directory)
08-01 16:59:36.645 E/android.os.Debug(30150): failed to load memtrack module: -2
08-01 16:59:36.720 D/AndroidRuntime(30150): Calling main entry com.android.commands.pm.Pm
08-01 16:59:36.740 D/AppLockService(30672): appchanged  (com.mkapps.jumpoverheader>com.microsoft.launcher)
08-01 16:59:36.755 D/[DateTime](31408): registerDateTimeReceivers
08-01 16:59:36.940 I/PackageManager( 2249):   Action: "android.intent.action.SENDTO"
08-01 16:59:36.940 I/PackageManager( 2249):   Category: "android.intent.category.DEFAULT"
08-01 16:59:36.940 I/PackageManager( 2249):   Scheme: "sms"
08-01 16:59:36.950 I/InputReader( 2249): Reconfiguring input devices.  changes=0x00000010
08-01 16:59:36.950 I/LatinIME:LogUtils(30657): Dictionary info: dictionary = ? ; version = 26 ; date = 1351062238
08-01 16:59:36.960 W/CursorWrapperInner(29030): Cursor finalized without prior close()
08-01 16:59:36.985 I/PackageManager( 2249):   Action: "android.intent.action.SENDTO"
08-01 16:59:36.985 I/PackageManager( 2249):   Category: "android.intent.category.DEFAULT"
08-01 16:59:36.985 I/PackageManager( 2249):   Scheme: "smsto"
08-01 16:59:37.020 D/Documents(29944): Used cached roots for com.android.providers.downloads.documents
08-01 16:59:37.020 D/Documents(29944): Used cached roots for com.android.externalstorage.documents
08-01 16:59:37.020 D/Documents(29944): Used cached roots for com.android.providers.media.documents
08-01 16:59:37.020 D/Documents(29944): Update found 7 roots in 62ms
08-01 16:59:37.020 W/GeofencerStateMachine(19018): Ignoring removeGeofence because network location is disabled.
08-01 16:59:37.020 I/PackageManager( 2249):   Action: "android.intent.action.SENDTO"
08-01 16:59:37.020 I/PackageManager( 2249):   Category: "android.intent.category.DEFAULT"
08-01 16:59:37.020 I/PackageManager( 2249):   Scheme: "mms"
08-01 16:59:37.050 I/PackageManager( 2249):   Action: "android.intent.action.SENDTO"
08-01 16:59:37.050 I/PackageManager( 2249):   Category: "android.intent.category.DEFAULT"
08-01 16:59:37.050 I/PackageManager( 2249):   Scheme: "mmsto"
08-01 16:59:37.060 I/InputDispatcher( 2249): Dropping event because there is no touchable window at (361, 512).
08-01 16:59:37.100 I/PackageManager( 2249):   Action: "android.intent.action.SENDTO"
08-01 16:59:37.100 I/PackageManager( 2249):   Category: "android.intent.category.DEFAULT"
08-01 16:59:37.100 I/PackageManager( 2249):   Scheme: "sms"
08-01 16:59:37.140 I/PackageManager( 2249):   Action: "android.intent.action.SENDTO"
08-01 16:59:37.140 I/PackageManager( 2249):   Category: "android.intent.category.DEFAULT"
08-01 16:59:37.140 I/PackageManager( 2249):   Scheme: "smsto"
08-01 16:59:37.205 I/PackageManager( 2249):   Action: "android.intent.action.SENDTO"
08-01 16:59:37.205 I/PackageManager( 2249):   Category: "android.intent.category.DEFAULT"
08-01 16:59:37.205 I/PackageManager( 2249):   Scheme: "mms"
08-01 16:59:37.250 I/PackageManager( 2249):   Action: "android.intent.action.SENDTO"
08-01 16:59:37.250 I/PackageManager( 2249):   Category: "android.intent.category.DEFAULT"
08-01 16:59:37.250 I/PackageManager( 2249):   Scheme: "mmsto"
08-01 16:59:37.410 W/Binder  (30657): Caught a RuntimeException from the binder stub implementation.
08-01 16:59:37.410 W/Binder  (30657): java.lang.NullPointerException
08-01 16:59:37.410 W/Binder  (30657): 	at android.inputmethodservice.IInputMethodWrapper.setSessionEnabled(IInputMethodWrapper.java:280)
08-01 16:59:37.410 W/Binder  (30657): 	at com.android.internal.view.IInputMethod$Stub.onTransact(IInputMethod.java:129)
08-01 16:59:37.410 W/Binder  (30657): 	at android.os.Binder.execTransact(Binder.java:404)
08-01 16:59:37.410 W/Binder  (30657): 	at dalvik.system.NativeStart.run(Native Method)
08-01 16:59:37.410 I/Launcher(31408): Deferring update until onResume
08-01 16:59:37.465 D/VoicemailCleanupService(23755): Cleaning up data for package: com.mkapps.jumpoverheader
08-01 16:59:37.470 V/Zygote  (30174): Switching descriptor 32 to /dev/null
08-01 16:59:37.470 V/Zygote  (30174): Switching descriptor 10 to /dev/null
08-01 16:59:37.485 I/Launcher(31408): Deferring update until onResume
08-01 16:59:37.485 I/Timeline(31408): Timeline: Activity_idle id: android.os.BinderProxy@422db5a0 time:121075279
08-01 16:59:37.515 W/Searchables( 2249): No global search activity found
08-01 16:59:37.565 D/ActivityThread(30174): handleBindApplication:com.cyanogenmod.trebuchet
08-01 16:59:37.565 D/ActivityThread(30174): setTargetHeapUtilization:0.25
08-01 16:59:37.565 D/ActivityThread(30174): setTargetHeapMinFree:524288
08-01 16:59:37.715 D/AndroidRuntime(30150): Shutting down VM
08-01 16:59:37.760 D/Launcher.LauncherProvider(30174): 11683562 - initializeMaxScreenId(): 2
08-01 16:59:37.760 V/Launcher(30174): LauncherAppState inited
08-01 16:59:37.770 W/Launcher(30174): setApplicationContext called twice! old=com.android.launcher3.LauncherApplication@41eb8c98 new=com.android.launcher3.LauncherApplication@41eb8c98
08-01 16:59:37.785 V/Zygote  (30192): Switching descriptor 32 to /dev/null
08-01 16:59:37.785 V/Zygote  (30192): Switching descriptor 10 to /dev/null
08-01 16:59:37.820 D/ActivityThread(30192): handleBindApplication:com.android.keychain
08-01 16:59:37.820 D/ActivityThread(30192): setTargetHeapUtilization:0.25
08-01 16:59:37.820 D/ActivityThread(30192): setTargetHeapMinFree:524288
08-01 16:59:37.820 I/Timeline( 2249): Timeline: Activity_windows_visible id: ActivityRecord{41ecb618 u0 com.microsoft.launcher/.Launcher t63} time:121075613
08-01 16:59:37.885 E/NetworkScheduler.SchedulerReceiver(19079): Invalid parameter app
08-01 16:59:37.885 E/NetworkScheduler.SchedulerReceiver(19079): Invalid package name : Perhaps you didn't include a PendingIntent in the extras?
08-01 16:59:37.910 D/ChimeraCfgMgr(31500): Loading module com.google.android.gms.games from APK com.google.android.gms
08-01 16:59:37.910 D/PackageBroadcastService(31500): Received broadcast action=android.intent.action.PACKAGE_REMOVED and uri=com.mkapps.jumpoverheader
08-01 16:59:37.910 D/AccountUtils(31500): Clearing selected account for com.mkapps.jumpoverheader
08-01 16:59:37.940 I/LocationSettingsChecker(31500): Removing dialog suppression flag for package com.mkapps.jumpoverheader
08-01 16:59:37.975 D/GOOGLEHELP_CompatibleDatabase(31500): Open SQLiteDatabase: /data/data/com.google.android.gms/databases/metrics.db, release reference: 1
08-01 16:59:37.975 D/GOOGLEHELP_CompatibleDatabase(31500): Acquire reference of SQLiteDatabase: /data/data/com.google.android.gms/databases/metrics.db: 2
08-01 16:59:37.975 D/gH_MetricsDatabase(31500): 0 metrics were deleted when clearing package com.mkapps.jumpoverheader.
08-01 16:59:37.975 D/GOOGLEHELP_CompatibleDatabase(31500): Release reference of SQLiteDatabase: /data/data/com.google.android.gms/databases/metrics.db: 1
08-01 16:59:37.985 D/GOOGLEHELP_CompatibleDatabase(31500): Open SQLiteDatabase: /data/data/com.google.android.gms/databases/help_responses.db, release reference: 1
08-01 16:59:37.985 D/GOOGLEHELP_CompatibleDatabase(31500): Acquire reference of SQLiteDatabase: /data/data/com.google.android.gms/databases/help_responses.db: 2
08-01 16:59:37.985 D/GOOGLEHELP_CompatibleDatabase(31500): Release reference of SQLiteDatabase: /data/data/com.google.android.gms/databases/help_responses.db: 1
08-01 16:59:37.990 D/GOOGLEHELP_CompatibleDatabase(31500): Open SQLiteDatabase: /data/data/com.google.android.gms/databases/auto_complete_suggestions.db, release reference: 1
08-01 16:59:37.990 D/GOOGLEHELP_CompatibleDatabase(31500): Acquire reference of SQLiteDatabase: /data/data/com.google.android.gms/databases/auto_complete_suggestions.db: 2
08-01 16:59:37.995 D/GOOGLEHELP_CompatibleDatabase(31500): Release reference of SQLiteDatabase: /data/data/com.google.android.gms/databases/auto_complete_suggestions.db: 1
08-01 16:59:37.995 D/GOOGLEHELP_CompatibleDatabase(31500): Close SQLiteDatabase: /data/data/com.google.android.gms/databases/metrics.db, release reference: 0
08-01 16:59:37.995 D/GOOGLEHELP_CompatibleDatabase(31500): Close SQLiteDatabase: /data/data/com.google.android.gms/databases/help_responses.db, release reference: 0
08-01 16:59:37.995 D/GOOGLEHELP_CompatibleDatabase(31500): Close SQLiteDatabase: /data/data/com.google.android.gms/databases/auto_complete_suggestions.db, release reference: 0
08-01 16:59:38.000 I/ConfigService(19079): onCreate
08-01 16:59:38.005 I/ConfigFetchService(31500): onStartCommand Intent { act=android.intent.action.PACKAGE_REMOVED dat=package:com.mkapps.jumpoverheader cmp=com.google.android.gms/.config.ConfigFetchService (has extras) }
08-01 16:59:38.055 I/Icing   (31500): doRemovePackageData com.mkapps.jumpoverheader
08-01 16:59:38.055 I/PeopleContactsSync(31500): CP2 sync disabled
08-01 16:59:38.455 V/Zygote  (30258): Switching descriptor 32 to /dev/null
08-01 16:59:38.455 V/Zygote  (30258): Switching descriptor 10 to /dev/null
08-01 16:59:38.595 D/ActivityThread(30258): handleBindApplication:com.android.documentsui
08-01 16:59:38.595 D/ActivityThread(30258): setTargetHeapUtilization:0.25
08-01 16:59:38.595 D/ActivityThread(30258): setTargetHeapMinFree:524288
08-01 16:59:38.645 D/Documents(30258): Loading roots for com.android.providers.downloads.documents
08-01 16:59:38.695 D/Documents(30258): Loading roots for com.android.externalstorage.documents
08-01 16:59:38.705 V/Zygote  (30272): Switching descriptor 32 to /dev/null
08-01 16:59:38.705 V/Zygote  (30272): Switching descriptor 10 to /dev/null
08-01 16:59:38.720 D/AndroidRuntime(30256): 
08-01 16:59:38.720 D/AndroidRuntime(30256): >>>>>> AndroidRuntime START com.android.internal.os.RuntimeInit <<<<<<
08-01 16:59:38.720 D/AndroidRuntime(30256): CheckJNI is OFF
08-01 16:59:38.735 D/dalvikvm(30256): Trying to load lib libjavacore.so 0x0
08-01 16:59:38.740 D/dalvikvm(30256): Added shared lib libjavacore.so 0x0
08-01 16:59:38.745 D/dalvikvm(30256): Trying to load lib libnativehelper.so 0x0
08-01 16:59:38.745 D/dalvikvm(30256): Added shared lib libnativehelper.so 0x0
08-01 16:59:38.745 D/dalvikvm(30256): No JNI_OnLoad found in libnativehelper.so 0x0, skipping init
08-01 16:59:38.745 D/ActivityThread(30272): handleBindApplication:com.android.externalstorage
08-01 16:59:38.745 D/ActivityThread(30272): setTargetHeapUtilization:0.25
08-01 16:59:38.745 D/ActivityThread(30272): setTargetHeapMinFree:524288
08-01 16:59:38.770 E/cutils-trace(30256): Error opening trace file: No such file or directory (2)
08-01 16:59:38.770 D/ExternalStorage(30272): After updating volumes, found 2 active roots
08-01 16:59:38.770 D/Documents(30258): Updating roots due to change at content://com.android.externalstorage.documents/root
08-01 16:59:38.780 D/Documents(30258): Loading roots for com.android.providers.media.documents
08-01 16:59:38.780 D/dalvikvm(30256): Note: class Landroid/app/ActivityManagerNative; has 180 unimplemented (abstract) methods
08-01 16:59:38.840 D/Documents(30258): Update found 7 roots in 196ms
08-01 16:59:38.845 D/Documents(30258): Used cached roots for com.android.providers.downloads.documents
08-01 16:59:38.845 D/Documents(30258): Loading roots for com.android.externalstorage.documents
08-01 16:59:38.855 D/Documents(30258): Used cached roots for com.android.providers.media.documents
08-01 16:59:38.855 D/Documents(30258): Update found 7 roots in 14ms
08-01 16:59:38.950 E/memtrack(30256): Couldn't load memtrack module (No such file or directory)
08-01 16:59:38.950 E/android.os.Debug(30256): failed to load memtrack module: -2
08-01 16:59:39.025 D/AndroidRuntime(30256): Calling main entry com.android.commands.pm.Pm
08-01 16:59:39.045 D/Finsky  (27829): [1] PackageVerificationReceiver.onReceive: Verification requested, id = 121
08-01 16:59:39.055 D/Finsky  (27829): [1] WorkerTask.onPreExecute: Verification Requested for id = 121, data=file:///data/local/tmp/JumpOverHeader-debug.apk flags=112 fromVerificationActivity=false
08-01 16:59:41.430 I/qtaguid (27829): Failed write_ctrl(u 65) res=-1 errno=22
08-01 16:59:41.430 I/qtaguid (27829): Untagging socket 65 failed errno=-22
08-01 16:59:41.430 W/NetworkManagementSocketTagger(27829): untagSocket(65) failed with errno -22
08-01 16:59:41.435 D/Finsky  (27829): [1] 1.onResponse: Verification id=121 response=0
08-01 16:59:41.460 D/Finsky  (27829): [1] PackageVerificationReceiver.onReceive: Verification requested, id = 121
08-01 16:59:42.875 I/PackageManager( 2249): Running dexopt on: com.mkapps.jumpoverheader
08-01 16:59:42.990 D/dalvikvm(30303): DexOpt: load 35ms, verify+opt 42ms, 589492 bytes
08-01 16:59:43.050 I/ConfigService(19079): onDestroy
08-01 16:59:43.350 I/InputReader( 2249): Reconfiguring input devices.  changes=0x00000010
08-01 16:59:43.385 D/Documents(30258): Used cached roots for com.android.providers.downloads.documents
08-01 16:59:43.385 D/Documents(30258): Used cached roots for com.android.externalstorage.documents
08-01 16:59:43.385 D/Documents(30258): Used cached roots for com.android.providers.media.documents
08-01 16:59:43.385 D/Documents(30258): Update found 7 roots in 30ms
08-01 16:59:43.395 D/Launcher[Debug](31408): Start updating new install apps
08-01 16:59:43.395 I/Launcher(31408): Deferring update until onResume
08-01 16:59:43.435 I/PackageManager( 2249):   Action: "android.intent.action.SENDTO"
08-01 16:59:43.435 I/PackageManager( 2249):   Category: "android.intent.category.DEFAULT"
08-01 16:59:43.435 I/PackageManager( 2249):   Scheme: "sms"
08-01 16:59:43.480 I/PackageManager( 2249):   Action: "android.intent.action.SENDTO"
08-01 16:59:43.480 I/PackageManager( 2249):   Category: "android.intent.category.DEFAULT"
08-01 16:59:43.480 I/PackageManager( 2249):   Scheme: "smsto"
08-01 16:59:43.530 I/PackageManager( 2249):   Action: "android.intent.action.SENDTO"
08-01 16:59:43.530 I/PackageManager( 2249):   Category: "android.intent.category.DEFAULT"
08-01 16:59:43.530 I/PackageManager( 2249):   Scheme: "mms"
08-01 16:59:43.565 I/PackageManager( 2249):   Action: "android.intent.action.SENDTO"
08-01 16:59:43.565 I/PackageManager( 2249):   Category: "android.intent.category.DEFAULT"
08-01 16:59:43.565 I/PackageManager( 2249):   Scheme: "mmsto"
08-01 16:59:43.580 W/Launcher.Model(30174): Nobody to tell about the new app.  Launcher is probably loading.
08-01 16:59:43.625 D/AndroidRuntime(30256): Shutting down VM
08-01 16:59:43.640 I/PackageManager( 2249):   Action: "android.intent.action.SENDTO"
08-01 16:59:43.640 I/PackageManager( 2249):   Category: "android.intent.category.DEFAULT"
08-01 16:59:43.640 I/PackageManager( 2249):   Scheme: "sms"
08-01 16:59:43.690 I/PackageManager( 2249):   Action: "android.intent.action.SENDTO"
08-01 16:59:43.690 I/PackageManager( 2249):   Category: "android.intent.category.DEFAULT"
08-01 16:59:43.690 I/PackageManager( 2249):   Scheme: "smsto"
08-01 16:59:43.745 I/PackageManager( 2249):   Action: "android.intent.action.SENDTO"
08-01 16:59:43.745 I/PackageManager( 2249):   Category: "android.intent.category.DEFAULT"
08-01 16:59:43.745 I/PackageManager( 2249):   Scheme: "mms"
08-01 16:59:43.780 I/PackageManager( 2249):   Action: "android.intent.action.SENDTO"
08-01 16:59:43.780 I/PackageManager( 2249):   Category: "android.intent.category.DEFAULT"
08-01 16:59:43.780 I/PackageManager( 2249):   Scheme: "mmsto"
08-01 16:59:43.830 I/Launcher(31408): Deferring update until onResume
08-01 16:59:43.860 W/Searchables( 2249): No global search activity found
08-01 16:59:44.180 D/AndroidRuntime(30315): 
08-01 16:59:44.180 D/AndroidRuntime(30315): >>>>>> AndroidRuntime START com.android.internal.os.RuntimeInit <<<<<<
08-01 16:59:44.180 D/AndroidRuntime(30315): CheckJNI is OFF
08-01 16:59:44.195 D/dalvikvm(30315): Trying to load lib libjavacore.so 0x0
08-01 16:59:44.200 D/dalvikvm(30315): Added shared lib libjavacore.so 0x0
08-01 16:59:44.205 D/dalvikvm(30315): Trying to load lib libnativehelper.so 0x0
08-01 16:59:44.205 D/dalvikvm(30315): Added shared lib libnativehelper.so 0x0
08-01 16:59:44.205 D/dalvikvm(30315): No JNI_OnLoad found in libnativehelper.so 0x0, skipping init
08-01 16:59:44.230 E/cutils-trace(30315): Error opening trace file: No such file or directory (2)
08-01 16:59:44.240 D/dalvikvm(30315): Note: class Landroid/app/ActivityManagerNative; has 180 unimplemented (abstract) methods
08-01 16:59:44.395 E/memtrack(30315): Couldn't load memtrack module (No such file or directory)
08-01 16:59:44.395 E/android.os.Debug(30315): failed to load memtrack module: -2
08-01 16:59:44.465 D/AndroidRuntime(30315): Calling main entry com.android.commands.am.Am
08-01 16:59:44.485 D/[DateTime](31408): unregisterDateTimeReceivers
08-01 16:59:44.485 D/AndroidRuntime(30315): Shutting down VM
08-01 16:59:44.505 V/Zygote  (30326): Switching descriptor 32 to /dev/null
08-01 16:59:44.505 V/Zygote  (30326): Switching descriptor 10 to /dev/null
08-01 16:59:44.510 D/dalvikvm(30326): Late-enabling CheckJNI
08-01 16:59:44.555 I/dalvikvm(30326): Enabling JNI app bug workarounds for target SDK version 9...
08-01 16:59:44.570 V/PhoneStatusBar( 2354): setLightsOn(true)
08-01 16:59:44.590 D/ActivityThread(30326): handleBindApplication:com.mkapps.jumpoverheader
08-01 16:59:44.590 D/ActivityThread(30326): setTargetHeapUtilization:0.25
08-01 16:59:44.590 D/ActivityThread(30326): setTargetHeapMinFree:524288
08-01 16:59:44.615 D/dalvikvm(30326): Trying to load lib /data/app-lib/com.mkapps.jumpoverheader-1/libcocos2dcpp.so 0x41e3a300
08-01 16:59:44.635 D/dalvikvm(30326): Added shared lib /data/app-lib/com.mkapps.jumpoverheader-1/libcocos2dcpp.so 0x41e3a300
08-01 16:59:44.635 D/JniHelper(30326): JniHelper::setJavaVM(0x41714f68), pthread_self() = 1074991444
08-01 16:59:44.645 D/main    (30326): cocos_android_app_init
08-01 16:59:44.665 D/Cocos2dxActivity(30326): model=GT-I9100
08-01 16:59:44.665 D/Cocos2dxActivity(30326): product=GT-I9100
08-01 16:59:44.665 D/Cocos2dxActivity(30326): isEmulator=false
08-01 16:59:44.680 D/CocosPlayClient.cpp(30326): isEnabled = 0
08-01 16:59:44.680 D/CocosPlayClient.cpp(30326): isDemo = 0
08-01 16:59:44.680 D/CocosPlayClient.cpp(30326): isNotifyFileLoadedEnabled = 0
08-01 16:59:44.690 D/AppLockService(30672): appchanged  (com.microsoft.launcher>com.mkapps.jumpoverheader)
08-01 16:59:44.740 D/libEGL  (30326): loaded /system/lib/egl/libEGL_mali.so
08-01 16:59:44.745 D/libEGL  (30326): loaded /system/lib/egl/libGLESv1_CM_mali.so
08-01 16:59:44.755 D/libEGL  (30326): loaded /system/lib/egl/libGLESv2_mali.so
08-01 16:59:44.765 E/        (30326): Device driver API match
08-01 16:59:44.765 E/        (30326): Device driver API version: 23
08-01 16:59:44.765 E/        (30326): User space API version: 23 
08-01 16:59:44.765 E/        (30326): mali: REVISION=Linux-r3p2-01rel3 BUILD_DATE=Wed Oct  9 21:05:57 KST 2013 
08-01 16:59:44.790 I/ActivityManager( 2249): Displayed com.mkapps.jumpoverheader/org.cocos2dx.cpp.AppActivity: +301ms
08-01 16:59:44.805 D/lights  ( 2249): set_light_buttons: 2
08-01 16:59:44.815 D/cocos2d-x debug info(30326): 
08-01 16:59:44.815 D/cocos2d-x debug info(30326): {
08-01 16:59:44.815 D/cocos2d-x debug info(30326): 	gl.supports_vertex_array_object: false
08-01 16:59:44.815 D/cocos2d-x debug info(30326): 	gl.supports_BGRA8888: false
08-01 16:59:44.815 D/cocos2d-x debug info(30326): 	gl.supports_ATITC: false
08-01 16:59:44.815 D/cocos2d-x debug info(30326): 	gl.supports_S3TC: false
08-01 16:59:44.815 D/cocos2d-x debug info(30326): 	cocos2d.x.version: cocos2d-x 3.6
08-01 16:59:44.815 D/cocos2d-x debug info(30326): 	gl.supports_discard_framebuffer: true
08-01 16:59:44.815 D/cocos2d-x debug info(30326): 	cocos2d.x.compiled_with_profiler: false
08-01 16:59:44.815 D/cocos2d-x debug info(30326): 	gl.supports_PVRTC: false
08-01 16:59:44.815 D/cocos2d-x debug info(30326): 	cocos2d.x.build_type: DEBUG
08-01 16:59:44.815 D/cocos2d-x debug info(30326): 	gl.renderer: Mali-400 MP
08-01 16:59:44.815 D/cocos2d-x debug info(30326): 	gl.supports_ETC1: true
08-01 16:59:44.815 D/cocos2d-x debug info(30326): 	cocos2d.x.compiled_with_gl_state_cache: true
08-01 16:59:44.815 D/cocos2d-x debug info(30326): 	gl.version: OpenGL ES 2.0
08-01 16:59:44.815 D/cocos2d-x debug info(30326): 	gl.supports_NPOT: true
08-01 16:59:44.815 D/cocos2d-x debug info(30326): 	gl.max_texture_units: 8
08-01 16:59:44.815 D/cocos2d-x debug info(30326): 	gl.vendor: ARM
08-01 16:59:44.815 D/cocos2d-x debug info(30326): 	gl.max_texture_size: 4096
08-01 16:59:44.815 D/cocos2d-x debug info(30326): }
08-01 16:59:44.815 D/cocos2d-x debug info(30326): 
08-01 16:59:44.815 D/cocos2d-x debug info(30326): 
08-01 16:59:44.830 I/Timeline(30326): Timeline: Activity_idle id: android.os.BinderProxy@41e311e8 time:121082622
08-01 16:59:44.910 I/Timeline( 2249): Timeline: Activity_windows_visible id: ActivityRecord{41ec8278 u0 com.mkapps.jumpoverheader/org.cocos2dx.cpp.AppActivity t496} time:121082703
08-01 16:59:45.030 D/cocos2d-x debug info(30326): create rendererRecreatedListener for GLProgramState
08-01 16:59:46.095 D/cocos2d-x debug info(30326): create rendererRecreatedListener for GLProgramState
08-01 16:59:46.350 V/Zygote  (30349): Switching descriptor 32 to /dev/null
08-01 16:59:46.350 V/Zygote  (30349): Switching descriptor 10 to /dev/null
08-01 16:59:46.385 D/ActivityThread(30349): handleBindApplication:com.google.android.partnersetup
08-01 16:59:46.390 D/ActivityThread(30349): setTargetHeapUtilization:0.25
08-01 16:59:46.390 D/ActivityThread(30349): setTargetHeapMinFree:524288
08-01 16:59:46.440 V/Zygote  (30366): Switching descriptor 32 to /dev/null
08-01 16:59:46.440 V/Zygote  (30366): Switching descriptor 10 to /dev/null
08-01 16:59:46.480 D/ActivityThread(30366): handleBindApplication:com.svox.pico
08-01 16:59:46.480 D/ActivityThread(30366): setTargetHeapUtilization:0.25
08-01 16:59:46.480 D/ActivityThread(30366): setTargetHeapMinFree:524288
08-01 16:59:46.545 D/ChimeraCfgMgr(31500): Loading module com.google.android.gms.games from APK com.google.android.gms
08-01 16:59:46.545 D/PackageBroadcastService(31500): Received broadcast action=android.intent.action.PACKAGE_ADDED and uri=com.mkapps.jumpoverheader
08-01 16:59:46.545 D/ChimeraCfgMgr(31500): Loading module com.google.android.gms.vision from APK com.google.android.gms
08-01 16:59:46.545 D/Vision  (31500): Received broadcast Intent { act=android.intent.action.PACKAGE_ADDED dat=package:com.mkapps.jumpoverheader flg=0x4000010 cmp=com.google.android.gms/.vision.DependencyBroadcastReceiverProxy (has extras) }
08-01 16:59:46.550 D/Vision  (31500): No vision deps
08-01 16:59:46.560 I/ConfigFetchService(31500): onStartCommand Intent { act=android.intent.action.PACKAGE_ADDED dat=package:com.mkapps.jumpoverheader cmp=com.google.android.gms/.config.ConfigFetchService (has extras) }
08-01 16:59:46.560 I/ConfigService(19079): onCreate
08-01 16:59:46.570 I/ConfigFetchService(31500): launchTask
08-01 16:59:46.595 I/PeopleContactsSync(31500): CP2 sync disabled
08-01 16:59:46.605 I/ConfigFetchService(31500): service connected
08-01 16:59:46.610 D/ConfigFetchService(31500): ConfigApi connection successful.
08-01 16:59:46.615 V/ConfigFetchTask(31500): ConfigFetchTask getDeviceDataVersionInfo(): ABFEt1VPbL2lv9TlGkpti2U7qgt_khF8I2vdcLp4TbIC3fEcbYC2YNI8uM3WUrsnUsMY3JNCo_hDUmyNLew7zHlyoHa0pGgJIIy3D1mn7gHjDIiQv896B8aTgLIS6YdAAHPBWpxJ6UP2rLwILZlmC0wcmNWkg6zUraofGWM1qd9lTn8VDsRRXYFKMyyePh5fP7-LPcoaucPIXfliF6dAmLdN9-hQ2RJtWa0RLw61Nwd9VyqSgfY5r1ZsUwZzQwoOR6c6mxJbSSoi_dA3Mx09k_pHORsF6wtAlZWubI9FamkzkO7mZaL4Udg
08-01 16:59:46.620 I/GoogleURLConnFactory(31500): Using platform SSLCertificateSocketFactory
08-01 16:59:46.955 D/lights  ( 2249): set_light_buttons: 1
08-01 16:59:46.990 I/ConfigFetchService(31500): fetch service done; releasing wakelock
08-01 16:59:47.000 I/ConfigFetchService(31500): stopping self
08-01 16:59:47.050 D/cocos2d-x debug info(30326): Node warning: setPhysicsBody sets anchor point to Vec2::ANCHOR_MIDDLE.
08-01 16:59:47.595 D/cocos2d-x debug info(30326): create rendererRecreatedListener for GLProgramState
08-01 16:59:52.010 I/ConfigService(19079): onDestroy
08-01 17:00:01.005 V/Zygote  (30393): Switching descriptor 32 to /dev/null
08-01 17:00:01.005 V/Zygote  (30393): Switching descriptor 10 to /dev/null
08-01 17:00:01.035 D/AppLockService(30672): appchanged  (com.mkapps.jumpoverheader>com.android.systemui)
08-01 17:00:01.070 D/ActivityThread(30393): handleBindApplication:com.android.deskclock
08-01 17:00:01.070 D/ActivityThread(30393): setTargetHeapUtilization:0.25
08-01 17:00:01.070 D/ActivityThread(30393): setTargetHeapMinFree:524288
08-01 17:00:01.210 I/Timeline( 2354): Timeline: Activity_idle id: android.os.BinderProxy@42220fc8 time:121099000
08-01 17:00:01.220 I/ActivityManager( 2249): Displayed com.android.systemui/.recent.RecentsActivity: +202ms
08-01 17:00:01.495 I/Timeline( 2249): Timeline: Activity_windows_visible id: ActivityRecord{42193800 u0 com.android.systemui/.recent.RecentsActivity t497} time:121099286
08-01 17:00:01.615 W/ChildProcessConnection(27447): onServiceDisconnected (crash or killed by oom): pid=27982
08-01 17:00:01.615 E/chromium(27447): [ERROR:render_widget_host_view_android.cc(172)] Context lost.
08-01 17:00:01.645 I/chromium(27447): [INFO:compositor_view.cc(283)] Child process disconnected (type=9) pid=27982)
08-01 17:00:01.660 V/Zygote  (30412): Switching descriptor 32 to /dev/null
08-01 17:00:01.660 V/Zygote  (30412): Switching descriptor 10 to /dev/null
08-01 17:00:01.715 D/ActivityThread(30412): handleBindApplication:com.android.chrome:privileged_process1
08-01 17:00:01.715 D/ActivityThread(30412): setTargetHeapUtilization:0.25
08-01 17:00:01.715 D/ActivityThread(30412): setTargetHeapMinFree:524288
08-01 17:00:01.830 I/ChildProcessService(30412): Creating new ChildProcessService pid=30412
08-01 17:00:01.840 D/dalvikvm(30412): Trying to load lib /data/app-lib/com.android.chrome-2/libchromium_android_linker.so 0x41e3dcb8
