08-01 16:55:51.750 W/View    ( 2354): requestLayout() improperly called by android.widget.TextClock{4209a158 V.ED.... ......ID 0,0-53,129 #7f0b0013 app:id/clock1_regular} during layout: running second layout pass
08-01 16:55:51.750 W/View    ( 2354): requestLayout() improperly called by android.widget.TextClock{42130638 V.ED.... ......ID 53,0-176,129 #7f0b0014 app:id/clock2_regular} during layout: running second layout pass
08-01 16:55:51.750 W/View    ( 2354): requestLayout() improperly called by android.widget.TextClock{422c51a0 V.ED.... ......ID 69,1-175,26 #7f0b0018 app:id/date_bold} during layout: running second layout pass
08-01 16:55:51.750 W/View    ( 2354): requestLayout() improperly called by android.widget.TextView{4206eb50 V.ED.... ......ID 217,1-311,26 #7f0b001b app:id/nextAlarm_bold} during layout: running second layout pass
08-01 16:55:51.750 W/View    ( 2354): requestLayout() improperly called by android.widget.TextView{421b19c0 V.ED.... ......ID 77,6-133,35 #7f0b0021 app:id/weather_city} during layout: running second layout pass
08-01 16:55:51.750 W/View    ( 2354): requestLayout() improperly called by android.widget.TextView{4226a9e0 V.ED.... ......ID 64,35-133,60 #7f0b0027 app:id/weather_condition} during layout: running second layout pass
08-01 16:55:51.750 W/View    ( 2354): requestLayout() improperly called by android.widget.TextView{422c0100 V.ED.... ......ID 66,60-133,75 #7f0b0022 app:id/update_time} during layout: running second layout pass
08-01 16:55:51.750 W/View    ( 2354): requestLayout() improperly called by android.widget.TextView{422f6038 V.ED.... ......ID 2,0-64,41 #7f0b0024 app:id/weather_temp} during layout: running second layout pass
08-01 16:55:51.750 W/View    ( 2354): requestLayout() improperly called by android.widget.TextView{4233b760 V.ED.... ......ID 0,43-66,71 #7f0b0026 app:id/weather_low_high} during layout: running second layout pass
08-01 16:55:51.825 D/PhoneStatusBar( 2354): disable: < EXPAND* icons alerts TICKER* system_info BACK* HOME* RECENT* CLOCK* SEARCH* >
08-01 16:55:54.320 D/Yamaha-MC1N2-Audio( 1846): yamaha_mc1n2_audio_output_stop()
08-01 16:55:54.320 D/Yamaha-MC1N2-Audio( 1846): yamaha_mc1n2_audio_route_start()
08-01 16:55:57.300 D/lights  ( 2249): set_light_buttons: 1
08-01 16:55:57.535 D/TinyALSA-Audio Hardware( 1846): audio_hw_set_parameters(0x400b1938, screen_state=on)++
08-01 16:55:57.535 D/TinyALSA-Audio Hardware( 1846): audio_hw_set_parameters(0x400b1938, screen_state=on)-- (PARAMETER ERROR)
08-01 16:55:57.535 E/audio_a2dp_hw( 1846): adev_set_parameters: ERROR: set param called even when stream out is null
08-01 16:55:57.545 I/AppLockService(30672): Screen ON
08-01 16:55:57.550 D/AppLockService(30672): Scheduling alarm (interval=150)
08-01 16:55:57.550 D/AppLockService(30672): appchanged  (>com.mkapps.jumpoverheader)
08-01 16:55:57.605 D/PowerManagerService-JNI( 2249): Excessive delay in autosuspend_disable() while turning screen on: 193ms
08-01 16:55:57.605 D/SurfaceFlinger( 1843): Screen acquired, type=0 flinger=0x40c60450
08-01 16:55:59.235 D/AudioPolicyManagerBase( 1846): getOutput() device 2, stream 1, samplingRate 0, format 0, channelMask 3, flags 0
08-01 16:55:59.235 D/AudioPolicyManagerBase( 1846): getOutput() returns output 2
08-01 16:55:59.235 D/AudioPolicyManagerBase( 1846): getOutput() device 2, stream 1, samplingRate 0, format 0, channelMask 3, flags 0
08-01 16:55:59.235 D/AudioPolicyManagerBase( 1846): getOutput() returns output 2
08-01 16:55:59.235 D/AudioPolicyManagerBase( 1846): getOutput() device 2, stream 1, samplingRate 44100, format 1, channelMask 3, flags 4
08-01 16:55:59.235 D/AudioPolicyManagerBase( 1846): getOutput() returns output 2
08-01 16:55:59.235 D/AudioFlinger( 1846): start(4099), calling pid 2354 session 2486
08-01 16:55:59.235 D/AudioFlinger( 1846): ? => ACTIVE (4099) on thread 0x43282010
08-01 16:55:59.235 D/AudioPolicyManagerBase( 1846): startOutput() output 2, stream 1, session 2486
08-01 16:55:59.240 D/Yamaha-MC1N2-Audio( 1846): yamaha_mc1n2_audio_output_start()
08-01 16:55:59.240 D/Yamaha-MC1N2-Audio( 1846): yamaha_mc1n2_audio_route_start()
08-01 16:55:59.240 D/Yamaha-MC1N2-Audio( 1846): (yamaha_mc1n2_audio_params_route_find): device = 2, direction = 0
08-01 16:55:59.295 I/Timeline(29121): Timeline: Activity_idle id: android.os.BinderProxy@41e99d48 time:120857085
08-01 16:55:59.335 D/PhoneStatusBar( 2354): disable: < expand* icons alerts ticker* system_info back* home* recent* clock* search* >
08-01 16:55:59.340 V/PhoneStatusBar( 2354): setLightsOn(true)
08-01 16:56:02.395 D/Yamaha-MC1N2-Audio( 1846): yamaha_mc1n2_audio_output_stop()
08-01 16:56:02.395 D/Yamaha-MC1N2-Audio( 1846): yamaha_mc1n2_audio_route_start()
08-01 16:56:02.945 D/AndroidRuntime(29568): 
08-01 16:56:02.945 D/AndroidRuntime(29568): >>>>>> AndroidRuntime START com.android.internal.os.RuntimeInit <<<<<<
08-01 16:56:02.950 D/AndroidRuntime(29568): CheckJNI is OFF
08-01 16:56:02.990 D/dalvikvm(29568): Trying to load lib libjavacore.so 0x0
08-01 16:56:02.995 D/dalvikvm(29568): Added shared lib libjavacore.so 0x0
08-01 16:56:03.000 D/dalvikvm(29568): Trying to load lib libnativehelper.so 0x0
08-01 16:56:03.000 D/dalvikvm(29568): Added shared lib libnativehelper.so 0x0
08-01 16:56:03.000 D/dalvikvm(29568): No JNI_OnLoad found in libnativehelper.so 0x0, skipping init
08-01 16:56:03.025 E/cutils-trace(29568): Error opening trace file: No such file or directory (2)
08-01 16:56:03.085 D/dalvikvm(29568): Note: class Landroid/app/ActivityManagerNative; has 180 unimplemented (abstract) methods
08-01 16:56:03.280 E/memtrack(29568): Couldn't load memtrack module (No such file or directory)
08-01 16:56:03.280 E/android.os.Debug(29568): failed to load memtrack module: -2
08-01 16:56:03.360 D/AndroidRuntime(29568): Calling main entry com.android.commands.pm.Pm
08-01 16:56:03.410 D/AppLockService(30672): appchanged  (com.mkapps.jumpoverheader>com.microsoft.launcher)
08-01 16:56:03.415 D/[DateTime](31408): registerDateTimeReceivers
08-01 16:56:03.625 W/GeofencerStateMachine(19018): Ignoring removeGeofence because network location is disabled.
08-01 16:56:03.740 I/LatinIME:LogUtils(30657): Dictionary info: dictionary = ? ; version = 26 ; date = 1351062238
08-01 16:56:03.780 I/InputReader( 2249): Reconfiguring input devices.  changes=0x00000010
08-01 16:56:03.780 W/CursorWrapperInner(29030): Cursor finalized without prior close()
08-01 16:56:03.805 I/PackageManager( 2249):   Action: "android.intent.action.SENDTO"
08-01 16:56:03.805 I/PackageManager( 2249):   Category: "android.intent.category.DEFAULT"
08-01 16:56:03.805 I/PackageManager( 2249):   Scheme: "sms"
08-01 16:56:03.895 I/PackageManager( 2249):   Action: "android.intent.action.SENDTO"
08-01 16:56:03.895 I/PackageManager( 2249):   Category: "android.intent.category.DEFAULT"
08-01 16:56:03.895 I/PackageManager( 2249):   Scheme: "smsto"
08-01 16:56:03.960 I/PackageManager( 2249):   Action: "android.intent.action.SENDTO"
08-01 16:56:03.960 I/PackageManager( 2249):   Category: "android.intent.category.DEFAULT"
08-01 16:56:03.960 I/PackageManager( 2249):   Scheme: "mms"
08-01 16:56:04.010 I/PackageManager( 2249):   Action: "android.intent.action.SENDTO"
08-01 16:56:04.010 I/PackageManager( 2249):   Category: "android.intent.category.DEFAULT"
08-01 16:56:04.010 I/PackageManager( 2249):   Scheme: "mmsto"
08-01 16:56:04.075 I/PackageManager( 2249):   Action: "android.intent.action.SENDTO"
08-01 16:56:04.075 I/PackageManager( 2249):   Category: "android.intent.category.DEFAULT"
08-01 16:56:04.075 I/PackageManager( 2249):   Scheme: "sms"
08-01 16:56:04.125 I/PackageManager( 2249):   Action: "android.intent.action.SENDTO"
08-01 16:56:04.125 I/PackageManager( 2249):   Category: "android.intent.category.DEFAULT"
08-01 16:56:04.125 I/PackageManager( 2249):   Scheme: "smsto"
08-01 16:56:04.165 I/PackageManager( 2249):   Action: "android.intent.action.SENDTO"
08-01 16:56:04.165 I/PackageManager( 2249):   Category: "android.intent.category.DEFAULT"
08-01 16:56:04.165 I/PackageManager( 2249):   Scheme: "mms"
08-01 16:56:04.205 I/PackageManager( 2249):   Action: "android.intent.action.SENDTO"
08-01 16:56:04.205 I/PackageManager( 2249):   Category: "android.intent.category.DEFAULT"
08-01 16:56:04.205 I/PackageManager( 2249):   Scheme: "mmsto"
08-01 16:56:04.290 D/VoicemailCleanupService(23755): Cleaning up data for package: com.mkapps.jumpoverheader
08-01 16:56:04.350 V/Zygote  (29594): Switching descriptor 32 to /dev/null
08-01 16:56:04.350 V/Zygote  (29594): Switching descriptor 10 to /dev/null
08-01 16:56:04.425 I/Launcher(31408): Deferring update until onResume
08-01 16:56:04.425 W/Binder  (30657): Caught a RuntimeException from the binder stub implementation.
08-01 16:56:04.425 W/Binder  (30657): java.lang.NullPointerException
08-01 16:56:04.425 W/Binder  (30657): 	at android.inputmethodservice.IInputMethodWrapper.setSessionEnabled(IInputMethodWrapper.java:280)
08-01 16:56:04.425 W/Binder  (30657): 	at com.android.internal.view.IInputMethod$Stub.onTransact(IInputMethod.java:129)
08-01 16:56:04.425 W/Binder  (30657): 	at android.os.Binder.execTransact(Binder.java:404)
08-01 16:56:04.425 W/Binder  (30657): 	at dalvik.system.NativeStart.run(Native Method)
08-01 16:56:04.475 W/Searchables( 2249): No global search activity found
08-01 16:56:04.475 D/ActivityThread(29594): handleBindApplication:com.cyanogenmod.trebuchet
08-01 16:56:04.475 D/ActivityThread(29594): setTargetHeapUtilization:0.25
08-01 16:56:04.475 D/ActivityThread(29594): setTargetHeapMinFree:524288
08-01 16:56:04.500 I/Launcher(31408): Deferring update until onResume
08-01 16:56:04.500 I/Timeline(31408): Timeline: Activity_idle id: android.os.BinderProxy@422db5a0 time:120862293
08-01 16:56:04.520 D/AndroidRuntime(29568): Shutting down VM
08-01 16:56:04.585 D/Launcher.LauncherProvider(29594): 11683562 - initializeMaxScreenId(): 2
08-01 16:56:04.585 V/Launcher(29594): LauncherAppState inited
08-01 16:56:04.615 W/Launcher(29594): setApplicationContext called twice! old=com.android.launcher3.LauncherApplication@41ea9558 new=com.android.launcher3.LauncherApplication@41ea9558
08-01 16:56:04.660 V/Zygote  (29612): Switching descriptor 32 to /dev/null
08-01 16:56:04.660 V/Zygote  (29612): Switching descriptor 10 to /dev/null
08-01 16:56:04.680 I/Timeline( 2249): Timeline: Activity_windows_visible id: ActivityRecord{41ecb618 u0 com.microsoft.launcher/.Launcher t63} time:120862472
08-01 16:56:04.710 D/ActivityThread(29612): handleBindApplication:com.android.keychain
08-01 16:56:04.710 D/ActivityThread(29612): setTargetHeapUtilization:0.25
08-01 16:56:04.710 D/ActivityThread(29612): setTargetHeapMinFree:524288
08-01 16:56:04.750 D/lights  ( 2249): set_light_buttons: 2
08-01 16:56:04.815 E/NetworkScheduler.SchedulerReceiver(19079): Invalid parameter app
08-01 16:56:04.815 E/NetworkScheduler.SchedulerReceiver(19079): Invalid package name : Perhaps you didn't include a PendingIntent in the extras?
08-01 16:56:04.870 D/PackageBroadcastService(31500): Received broadcast action=android.intent.action.PACKAGE_REMOVED and uri=com.mkapps.jumpoverheader
08-01 16:56:04.880 D/AccountUtils(31500): Clearing selected account for com.mkapps.jumpoverheader
08-01 16:56:04.880 D/ChimeraCfgMgr(31500): Loading module com.google.android.gms.games from APK com.google.android.gms
08-01 16:56:04.930 I/LocationSettingsChecker(31500): Removing dialog suppression flag for package com.mkapps.jumpoverheader
08-01 16:56:04.990 I/ConfigService(19079): onCreate
08-01 16:56:04.995 I/ConfigFetchService(31500): onStartCommand Intent { act=android.intent.action.PACKAGE_REMOVED dat=package:com.mkapps.jumpoverheader cmp=com.google.android.gms/.config.ConfigFetchService (has extras) }
08-01 16:56:05.050 D/GOOGLEHELP_CompatibleDatabase(31500): Open SQLiteDatabase: /data/data/com.google.android.gms/databases/metrics.db, release reference: 1
08-01 16:56:05.050 D/GOOGLEHELP_CompatibleDatabase(31500): Acquire reference of SQLiteDatabase: /data/data/com.google.android.gms/databases/metrics.db: 2
08-01 16:56:05.065 D/gH_MetricsDatabase(31500): 0 metrics were deleted when clearing package com.mkapps.jumpoverheader.
08-01 16:56:05.065 D/GOOGLEHELP_CompatibleDatabase(31500): Release reference of SQLiteDatabase: /data/data/com.google.android.gms/databases/metrics.db: 1
08-01 16:56:05.110 I/PeopleContactsSync(31500): CP2 sync disabled
08-01 16:56:05.110 D/GOOGLEHELP_CompatibleDatabase(31500): Open SQLiteDatabase: /data/data/com.google.android.gms/databases/help_responses.db, release reference: 1
08-01 16:56:05.110 D/GOOGLEHELP_CompatibleDatabase(31500): Acquire reference of SQLiteDatabase: /data/data/com.google.android.gms/databases/help_responses.db: 2
08-01 16:56:05.120 D/GOOGLEHELP_CompatibleDatabase(31500): Release reference of SQLiteDatabase: /data/data/com.google.android.gms/databases/help_responses.db: 1
08-01 16:56:05.135 D/GOOGLEHELP_CompatibleDatabase(31500): Open SQLiteDatabase: /data/data/com.google.android.gms/databases/auto_complete_suggestions.db, release reference: 1
08-01 16:56:05.135 D/GOOGLEHELP_CompatibleDatabase(31500): Acquire reference of SQLiteDatabase: /data/data/com.google.android.gms/databases/auto_complete_suggestions.db: 2
08-01 16:56:05.145 D/GOOGLEHELP_CompatibleDatabase(31500): Release reference of SQLiteDatabase: /data/data/com.google.android.gms/databases/auto_complete_suggestions.db: 1
08-01 16:56:05.150 D/GOOGLEHELP_CompatibleDatabase(31500): Close SQLiteDatabase: /data/data/com.google.android.gms/databases/metrics.db, release reference: 0
08-01 16:56:05.155 D/GOOGLEHELP_CompatibleDatabase(31500): Close SQLiteDatabase: /data/data/com.google.android.gms/databases/help_responses.db, release reference: 0
08-01 16:56:05.155 D/GOOGLEHELP_CompatibleDatabase(31500): Close SQLiteDatabase: /data/data/com.google.android.gms/databases/auto_complete_suggestions.db, release reference: 0
08-01 16:56:05.230 I/Icing   (31500): doRemovePackageData com.mkapps.jumpoverheader
08-01 16:56:05.405 V/Zygote  (29679): Switching descriptor 32 to /dev/null
08-01 16:56:05.405 V/Zygote  (29679): Switching descriptor 10 to /dev/null
08-01 16:56:05.435 D/ActivityThread(29679): handleBindApplication:com.android.documentsui
08-01 16:56:05.435 D/ActivityThread(29679): setTargetHeapUtilization:0.25
08-01 16:56:05.435 D/ActivityThread(29679): setTargetHeapMinFree:524288
08-01 16:56:05.500 D/Documents(29679): Loading roots for com.android.providers.downloads.documents
08-01 16:56:05.545 D/AndroidRuntime(29667): 
08-01 16:56:05.545 D/AndroidRuntime(29667): >>>>>> AndroidRuntime START com.android.internal.os.RuntimeInit <<<<<<
08-01 16:56:05.550 D/AndroidRuntime(29667): CheckJNI is OFF
08-01 16:56:05.555 D/Documents(29679): Loading roots for com.android.externalstorage.documents
08-01 16:56:05.565 V/Zygote  (29693): Switching descriptor 32 to /dev/null
08-01 16:56:05.565 V/Zygote  (29693): Switching descriptor 10 to /dev/null
08-01 16:56:05.570 D/dalvikvm(29667): Trying to load lib libjavacore.so 0x0
08-01 16:56:05.575 D/dalvikvm(29667): Added shared lib libjavacore.so 0x0
08-01 16:56:05.580 D/dalvikvm(29667): Trying to load lib libnativehelper.so 0x0
08-01 16:56:05.580 D/dalvikvm(29667): Added shared lib libnativehelper.so 0x0
08-01 16:56:05.580 D/dalvikvm(29667): No JNI_OnLoad found in libnativehelper.so 0x0, skipping init
08-01 16:56:05.605 E/cutils-trace(29667): Error opening trace file: No such file or directory (2)
08-01 16:56:05.615 D/ActivityThread(29693): handleBindApplication:com.android.externalstorage
08-01 16:56:05.615 D/ActivityThread(29693): setTargetHeapUtilization:0.25
08-01 16:56:05.615 D/ActivityThread(29693): setTargetHeapMinFree:524288
08-01 16:56:05.620 D/dalvikvm(29667): Note: class Landroid/app/ActivityManagerNative; has 180 unimplemented (abstract) methods
08-01 16:56:05.650 D/ExternalStorage(29693): After updating volumes, found 2 active roots
08-01 16:56:05.655 D/Documents(29679): Updating roots due to change at content://com.android.externalstorage.documents/root
08-01 16:56:05.665 D/Documents(29679): Loading roots for com.android.providers.media.documents
08-01 16:56:05.685 D/Documents(29679): Update found 7 roots in 204ms
08-01 16:56:05.695 D/Documents(29679): Used cached roots for com.android.providers.downloads.documents
08-01 16:56:05.695 D/Documents(29679): Loading roots for com.android.externalstorage.documents
08-01 16:56:05.700 D/Documents(29679): Used cached roots for com.android.providers.media.documents
08-01 16:56:05.700 D/Documents(29679): Update found 7 roots in 6ms
08-01 16:56:05.785 E/memtrack(29667): Couldn't load memtrack module (No such file or directory)
08-01 16:56:05.785 E/android.os.Debug(29667): failed to load memtrack module: -2
08-01 16:56:05.850 D/AndroidRuntime(29667): Calling main entry com.android.commands.pm.Pm
08-01 16:56:05.890 D/Finsky  (27829): [1] PackageVerificationReceiver.onReceive: Verification requested, id = 119
08-01 16:56:05.905 D/Finsky  (27829): [1] WorkerTask.onPreExecute: Verification Requested for id = 119, data=file:///data/local/tmp/JumpOverHeader-debug.apk flags=112 fromVerificationActivity=false
08-01 16:56:07.300 I/qtaguid (27829): Failed write_ctrl(u 65) res=-1 errno=22
08-01 16:56:07.300 I/qtaguid (27829): Untagging socket 65 failed errno=-22
08-01 16:56:07.300 W/NetworkManagementSocketTagger(27829): untagSocket(65) failed with errno -22
08-01 16:56:07.320 D/Finsky  (27829): [1] 1.onResponse: Verification id=119 response=0
08-01 16:56:07.340 D/Finsky  (27829): [1] PackageVerificationReceiver.onReceive: Verification requested, id = 119
08-01 16:56:07.455 I/wpa_supplicant(11151): wlan0: CTRL-EVENT-SCAN-STARTED 
08-01 16:56:09.090 I/Choreographer( 2354): Skipped 30 frames!  The application may be doing too much work on its main thread.
08-01 16:56:09.190 I/PackageManager( 2249): Running dexopt on: com.mkapps.jumpoverheader
08-01 16:56:09.355 D/dalvikvm(29722): DexOpt: load 60ms, verify+opt 53ms, 589492 bytes
08-01 16:56:09.765 I/InputReader( 2249): Reconfiguring input devices.  changes=0x00000010
08-01 16:56:09.775 I/PackageManager( 2249):   Action: "android.intent.action.SENDTO"
08-01 16:56:09.775 I/PackageManager( 2249):   Category: "android.intent.category.DEFAULT"
08-01 16:56:09.775 I/PackageManager( 2249):   Scheme: "sms"
08-01 16:56:09.820 I/PackageManager( 2249):   Action: "android.intent.action.SENDTO"
08-01 16:56:09.820 I/PackageManager( 2249):   Category: "android.intent.category.DEFAULT"
08-01 16:56:09.820 I/PackageManager( 2249):   Scheme: "smsto"
08-01 16:56:09.840 D/Documents(29679): Used cached roots for com.android.providers.downloads.documents
08-01 16:56:09.840 D/Documents(29679): Used cached roots for com.android.externalstorage.documents
08-01 16:56:09.840 D/Documents(29679): Used cached roots for com.android.providers.media.documents
08-01 16:56:09.840 D/Documents(29679): Update found 7 roots in 67ms
08-01 16:56:09.860 I/PackageManager( 2249):   Action: "android.intent.action.SENDTO"
08-01 16:56:09.860 I/PackageManager( 2249):   Category: "android.intent.category.DEFAULT"
08-01 16:56:09.860 I/PackageManager( 2249):   Scheme: "mms"
08-01 16:56:09.865 D/Launcher[Debug](31408): Start updating new install apps
08-01 16:56:09.865 I/Launcher(31408): Deferring update until onResume
08-01 16:56:09.950 I/PackageManager( 2249):   Action: "android.intent.action.SENDTO"
08-01 16:56:09.950 I/PackageManager( 2249):   Category: "android.intent.category.DEFAULT"
08-01 16:56:09.950 I/PackageManager( 2249):   Scheme: "mmsto"
08-01 16:56:09.955 I/Launcher(31408): Deferring update until onResume
08-01 16:56:09.990 D/AndroidRuntime(29667): Shutting down VM
08-01 16:56:10.005 I/PackageManager( 2249):   Action: "android.intent.action.SENDTO"
08-01 16:56:10.005 I/PackageManager( 2249):   Category: "android.intent.category.DEFAULT"
08-01 16:56:10.005 I/PackageManager( 2249):   Scheme: "sms"
08-01 16:56:10.040 I/PackageManager( 2249):   Action: "android.intent.action.SENDTO"
08-01 16:56:10.040 I/PackageManager( 2249):   Category: "android.intent.category.DEFAULT"
08-01 16:56:10.040 I/PackageManager( 2249):   Scheme: "smsto"
08-01 16:56:10.045 I/ConfigService(19079): onDestroy
08-01 16:56:10.075 I/PackageManager( 2249):   Action: "android.intent.action.SENDTO"
08-01 16:56:10.075 I/PackageManager( 2249):   Category: "android.intent.category.DEFAULT"
08-01 16:56:10.075 I/PackageManager( 2249):   Scheme: "mms"
08-01 16:56:10.075 W/Launcher.Model(29594): Nobody to tell about the new app.  Launcher is probably loading.
08-01 16:56:10.100 I/PackageManager( 2249):   Action: "android.intent.action.SENDTO"
08-01 16:56:10.100 I/PackageManager( 2249):   Category: "android.intent.category.DEFAULT"
08-01 16:56:10.100 I/PackageManager( 2249):   Scheme: "mmsto"
08-01 16:56:10.180 W/Searchables( 2249): No global search activity found
08-01 16:56:10.540 D/AndroidRuntime(29728): 
08-01 16:56:10.540 D/AndroidRuntime(29728): >>>>>> AndroidRuntime START com.android.internal.os.RuntimeInit <<<<<<
08-01 16:56:10.540 D/AndroidRuntime(29728): CheckJNI is OFF
08-01 16:56:10.560 D/dalvikvm(29728): Trying to load lib libjavacore.so 0x0
08-01 16:56:10.560 D/dalvikvm(29728): Added shared lib libjavacore.so 0x0
08-01 16:56:10.565 D/dalvikvm(29728): Trying to load lib libnativehelper.so 0x0
08-01 16:56:10.565 D/dalvikvm(29728): Added shared lib libnativehelper.so 0x0
08-01 16:56:10.565 D/dalvikvm(29728): No JNI_OnLoad found in libnativehelper.so 0x0, skipping init
08-01 16:56:10.595 E/cutils-trace(29728): Error opening trace file: No such file or directory (2)
08-01 16:56:10.605 D/dalvikvm(29728): Note: class Landroid/app/ActivityManagerNative; has 180 unimplemented (abstract) methods
08-01 16:56:10.760 E/memtrack(29728): Couldn't load memtrack module (No such file or directory)
08-01 16:56:10.760 E/android.os.Debug(29728): failed to load memtrack module: -2
08-01 16:56:10.850 D/AndroidRuntime(29728): Calling main entry com.android.commands.am.Am
08-01 16:56:10.875 D/[DateTime](31408): unregisterDateTimeReceivers
08-01 16:56:10.895 D/AndroidRuntime(29728): Shutting down VM
08-01 16:56:10.900 V/Zygote  (29739): Switching descriptor 32 to /dev/null
08-01 16:56:10.900 V/Zygote  (29739): Switching descriptor 10 to /dev/null
08-01 16:56:10.905 D/dalvikvm(29739): Late-enabling CheckJNI
08-01 16:56:10.940 I/dalvikvm(29739): Enabling JNI app bug workarounds for target SDK version 9...
08-01 16:56:10.960 V/PhoneStatusBar( 2354): setLightsOn(true)
08-01 16:56:10.965 D/ActivityThread(29739): handleBindApplication:com.mkapps.jumpoverheader
08-01 16:56:10.965 D/ActivityThread(29739): setTargetHeapUtilization:0.25
08-01 16:56:10.965 D/ActivityThread(29739): setTargetHeapMinFree:524288
08-01 16:56:10.990 D/dalvikvm(29739): Trying to load lib /data/app-lib/com.mkapps.jumpoverheader-1/libcocos2dcpp.so 0x41eac170
08-01 16:56:11.015 D/dalvikvm(29739): Added shared lib /data/app-lib/com.mkapps.jumpoverheader-1/libcocos2dcpp.so 0x41eac170
08-01 16:56:11.015 D/JniHelper(29739): JniHelper::setJavaVM(0x41714f68), pthread_self() = 1074991444
08-01 16:56:11.045 D/main    (29739): cocos_android_app_init
08-01 16:56:11.050 D/AppLockService(30672): appchanged  (com.microsoft.launcher>com.mkapps.jumpoverheader)
08-01 16:56:11.070 D/Cocos2dxActivity(29739): model=GT-I9100
08-01 16:56:11.070 D/Cocos2dxActivity(29739): product=GT-I9100
08-01 16:56:11.070 D/Cocos2dxActivity(29739): isEmulator=false
08-01 16:56:11.090 D/CocosPlayClient.cpp(29739): isEnabled = 0
08-01 16:56:11.090 D/CocosPlayClient.cpp(29739): isDemo = 0
08-01 16:56:11.090 D/CocosPlayClient.cpp(29739): isNotifyFileLoadedEnabled = 0
08-01 16:56:11.195 D/libEGL  (29739): loaded /system/lib/egl/libEGL_mali.so
08-01 16:56:11.210 D/libEGL  (29739): loaded /system/lib/egl/libGLESv1_CM_mali.so
08-01 16:56:11.215 D/libEGL  (29739): loaded /system/lib/egl/libGLESv2_mali.so
08-01 16:56:11.225 I/ActivityManager( 2249): Displayed com.mkapps.jumpoverheader/org.cocos2dx.cpp.AppActivity: +329ms
08-01 16:56:11.245 E/        (29739): Device driver API match
08-01 16:56:11.245 E/        (29739): Device driver API version: 23
08-01 16:56:11.245 E/        (29739): User space API version: 23 
08-01 16:56:11.245 E/        (29739): mali: REVISION=Linux-r3p2-01rel3 BUILD_DATE=Wed Oct  9 21:05:57 KST 2013 
08-01 16:56:11.255 I/Timeline(29739): Timeline: Activity_idle id: android.os.BinderProxy@41ea2410 time:120869049
08-01 16:56:11.290 I/Timeline( 2249): Timeline: Activity_windows_visible id: ActivityRecord{41ec8278 u0 com.mkapps.jumpoverheader/org.cocos2dx.cpp.AppActivity t494} time:120869081
08-01 16:56:11.295 D/cocos2d-x debug info(29739): 
08-01 16:56:11.295 D/cocos2d-x debug info(29739): {
08-01 16:56:11.295 D/cocos2d-x debug info(29739): 	gl.supports_vertex_array_object: false
08-01 16:56:11.295 D/cocos2d-x debug info(29739): 	gl.supports_BGRA8888: false
08-01 16:56:11.295 D/cocos2d-x debug info(29739): 	gl.supports_ATITC: false
08-01 16:56:11.295 D/cocos2d-x debug info(29739): 	gl.supports_S3TC: false
08-01 16:56:11.295 D/cocos2d-x debug info(29739): 	cocos2d.x.version: cocos2d-x 3.6
08-01 16:56:11.295 D/cocos2d-x debug info(29739): 	gl.supports_discard_framebuffer: true
08-01 16:56:11.295 D/cocos2d-x debug info(29739): 	cocos2d.x.compiled_with_profiler: false
08-01 16:56:11.295 D/cocos2d-x debug info(29739): 	gl.supports_PVRTC: false
08-01 16:56:11.295 D/cocos2d-x debug info(29739): 	cocos2d.x.build_type: DEBUG
08-01 16:56:11.295 D/cocos2d-x debug info(29739): 	gl.renderer: Mali-400 MP
08-01 16:56:11.295 D/cocos2d-x debug info(29739): 	gl.supports_ETC1: true
08-01 16:56:11.295 D/cocos2d-x debug info(29739): 	cocos2d.x.compiled_with_gl_state_cache: true
08-01 16:56:11.295 D/cocos2d-x debug info(29739): 	gl.version: OpenGL ES 2.0
08-01 16:56:11.295 D/cocos2d-x debug info(29739): 	gl.supports_NPOT: true
08-01 16:56:11.295 D/cocos2d-x debug info(29739): 	gl.max_texture_units: 8
08-01 16:56:11.295 D/cocos2d-x debug info(29739): 	gl.vendor: ARM
08-01 16:56:11.295 D/cocos2d-x debug info(29739): 	gl.max_texture_size: 4096
08-01 16:56:11.295 D/cocos2d-x debug info(29739): }
08-01 16:56:11.295 D/cocos2d-x debug info(29739): 
08-01 16:56:11.295 D/cocos2d-x debug info(29739): 
08-01 16:56:11.495 D/cocos2d-x debug info(29739): create rendererRecreatedListener for GLProgramState
08-01 16:56:12.350 D/lights  ( 2249): set_light_buttons: 1
08-01 16:56:12.555 D/cocos2d-x debug info(29739): create rendererRecreatedListener for GLProgramState
08-01 16:56:12.605 V/Zygote  (29762): Switching descriptor 32 to /dev/null
08-01 16:56:12.605 V/Zygote  (29762): Switching descriptor 10 to /dev/null
08-01 16:56:12.635 D/ActivityThread(29762): handleBindApplication:com.google.android.partnersetup
08-01 16:56:12.640 D/ActivityThread(29762): setTargetHeapUtilization:0.25
08-01 16:56:12.640 D/ActivityThread(29762): setTargetHeapMinFree:524288
08-01 16:56:12.695 V/Zygote  (29779): Switching descriptor 32 to /dev/null
08-01 16:56:12.695 V/Zygote  (29779): Switching descriptor 10 to /dev/null
08-01 16:56:12.750 D/ActivityThread(29779): handleBindApplication:com.svox.pico
08-01 16:56:12.750 D/ActivityThread(29779): setTargetHeapUtilization:0.25
08-01 16:56:12.750 D/ActivityThread(29779): setTargetHeapMinFree:524288
08-01 16:56:12.815 D/ChimeraCfgMgr(31500): Loading module com.google.android.gms.games from APK com.google.android.gms
08-01 16:56:12.815 D/PackageBroadcastService(31500): Received broadcast action=android.intent.action.PACKAGE_ADDED and uri=com.mkapps.jumpoverheader
08-01 16:56:12.820 D/ChimeraCfgMgr(31500): Loading module com.google.android.gms.vision from APK com.google.android.gms
08-01 16:56:12.830 D/Vision  (31500): Received broadcast Intent { act=android.intent.action.PACKAGE_ADDED dat=package:com.mkapps.jumpoverheader flg=0x4000010 cmp=com.google.android.gms/.vision.DependencyBroadcastReceiverProxy (has extras) }
08-01 16:56:12.830 D/Vision  (31500): No vision deps
08-01 16:56:12.835 I/ConfigService(19079): onCreate
08-01 16:56:12.835 I/ConfigFetchService(31500): onStartCommand Intent { act=android.intent.action.PACKAGE_ADDED dat=package:com.mkapps.jumpoverheader cmp=com.google.android.gms/.config.ConfigFetchService (has extras) }
08-01 16:56:12.850 I/ConfigFetchService(31500): launchTask
08-01 16:56:12.865 I/PeopleContactsSync(31500): CP2 sync disabled
08-01 16:56:12.875 I/ConfigFetchService(31500): service connected
08-01 16:56:12.880 D/ConfigFetchService(31500): ConfigApi connection successful.
08-01 16:56:13.835 D/cocos2d-x debug info(29739): Node warning: setPhysicsBody sets anchor point to Vec2::ANCHOR_MIDDLE.
08-01 16:56:14.410 D/cocos2d-x debug info(29739): create rendererRecreatedListener for GLProgramState
08-01 16:56:20.910 D/cocos2d-x debug info(29739): cocos2d: removeChildByTag(tag = -86050082): child not found!
08-01 16:56:20.910 D/cocos2d-x debug info(29739): cocos2d: removeChildByTag(tag = -86050082): child not found!
08-01 16:56:20.910 D/cocos2d-x debug info(29739): cocos2d: removeChildByTag(tag = -86050082): child not found!
08-01 16:56:20.910 D/cocos2d-x debug info(29739): cocos2d: removeChildByTag(tag = -86050082): child not found!
08-01 16:56:20.910 D/cocos2d-x debug info(29739): cocos2d: removeChildByTag(tag = -86050082): child not found!
08-01 16:56:20.910 D/cocos2d-x debug info(29739): cocos2d: removeChildByTag(tag = -86050082): child not found!
08-01 16:56:20.910 D/cocos2d-x debug info(29739): cocos2d: removeChildByTag(tag = -86050082): child not found!
08-01 16:56:20.910 D/cocos2d-x debug info(29739): cocos2d: removeChildByTag(tag = -86050082): child not found!
08-01 16:56:22.870 V/ConfigFetchTask(31500): ConfigFetchTask getDeviceDataVersionInfo(): ABFEt1VPbL2lv9TlGkpti2U7qgt_khF8I2vdcLp4TbIC3fEcbYC2YNI8uM3WUrsnUsMY3JNCo_hDUmyNLew7zHlyoHa0pGgJIIy3D1mn7gHjDIiQv896B8aTgLIS6YdAAHPBWpxJ6UP2rLwILZlmC0wcmNWkg6zUraofGWM1qd9lTn8VDsRRXYFKMyyePh5fP7-LPcoaucPIXfliF6dAmLdN9-hQ2RJtWa0RLw61Nwd9VyqSgfY5r1ZsUwZzQwoOR6c6mxJbSSoi_dA3Mx09k_pHORsF6wtAlZWubI9FamkzkO7mZaL4Udg
08-01 16:56:22.875 I/GoogleURLConnFactory(31500): Using platform SSLCertificateSocketFactory
08-01 16:56:23.305 I/ConfigFetchService(31500): fetch service done; releasing wakelock
08-01 16:56:23.310 I/ConfigFetchService(31500): stopping self
08-01 16:56:23.315 D/lights  ( 2249): set_light_buttons: 2
08-01 16:56:24.625 D/lights  ( 2249): set_light_buttons: 1
08-01 16:56:24.675 D/cocos2d-x debug info(29739): Node warning: setPhysicsBody sets anchor point to Vec2::ANCHOR_MIDDLE.
08-01 16:56:26.385 D/cocos2d-x debug info(29739): cocos2d: removeChildByTag(tag = -86050082): child not found!
08-01 16:56:26.385 D/cocos2d-x debug info(29739): cocos2d: removeChildByTag(tag = -86050082): child not found!
08-01 16:56:26.385 D/cocos2d-x debug info(29739): cocos2d: removeChildByTag(tag = -86050082): child not found!
08-01 16:56:26.385 D/cocos2d-x debug info(29739): cocos2d: removeChildByTag(tag = -86050082): child not found!
08-01 16:56:26.385 D/cocos2d-x debug info(29739): cocos2d: removeChildByTag(tag = -86050082): child not found!
08-01 16:56:26.385 D/cocos2d-x debug info(29739): cocos2d: removeChildByTag(tag = -86050082): child not found!
08-01 16:56:26.385 D/cocos2d-x debug info(29739): cocos2d: removeChildByTag(tag = -86050082): child not found!
08-01 16:56:26.390 D/cocos2d-x debug info(29739): cocos2d: removeChildByTag(tag = -86050082): child not found!
08-01 16:56:28.040 D/Finsky  (27829): [4843] AppStatesReplicator.handleContentSyncResponse: Completed 0 account content syncs with 0 successful.
08-01 16:56:28.040 D/Finsky  (27829): [1] 5.onFinished: Installation state replication succeeded.
08-01 16:56:28.320 I/ConfigService(19079): onDestroy
08-01 16:56:29.460 D/cocos2d-x debug info(29739): Node warning: setPhysicsBody sets anchor point to Vec2::ANCHOR_MIDDLE.
08-01 16:56:31.165 D/cocos2d-x debug info(29739): cocos2d: removeChildByTag(tag = -86050082): child not found!
08-01 16:56:31.165 D/cocos2d-x debug info(29739): cocos2d: removeChildByTag(tag = -86050082): child not found!
08-01 16:56:31.165 D/cocos2d-x debug info(29739): cocos2d: removeChildByTag(tag = -86050082): child not found!
08-01 16:56:31.165 D/cocos2d-x debug info(29739): cocos2d: removeChildByTag(tag = -86050082): child not found!
08-01 16:56:31.165 D/cocos2d-x debug info(29739): cocos2d: removeChildByTag(tag = -86050082): child not found!
08-01 16:56:31.165 D/cocos2d-x debug info(29739): cocos2d: removeChildByTag(tag = -86050082): child not found!
08-01 16:56:31.165 D/cocos2d-x debug info(29739): cocos2d: removeChildByTag(tag = -86050082): child not found!
08-01 16:56:31.165 D/cocos2d-x debug info(29739): cocos2d: removeChildByTag(tag = -86050082): child not found!
08-01 16:56:38.310 D/lights  ( 2249): set_light_buttons: 2
08-01 16:56:48.985 D/SurfaceFlinger( 1843): Screen released, type=0 flinger=0x40c60450
08-01 16:56:49.255 D/TinyALSA-Audio Hardware( 1846): audio_hw_set_parameters(0x400b1938, screen_state=off)++
08-01 16:56:49.255 D/TinyALSA-Audio Hardware( 1846): audio_hw_set_parameters(0x400b1938, screen_state=off)-- (PARAMETER ERROR)
08-01 16:56:49.255 E/audio_a2dp_hw( 1846): adev_set_parameters: ERROR: set param called even when stream out is null
08-01 16:56:49.280 I/AppLockService(30672): Screen OFF
08-01 16:56:54.150 D/AudioPolicyManagerBase( 1846): getOutput() device 2, stream 1, samplingRate 0, format 0, channelMask 3, flags 0
08-01 16:56:54.150 D/AudioPolicyManagerBase( 1846): getOutput() returns output 2
08-01 16:56:54.155 D/AudioPolicyManagerBase( 1846): getOutput() device 2, stream 1, samplingRate 0, format 0, channelMask 3, flags 0
08-01 16:56:54.155 D/AudioPolicyManagerBase( 1846): getOutput() returns output 2
08-01 16:56:54.155 D/AudioPolicyManagerBase( 1846): getOutput() device 2, stream 1, samplingRate 44100, format 1, channelMask 3, flags 4
08-01 16:56:54.155 D/AudioPolicyManagerBase( 1846): getOutput() returns output 2
08-01 16:56:54.160 D/AudioFlinger( 1846): start(4098), calling pid 2354 session 2487
08-01 16:56:54.160 D/AudioFlinger( 1846): ? => ACTIVE (4098) on thread 0x40f0bb88
08-01 16:56:54.160 D/AudioPolicyManagerBase( 1846): startOutput() output 2, stream 1, session 2487
08-01 16:56:54.160 D/Yamaha-MC1N2-Audio( 1846): yamaha_mc1n2_audio_output_start()
08-01 16:56:54.160 D/Yamaha-MC1N2-Audio( 1846): yamaha_mc1n2_audio_route_start()
08-01 16:56:54.160 D/Yamaha-MC1N2-Audio( 1846): (yamaha_mc1n2_audio_params_route_find): device = 2, direction = 0
08-01 16:56:54.390 V/Zygote  (29814): Switching descriptor 32 to /dev/null
08-01 16:56:54.390 V/Zygote  (29814): Switching descriptor 10 to /dev/null
08-01 16:56:54.695 I/Choreographer( 2354): Skipped 32 frames!  The application may be doing too much work on its main thread.
08-01 16:56:54.745 W/View    ( 2354): requestLayout() improperly called by android.widget.TextClock{42044708 V.ED.... ......ID 0,0-53,129 #7f0b0013 app:id/clock1_regular} during layout: running second layout pass
08-01 16:56:54.745 W/View    ( 2354): requestLayout() improperly called by android.widget.TextClock{4209a158 V.ED.... ......ID 53,0-176,129 #7f0b0014 app:id/clock2_regular} during layout: running second layout pass
08-01 16:56:54.745 W/View    ( 2354): requestLayout() improperly called by android.widget.TextClock{42130638 V.ED.... ......ID 69,1-175,26 #7f0b0018 app:id/date_bold} during layout: running second layout pass
08-01 16:56:54.745 W/View    ( 2354): requestLayout() improperly called by android.widget.TextView{41fc7f48 V.ED.... ......ID 217,1-311,26 #7f0b001b app:id/nextAlarm_bold} during layout: running second layout pass
08-01 16:56:54.745 W/View    ( 2354): requestLayout() improperly called by android.widget.TextView{421b19c0 V.ED.... ......ID 77,6-133,35 #7f0b0021 app:id/weather_city} during layout: running second layout pass
08-01 16:56:54.745 W/View    ( 2354): requestLayout() improperly called by android.widget.TextView{422f6038 V.ED.... ......ID 64,35-133,60 #7f0b0027 app:id/weather_condition} during layout: running second layout pass
08-01 16:56:54.745 W/View    ( 2354): requestLayout() improperly called by android.widget.TextView{4205a030 V.ED.... ......ID 66,60-133,75 #7f0b0022 app:id/update_time} during layout: running second layout pass
08-01 16:56:54.750 W/View    ( 2354): requestLayout() improperly called by android.widget.TextView{4211c0e0 V.ED.... ......ID 2,0-64,41 #7f0b0024 app:id/weather_temp} during layout: running second layout pass
08-01 16:56:54.750 W/View    ( 2354): requestLayout() improperly called by android.widget.TextView{421fa998 V.ED.... ......ID 0,43-66,71 #7f0b0026 app:id/weather_low_high} during layout: running second layout pass
08-01 16:56:54.765 D/ActivityThread(29814): handleBindApplication:com.cyanogenmod.lockclock
08-01 16:56:54.765 D/ActivityThread(29814): setTargetHeapUtilization:0.25
08-01 16:56:54.765 D/ActivityThread(29814): setTargetHeapMinFree:524288
08-01 16:56:54.785 D/PhoneStatusBar( 2354): disable: < EXPAND* icons alerts TICKER* system_info BACK* HOME* RECENT* CLOCK* SEARCH* >
08-01 16:56:57.345 D/Yamaha-MC1N2-Audio( 1846): yamaha_mc1n2_audio_output_stop()
08-01 16:56:57.345 D/Yamaha-MC1N2-Audio( 1846): yamaha_mc1n2_audio_route_start()
08-01 16:57:25.380 D/AndroidRuntime(29838): 
08-01 16:57:25.380 D/AndroidRuntime(29838): >>>>>> AndroidRuntime START com.android.internal.os.RuntimeInit <<<<<<
08-01 16:57:25.380 D/AndroidRuntime(29838): CheckJNI is OFF
08-01 16:57:25.395 D/dalvikvm(29838): Trying to load lib libjavacore.so 0x0
08-01 16:57:25.395 D/dalvikvm(29838): Added shared lib libjavacore.so 0x0
08-01 16:57:25.400 D/dalvikvm(29838): Trying to load lib libnativehelper.so 0x0
08-01 16:57:25.400 D/dalvikvm(29838): Added shared lib libnativehelper.so 0x0
08-01 16:57:25.400 D/dalvikvm(29838): No JNI_OnLoad found in libnativehelper.so 0x0, skipping init
08-01 16:57:25.425 E/cutils-trace(29838): Error opening trace file: No such file or directory (2)
08-01 16:57:25.435 D/dalvikvm(29838): Note: class Landroid/app/ActivityManagerNative; has 180 unimplemented (abstract) methods
08-01 16:57:25.585 E/memtrack(29838): Couldn't load memtrack module (No such file or directory)
08-01 16:57:25.585 E/android.os.Debug(29838): failed to load memtrack module: -2
08-01 16:57:25.655 D/AndroidRuntime(29838): Calling main entry com.android.commands.pm.Pm
08-01 16:57:26.015 W/CursorWrapperInner(29030): Cursor finalized without prior close()
08-01 16:57:26.025 I/Launcher(31408): Deferring update until onResume
08-01 16:57:26.025 I/PackageManager( 2249):   Action: "android.intent.action.SENDTO"
08-01 16:57:26.025 I/PackageManager( 2249):   Category: "android.intent.category.DEFAULT"
08-01 16:57:26.025 I/PackageManager( 2249):   Scheme: "sms"
08-01 16:57:26.030 I/InputReader( 2249): Reconfiguring input devices.  changes=0x00000010
08-01 16:57:26.040 W/GeofencerStateMachine(19018): Ignoring removeGeofence because network location is disabled.
08-01 16:57:26.055 I/LatinIME:LogUtils(30657): Dictionary info: dictionary = ? ; version = 26 ; date = 1351062238
08-01 16:57:26.070 I/PackageManager( 2249):   Action: "android.intent.action.SENDTO"
08-01 16:57:26.070 I/PackageManager( 2249):   Category: "android.intent.category.DEFAULT"
08-01 16:57:26.070 I/PackageManager( 2249):   Scheme: "smsto"
08-01 16:57:26.115 D/Documents(29679): Used cached roots for com.android.providers.downloads.documents
08-01 16:57:26.115 D/Documents(29679): Used cached roots for com.android.externalstorage.documents
08-01 16:57:26.115 D/Documents(29679): Used cached roots for com.android.providers.media.documents
08-01 16:57:26.115 D/Documents(29679): Update found 7 roots in 77ms
08-01 16:57:26.195 I/PackageManager( 2249):   Action: "android.intent.action.SENDTO"
08-01 16:57:26.195 I/PackageManager( 2249):   Category: "android.intent.category.DEFAULT"
08-01 16:57:26.195 I/PackageManager( 2249):   Scheme: "mms"
08-01 16:57:26.250 I/PackageManager( 2249):   Action: "android.intent.action.SENDTO"
08-01 16:57:26.250 I/PackageManager( 2249):   Category: "android.intent.category.DEFAULT"
08-01 16:57:26.250 I/PackageManager( 2249):   Scheme: "mmsto"
08-01 16:57:26.380 I/PackageManager( 2249):   Action: "android.intent.action.SENDTO"
08-01 16:57:26.380 I/PackageManager( 2249):   Category: "android.intent.category.DEFAULT"
08-01 16:57:26.380 I/PackageManager( 2249):   Scheme: "sms"
08-01 16:57:26.415 I/Timeline( 2249): Timeline: Activity_windows_visible id: ActivityRecord{4230e690 u0 com.android.chrome/org.chromium.chrome.browser.ChromeTabbedActivity t492} time:120944205
08-01 16:57:26.415 I/PackageManager( 2249):   Action: "android.intent.action.SENDTO"
08-01 16:57:26.415 I/PackageManager( 2249):   Category: "android.intent.category.DEFAULT"
08-01 16:57:26.415 I/PackageManager( 2249):   Scheme: "smsto"
08-01 16:57:26.425 D/VoicemailCleanupService(23755): Cleaning up data for package: com.mkapps.jumpoverheader
08-01 16:57:26.460 I/PackageManager( 2249):   Action: "android.intent.action.SENDTO"
08-01 16:57:26.460 I/PackageManager( 2249):   Category: "android.intent.category.DEFAULT"
08-01 16:57:26.460 I/PackageManager( 2249):   Scheme: "mms"
08-01 16:57:26.465 I/Timeline(27447): Timeline: Activity_idle id: android.os.BinderProxy@41ed69e8 time:120944258
08-01 16:57:26.505 I/PackageManager( 2249):   Action: "android.intent.action.SENDTO"
08-01 16:57:26.505 I/PackageManager( 2249):   Category: "android.intent.category.DEFAULT"
08-01 16:57:26.505 I/PackageManager( 2249):   Scheme: "mmsto"
08-01 16:57:26.570 I/Launcher(31408): Deferring update until onResume
08-01 16:57:26.575 V/Zygote  (29862): Switching descriptor 32 to /dev/null
08-01 16:57:26.575 V/Zygote  (29862): Switching descriptor 10 to /dev/null
08-01 16:57:26.590 I/Timeline( 2249): Timeline: Activity_windows_visible id: ActivityRecord{41ecb618 u0 com.microsoft.launcher/.Launcher t63} time:120944382
08-01 16:57:26.595 W/Searchables( 2249): No global search activity found
08-01 16:57:26.615 D/ActivityThread(29862): handleBindApplication:com.cyanogenmod.trebuchet
08-01 16:57:26.615 D/ActivityThread(29862): setTargetHeapUtilization:0.25
08-01 16:57:26.615 D/ActivityThread(29862): setTargetHeapMinFree:524288
08-01 16:57:26.700 D/AndroidRuntime(29838): Shutting down VM
08-01 16:57:26.700 D/Launcher.LauncherProvider(29862): 11683562 - initializeMaxScreenId(): 2
08-01 16:57:26.710 V/Launcher(29862): LauncherAppState inited
08-01 16:57:26.730 W/Launcher(29862): setApplicationContext called twice! old=com.android.launcher3.LauncherApplication@41eb1718 new=com.android.launcher3.LauncherApplication@41eb1718
08-01 16:57:26.750 V/Zygote  (29879): Switching descriptor 32 to /dev/null
08-01 16:57:26.750 V/Zygote  (29879): Switching descriptor 10 to /dev/null
08-01 16:57:26.790 D/ActivityThread(29879): handleBindApplication:com.android.keychain
08-01 16:57:26.790 D/ActivityThread(29879): setTargetHeapUtilization:0.25
08-01 16:57:26.790 D/ActivityThread(29879): setTargetHeapMinFree:524288
08-01 16:57:26.855 E/NetworkScheduler.SchedulerReceiver(19079): Invalid parameter app
08-01 16:57:26.855 E/NetworkScheduler.SchedulerReceiver(19079): Invalid package name : Perhaps you didn't include a PendingIntent in the extras?
08-01 16:57:26.885 D/PackageBroadcastService(31500): Received broadcast action=android.intent.action.PACKAGE_REMOVED and uri=com.mkapps.jumpoverheader
08-01 16:57:26.885 D/ChimeraCfgMgr(31500): Loading module com.google.android.gms.games from APK com.google.android.gms
08-01 16:57:26.895 D/AccountUtils(31500): Clearing selected account for com.mkapps.jumpoverheader
08-01 16:57:26.900 I/LocationSettingsChecker(31500): Removing dialog suppression flag for package com.mkapps.jumpoverheader
08-01 16:57:26.950 D/GOOGLEHELP_CompatibleDatabase(31500): Open SQLiteDatabase: /data/data/com.google.android.gms/databases/metrics.db, release reference: 1
08-01 16:57:26.950 D/GOOGLEHELP_CompatibleDatabase(31500): Acquire reference of SQLiteDatabase: /data/data/com.google.android.gms/databases/metrics.db: 2
08-01 16:57:26.950 D/gH_MetricsDatabase(31500): 0 metrics were deleted when clearing package com.mkapps.jumpoverheader.
08-01 16:57:26.950 D/GOOGLEHELP_CompatibleDatabase(31500): Release reference of SQLiteDatabase: /data/data/com.google.android.gms/databases/metrics.db: 1
08-01 16:57:26.960 I/ConfigService(19079): onCreate
08-01 16:57:26.970 I/ConfigFetchService(31500): onStartCommand Intent { act=android.intent.action.PACKAGE_REMOVED dat=package:com.mkapps.jumpoverheader cmp=com.google.android.gms/.config.ConfigFetchService (has extras) }
08-01 16:57:26.975 D/GOOGLEHELP_CompatibleDatabase(31500): Open SQLiteDatabase: /data/data/com.google.android.gms/databases/help_responses.db, release reference: 1
08-01 16:57:26.975 D/GOOGLEHELP_CompatibleDatabase(31500): Acquire reference of SQLiteDatabase: /data/data/com.google.android.gms/databases/help_responses.db: 2
08-01 16:57:26.975 D/GOOGLEHELP_CompatibleDatabase(31500): Release reference of SQLiteDatabase: /data/data/com.google.android.gms/databases/help_responses.db: 1
08-01 16:57:27.000 D/GOOGLEHELP_CompatibleDatabase(31500): Open SQLiteDatabase: /data/data/com.google.android.gms/databases/auto_complete_suggestions.db, release reference: 1
08-01 16:57:27.000 D/GOOGLEHELP_CompatibleDatabase(31500): Acquire reference of SQLiteDatabase: /data/data/com.google.android.gms/databases/auto_complete_suggestions.db: 2
08-01 16:57:27.005 I/PeopleContactsSync(31500): CP2 sync disabled
08-01 16:57:27.010 I/Icing   (31500): doRemovePackageData com.mkapps.jumpoverheader
08-01 16:57:27.015 D/GOOGLEHELP_CompatibleDatabase(31500): Release reference of SQLiteDatabase: /data/data/com.google.android.gms/databases/auto_complete_suggestions.db: 1
08-01 16:57:27.015 D/GOOGLEHELP_CompatibleDatabase(31500): Close SQLiteDatabase: /data/data/com.google.android.gms/databases/metrics.db, release reference: 0
08-01 16:57:27.015 D/GOOGLEHELP_CompatibleDatabase(31500): Close SQLiteDatabase: /data/data/com.google.android.gms/databases/help_responses.db, release reference: 0
08-01 16:57:27.015 D/GOOGLEHELP_CompatibleDatabase(31500): Close SQLiteDatabase: /data/data/com.google.android.gms/databases/auto_complete_suggestions.db, release reference: 0
08-01 16:57:27.360 V/Zygote  (29944): Switching descriptor 32 to /dev/null
08-01 16:57:27.360 V/Zygote  (29944): Switching descriptor 10 to /dev/null
08-01 16:57:27.390 D/ActivityThread(29944): handleBindApplication:com.android.documentsui
08-01 16:57:27.390 D/ActivityThread(29944): setTargetHeapUtilization:0.25
08-01 16:57:27.390 D/ActivityThread(29944): setTargetHeapMinFree:524288
08-01 16:57:27.430 D/Documents(29944): Loading roots for com.android.providers.downloads.documents
08-01 16:57:27.485 D/Documents(29944): Loading roots for com.android.externalstorage.documents
08-01 16:57:27.490 V/Zygote  (29960): Switching descriptor 32 to /dev/null
08-01 16:57:27.490 V/Zygote  (29960): Switching descriptor 10 to /dev/null
08-01 16:57:27.530 D/ActivityThread(29960): handleBindApplication:com.android.externalstorage
08-01 16:57:27.530 D/ActivityThread(29960): setTargetHeapUtilization:0.25
08-01 16:57:27.530 D/ActivityThread(29960): setTargetHeapMinFree:524288
08-01 16:57:27.550 D/ExternalStorage(29960): After updating volumes, found 2 active roots
08-01 16:57:27.550 D/Documents(29944): Updating roots due to change at content://com.android.externalstorage.documents/root
08-01 16:57:27.560 D/Documents(29944): Loading roots for com.android.providers.media.documents
08-01 16:57:27.570 D/Documents(29944): Update found 7 roots in 144ms
08-01 16:57:27.575 D/Documents(29944): Used cached roots for com.android.providers.downloads.documents
08-01 16:57:27.575 D/Documents(29944): Loading roots for com.android.externalstorage.documents
08-01 16:57:27.580 D/Documents(29944): Used cached roots for com.android.providers.media.documents
08-01 16:57:27.580 D/Documents(29944): Update found 7 roots in 6ms
08-01 16:57:27.670 D/AndroidRuntime(29957): 
08-01 16:57:27.670 D/AndroidRuntime(29957): >>>>>> AndroidRuntime START com.android.internal.os.RuntimeInit <<<<<<
08-01 16:57:27.670 D/AndroidRuntime(29957): CheckJNI is OFF
08-01 16:57:27.685 D/dalvikvm(29957): Trying to load lib libjavacore.so 0x0
08-01 16:57:27.685 D/dalvikvm(29957): Added shared lib libjavacore.so 0x0
08-01 16:57:27.690 D/dalvikvm(29957): Trying to load lib libnativehelper.so 0x0
08-01 16:57:27.690 D/dalvikvm(29957): Added shared lib libnativehelper.so 0x0
08-01 16:57:27.690 D/dalvikvm(29957): No JNI_OnLoad found in libnativehelper.so 0x0, skipping init
08-01 16:57:27.715 E/cutils-trace(29957): Error opening trace file: No such file or directory (2)
08-01 16:57:27.720 D/dalvikvm(29957): Note: class Landroid/app/ActivityManagerNative; has 180 unimplemented (abstract) methods
08-01 16:57:27.880 E/memtrack(29957): Couldn't load memtrack module (No such file or directory)
08-01 16:57:27.880 E/android.os.Debug(29957): failed to load memtrack module: -2
08-01 16:57:27.950 D/AndroidRuntime(29957): Calling main entry com.android.commands.pm.Pm
08-01 16:57:27.970 D/Finsky  (27829): [1] PackageVerificationReceiver.onReceive: Verification requested, id = 120
08-01 16:57:27.975 D/Finsky  (27829): [1] WorkerTask.onPreExecute: Verification Requested for id = 120, data=file:///data/local/tmp/JumpOverHeader-debug.apk flags=112 fromVerificationActivity=false
08-01 16:57:28.935 I/qtaguid (27829): Failed write_ctrl(u 65) res=-1 errno=22
08-01 16:57:28.935 I/qtaguid (27829): Untagging socket 65 failed errno=-22
08-01 16:57:28.935 W/NetworkManagementSocketTagger(27829): untagSocket(65) failed with errno -22
08-01 16:57:28.940 D/Finsky  (27829): [1] 1.onResponse: Verification id=120 response=0
08-01 16:57:28.965 D/Finsky  (27829): [1] PackageVerificationReceiver.onReceive: Verification requested, id = 120
08-01 16:57:30.420 I/PackageManager( 2249): Running dexopt on: com.mkapps.jumpoverheader
08-01 16:57:30.545 D/dalvikvm(29998): DexOpt: load 38ms, verify+opt 43ms, 589492 bytes
08-01 16:57:30.890 I/InputReader( 2249): Reconfiguring input devices.  changes=0x00000010
08-01 16:57:30.895 I/PackageManager( 2249):   Action: "android.intent.action.SENDTO"
