08-01 17:02:38.995 E/        (30811): Device driver API match
08-01 17:02:38.995 E/        (30811): Device driver API version: 23
08-01 17:02:38.995 E/        (30811): User space API version: 23 
08-01 17:02:38.995 E/        (30811): mali: REVISION=Linux-r3p2-01rel3 BUILD_DATE=Wed Oct  9 21:05:57 KST 2013 
08-01 17:02:38.995 I/ActivityManager( 2249): Displayed com.mkapps.jumpoverheader/org.cocos2dx.cpp.AppActivity: +144ms (total +186ms)
08-01 17:02:39.000 I/Timeline( 2249): Timeline: Activity_windows_visible id: ActivityRecord{42409580 u0 com.mkapps.jumpoverheader/org.cocos2dx.cpp.AppActivity t499} time:121256790
08-01 17:02:39.020 D/cocos2d-x debug info(30811): 
08-01 17:02:39.020 D/cocos2d-x debug info(30811): {
08-01 17:02:39.020 D/cocos2d-x debug info(30811): 	gl.supports_vertex_array_object: false
08-01 17:02:39.020 D/cocos2d-x debug info(30811): 	gl.supports_BGRA8888: false
08-01 17:02:39.020 D/cocos2d-x debug info(30811): 	gl.supports_ATITC: false
08-01 17:02:39.020 D/cocos2d-x debug info(30811): 	gl.supports_S3TC: false
08-01 17:02:39.020 D/cocos2d-x debug info(30811): 	cocos2d.x.version: cocos2d-x 3.6
08-01 17:02:39.020 D/cocos2d-x debug info(30811): 	gl.supports_discard_framebuffer: true
08-01 17:02:39.020 D/cocos2d-x debug info(30811): 	cocos2d.x.compiled_with_profiler: false
08-01 17:02:39.020 D/cocos2d-x debug info(30811): 	gl.supports_PVRTC: false
08-01 17:02:39.020 D/cocos2d-x debug info(30811): 	cocos2d.x.build_type: DEBUG
08-01 17:02:39.020 D/cocos2d-x debug info(30811): 	gl.renderer: Mali-400 MP
08-01 17:02:39.020 D/cocos2d-x debug info(30811): 	gl.supports_ETC1: true
08-01 17:02:39.020 D/cocos2d-x debug info(30811): 	cocos2d.x.compiled_with_gl_state_cache: true
08-01 17:02:39.020 D/cocos2d-x debug info(30811): 	gl.version: OpenGL ES 2.0
08-01 17:02:39.020 D/cocos2d-x debug info(30811): 	gl.supports_NPOT: true
08-01 17:02:39.020 D/cocos2d-x debug info(30811): 	gl.max_texture_units: 8
08-01 17:02:39.020 D/cocos2d-x debug info(30811): 	gl.vendor: ARM
08-01 17:02:39.020 D/cocos2d-x debug info(30811): 	gl.max_texture_size: 4096
08-01 17:02:39.020 D/cocos2d-x debug info(30811): }
08-01 17:02:39.020 D/cocos2d-x debug info(30811): 
08-01 17:02:39.020 D/cocos2d-x debug info(30811): 
08-01 17:02:39.020 I/Timeline(30811): Timeline: Activity_idle id: android.os.BinderProxy@41e3bdd8 time:121256814
08-01 17:02:39.195 D/cocos2d-x debug info(30811): create rendererRecreatedListener for GLProgramState
08-01 17:02:40.160 V/Zygote  (30834): Switching descriptor 32 to /dev/null
08-01 17:02:40.160 V/Zygote  (30834): Switching descriptor 10 to /dev/null
08-01 17:02:40.190 D/ActivityThread(30834): handleBindApplication:com.google.android.partnersetup
08-01 17:02:40.190 D/ActivityThread(30834): setTargetHeapUtilization:0.25
08-01 17:02:40.190 D/ActivityThread(30834): setTargetHeapMinFree:524288
08-01 17:02:40.240 V/Zygote  (30850): Switching descriptor 32 to /dev/null
08-01 17:02:40.240 V/Zygote  (30850): Switching descriptor 10 to /dev/null
08-01 17:02:40.280 D/ActivityThread(30850): handleBindApplication:com.svox.pico
08-01 17:02:40.280 D/ActivityThread(30850): setTargetHeapUtilization:0.25
08-01 17:02:40.280 D/ActivityThread(30850): setTargetHeapMinFree:524288
08-01 17:02:40.335 D/ChimeraCfgMgr(31500): Loading module com.google.android.gms.games from APK com.google.android.gms
08-01 17:02:40.335 D/PackageBroadcastService(31500): Received broadcast action=android.intent.action.PACKAGE_ADDED and uri=com.mkapps.jumpoverheader
08-01 17:02:40.340 D/ChimeraCfgMgr(31500): Loading module com.google.android.gms.vision from APK com.google.android.gms
08-01 17:02:40.340 D/Vision  (31500): Received broadcast Intent { act=android.intent.action.PACKAGE_ADDED dat=package:com.mkapps.jumpoverheader flg=0x4000010 cmp=com.google.android.gms/.vision.DependencyBroadcastReceiverProxy (has extras) }
08-01 17:02:40.345 D/Vision  (31500): No vision deps
08-01 17:02:40.355 I/ConfigService(19079): onCreate
08-01 17:02:40.360 I/ConfigFetchService(31500): onStartCommand Intent { act=android.intent.action.PACKAGE_ADDED dat=package:com.mkapps.jumpoverheader cmp=com.google.android.gms/.config.ConfigFetchService (has extras) }
08-01 17:02:40.375 I/ConfigFetchService(31500): launchTask
08-01 17:02:40.380 I/ConfigFetchService(31500): service connected
08-01 17:02:40.385 I/PeopleContactsSync(31500): CP2 sync disabled
08-01 17:02:40.395 D/ConfigFetchService(31500): ConfigApi connection successful.
08-01 17:02:50.385 V/ConfigFetchTask(31500): ConfigFetchTask getDeviceDataVersionInfo(): ABFEt1VPbL2lv9TlGkpti2U7qgt_khF8I2vdcLp4TbIC3fEcbYC2YNI8uM3WUrsnUsMY3JNCo_hDUmyNLew7zHlyoHa0pGgJIIy3D1mn7gHjDIiQv896B8aTgLIS6YdAAHPBWpxJ6UP2rLwILZlmC0wcmNWkg6zUraofGWM1qd9lTn8VDsRRXYFKMyyePh5fP7-LPcoaucPIXfliF6dAmLdN9-hQ2RJtWa0RLw61Nwd9VyqSgfY5r1ZsUwZzQwoOR6c6mxJbSSoi_dA3Mx09k_pHORsF6wtAlZWubI9FamkzkO7mZaL4Udg
08-01 17:02:50.395 I/GoogleURLConnFactory(31500): Using platform SSLCertificateSocketFactory
08-01 17:02:51.075 I/ConfigFetchService(31500): fetch service done; releasing wakelock
08-01 17:02:51.080 I/ConfigFetchService(31500): stopping self
08-01 17:02:55.540 D/Finsky  (27829): [4843] AppStatesReplicator.handleContentSyncResponse: Completed 0 account content syncs with 0 successful.
08-01 17:02:55.545 D/Finsky  (27829): [1] 5.onFinished: Installation state replication succeeded.
08-01 17:02:56.140 I/ConfigService(19079): onDestroy
08-01 17:03:00.455 D/lights  ( 2249): set_light_buttons: 1
08-01 17:03:00.710 D/PowerManagerService-JNI( 2249): Excessive delay in autosuspend_disable() while turning screen on: 250ms
08-01 17:03:00.735 D/SurfaceFlinger( 1843): Screen acquired, type=0 flinger=0x40c60450
08-01 17:03:00.825 D/TinyALSA-Audio Hardware( 1846): audio_hw_set_parameters(0x400b1938, screen_state=on)++
08-01 17:03:00.825 D/TinyALSA-Audio Hardware( 1846): audio_hw_set_parameters(0x400b1938, screen_state=on)-- (PARAMETER ERROR)
08-01 17:03:00.825 E/audio_a2dp_hw( 1846): adev_set_parameters: ERROR: set param called even when stream out is null
08-01 17:03:00.845 I/AppLockService(30672): Screen ON
08-01 17:03:00.845 D/AppLockService(30672): Scheduling alarm (interval=150)
08-01 17:03:00.855 D/AppLockService(30672): appchanged  (>com.mkapps.jumpoverheader)
08-01 17:03:02.630 D/AudioPolicyManagerBase( 1846): getOutput() device 2, stream 1, samplingRate 0, format 0, channelMask 3, flags 0
08-01 17:03:02.630 D/AudioPolicyManagerBase( 1846): getOutput() returns output 2
08-01 17:03:02.635 D/AudioPolicyManagerBase( 1846): getOutput() device 2, stream 1, samplingRate 0, format 0, channelMask 3, flags 0
08-01 17:03:02.635 D/AudioPolicyManagerBase( 1846): getOutput() returns output 2
08-01 17:03:02.635 D/AudioPolicyManagerBase( 1846): getOutput() device 2, stream 1, samplingRate 44100, format 1, channelMask 3, flags 4
08-01 17:03:02.635 D/AudioPolicyManagerBase( 1846): getOutput() returns output 2
08-01 17:03:02.640 D/AudioFlinger( 1846): start(4099), calling pid 2354 session 2497
08-01 17:03:02.640 D/AudioFlinger( 1846): ? => ACTIVE (4099) on thread 0x43282010
08-01 17:03:02.640 D/AudioPolicyManagerBase( 1846): startOutput() output 2, stream 1, session 2497
08-01 17:03:02.645 D/Yamaha-MC1N2-Audio( 1846): yamaha_mc1n2_audio_output_start()
08-01 17:03:02.645 D/Yamaha-MC1N2-Audio( 1846): yamaha_mc1n2_audio_route_start()
08-01 17:03:02.645 D/Yamaha-MC1N2-Audio( 1846): (yamaha_mc1n2_audio_params_route_find): device = 2, direction = 0
08-01 17:03:02.735 I/Timeline(30811): Timeline: Activity_idle id: android.os.BinderProxy@41e3bdd8 time:121280526
08-01 17:03:02.760 D/PhoneStatusBar( 2354): disable: < expand* icons alerts ticker* system_info back* home* recent* clock* search* >
08-01 17:03:02.765 V/PhoneStatusBar( 2354): setLightsOn(true)
08-01 17:03:02.790 W/Binder  (30657): Caught a RuntimeException from the binder stub implementation.
08-01 17:03:02.790 W/Binder  (30657): java.lang.NullPointerException
08-01 17:03:02.790 W/Binder  (30657): 	at android.inputmethodservice.IInputMethodWrapper.setSessionEnabled(IInputMethodWrapper.java:280)
08-01 17:03:02.790 W/Binder  (30657): 	at com.android.internal.view.IInputMethod$Stub.onTransact(IInputMethod.java:129)
08-01 17:03:02.790 W/Binder  (30657): 	at android.os.Binder.execTransact(Binder.java:404)
08-01 17:03:02.790 W/Binder  (30657): 	at dalvik.system.NativeStart.run(Native Method)
08-01 17:03:03.720 D/cocos2d-x debug info(30811): create rendererRecreatedListener for GLProgramState
08-01 17:03:04.550 D/cocos2d-x debug info(30811): Node warning: setPhysicsBody sets anchor point to Vec2::ANCHOR_MIDDLE.
08-01 17:03:05.105 D/cocos2d-x debug info(30811): create rendererRecreatedListener for GLProgramState
08-01 17:03:05.810 D/Yamaha-MC1N2-Audio( 1846): yamaha_mc1n2_audio_output_stop()
08-01 17:03:05.810 D/Yamaha-MC1N2-Audio( 1846): yamaha_mc1n2_audio_route_start()
08-01 17:03:06.430 D/cocos2d-x debug info(30811): cocos2d: removeChildByTag(tag = -86050082): child not found!
08-01 17:03:06.430 D/cocos2d-x debug info(30811): cocos2d: removeChildByTag(tag = -86050082): child not found!
08-01 17:03:06.430 D/cocos2d-x debug info(30811): cocos2d: removeChildByTag(tag = -86050082): child not found!
08-01 17:03:06.430 D/cocos2d-x debug info(30811): cocos2d: removeChildByTag(tag = -86050082): child not found!
08-01 17:03:06.430 D/cocos2d-x debug info(30811): cocos2d: removeChildByTag(tag = -86050082): child not found!
08-01 17:03:06.430 D/cocos2d-x debug info(30811): cocos2d: removeChildByTag(tag = -86050082): child not found!
08-01 17:03:06.435 D/cocos2d-x debug info(30811): cocos2d: removeChildByTag(tag = -86050082): child not found!
08-01 17:03:07.600 D/cocos2d-x debug info(30811): Node warning: setPhysicsBody sets anchor point to Vec2::ANCHOR_MIDDLE.
08-01 17:03:09.475 D/cocos2d-x debug info(30811): cocos2d: removeChildByTag(tag = -86050082): child not found!
08-01 17:03:09.475 D/cocos2d-x debug info(30811): cocos2d: removeChildByTag(tag = -86050082): child not found!
08-01 17:03:09.480 D/cocos2d-x debug info(30811): cocos2d: removeChildByTag(tag = -86050082): child not found!
08-01 17:03:09.480 D/cocos2d-x debug info(30811): cocos2d: removeChildByTag(tag = -86050082): child not found!
08-01 17:03:09.480 D/cocos2d-x debug info(30811): cocos2d: removeChildByTag(tag = -86050082): child not found!
08-01 17:03:09.480 D/cocos2d-x debug info(30811): cocos2d: removeChildByTag(tag = -86050082): child not found!
08-01 17:03:09.480 D/cocos2d-x debug info(30811): cocos2d: removeChildByTag(tag = -86050082): child not found!
08-01 17:03:09.485 D/cocos2d-x debug info(30811): cocos2d: removeChildByTag(tag = -86050082): child not found!
08-01 17:03:09.945 D/cocos2d-x debug info(30811): Node warning: setPhysicsBody sets anchor point to Vec2::ANCHOR_MIDDLE.
08-01 17:03:10.600 I/wpa_supplicant(11151): wlan0: CTRL-EVENT-SCAN-STARTED 
08-01 17:03:11.810 D/cocos2d-x debug info(30811): cocos2d: removeChildByTag(tag = -86050082): child not found!
08-01 17:03:11.810 D/cocos2d-x debug info(30811): cocos2d: removeChildByTag(tag = -86050082): child not found!
08-01 17:03:11.815 D/cocos2d-x debug info(30811): cocos2d: removeChildByTag(tag = -86050082): child not found!
08-01 17:03:11.815 D/cocos2d-x debug info(30811): cocos2d: removeChildByTag(tag = -86050082): child not found!
08-01 17:03:11.815 D/cocos2d-x debug info(30811): cocos2d: removeChildByTag(tag = -86050082): child not found!
08-01 17:03:11.815 D/cocos2d-x debug info(30811): cocos2d: removeChildByTag(tag = -86050082): child not found!
08-01 17:03:11.815 D/cocos2d-x debug info(30811): cocos2d: removeChildByTag(tag = -86050082): child not found!
08-01 17:03:11.815 D/cocos2d-x debug info(30811): cocos2d: removeChildByTag(tag = -86050082): child not found!
08-01 17:03:12.325 D/cocos2d-x debug info(30811): Node warning: setPhysicsBody sets anchor point to Vec2::ANCHOR_MIDDLE.
08-01 17:03:14.195 D/cocos2d-x debug info(30811): cocos2d: removeChildByTag(tag = -86050082): child not found!
08-01 17:03:14.195 D/cocos2d-x debug info(30811): cocos2d: removeChildByTag(tag = -86050082): child not found!
08-01 17:03:14.195 D/cocos2d-x debug info(30811): cocos2d: removeChildByTag(tag = -86050082): child not found!
08-01 17:03:14.195 D/cocos2d-x debug info(30811): cocos2d: removeChildByTag(tag = -86050082): child not found!
08-01 17:03:14.200 D/cocos2d-x debug info(30811): cocos2d: removeChildByTag(tag = -86050082): child not found!
08-01 17:03:14.200 D/cocos2d-x debug info(30811): cocos2d: removeChildByTag(tag = -86050082): child not found!
08-01 17:03:14.200 D/cocos2d-x debug info(30811): cocos2d: removeChildByTag(tag = -86050082): child not found!
08-01 17:03:14.750 D/cocos2d-x debug info(30811): Node warning: setPhysicsBody sets anchor point to Vec2::ANCHOR_MIDDLE.
08-01 17:03:16.615 D/cocos2d-x debug info(30811): cocos2d: removeChildByTag(tag = -86050082): child not found!
08-01 17:03:16.615 D/cocos2d-x debug info(30811): cocos2d: removeChildByTag(tag = -86050082): child not found!
08-01 17:03:16.615 D/cocos2d-x debug info(30811): cocos2d: removeChildByTag(tag = -86050082): child not found!
08-01 17:03:16.615 D/cocos2d-x debug info(30811): cocos2d: removeChildByTag(tag = -86050082): child not found!
08-01 17:03:16.615 D/cocos2d-x debug info(30811): cocos2d: removeChildByTag(tag = -86050082): child not found!
08-01 17:03:16.615 D/cocos2d-x debug info(30811): cocos2d: removeChildByTag(tag = -86050082): child not found!
08-01 17:03:16.620 D/cocos2d-x debug info(30811): cocos2d: removeChildByTag(tag = -86050082): child not found!
08-01 17:03:16.620 D/cocos2d-x debug info(30811): cocos2d: removeChildByTag(tag = -86050082): child not found!
08-01 17:03:18.875 D/cocos2d-x debug info(30811): Node warning: setPhysicsBody sets anchor point to Vec2::ANCHOR_MIDDLE.
08-01 17:03:20.725 D/cocos2d-x debug info(30811): cocos2d: removeChildByTag(tag = -86050082): child not found!
08-01 17:03:20.725 D/cocos2d-x debug info(30811): cocos2d: removeChildByTag(tag = -86050082): child not found!
08-01 17:03:20.725 D/cocos2d-x debug info(30811): cocos2d: removeChildByTag(tag = -86050082): child not found!
08-01 17:03:20.730 D/cocos2d-x debug info(30811): cocos2d: removeChildByTag(tag = -86050082): child not found!
08-01 17:03:20.730 D/cocos2d-x debug info(30811): cocos2d: removeChildByTag(tag = -86050082): child not found!
08-01 17:03:20.735 D/cocos2d-x debug info(30811): cocos2d: removeChildByTag(tag = -86050082): child not found!
08-01 17:03:20.740 D/cocos2d-x debug info(30811): cocos2d: removeChildByTag(tag = -86050082): child not found!
08-01 17:03:21.265 D/cocos2d-x debug info(30811): Node warning: setPhysicsBody sets anchor point to Vec2::ANCHOR_MIDDLE.
08-01 17:03:23.125 D/cocos2d-x debug info(30811): cocos2d: removeChildByTag(tag = -86050082): child not found!
08-01 17:03:23.125 D/cocos2d-x debug info(30811): cocos2d: removeChildByTag(tag = -86050082): child not found!
08-01 17:03:23.130 D/cocos2d-x debug info(30811): cocos2d: removeChildByTag(tag = -86050082): child not found!
08-01 17:03:23.130 D/cocos2d-x debug info(30811): cocos2d: removeChildByTag(tag = -86050082): child not found!
08-01 17:03:23.135 D/cocos2d-x debug info(30811): cocos2d: removeChildByTag(tag = -86050082): child not found!
08-01 17:03:23.135 D/cocos2d-x debug info(30811): cocos2d: removeChildByTag(tag = -86050082): child not found!
08-01 17:03:23.145 D/cocos2d-x debug info(30811): cocos2d: removeChildByTag(tag = -86050082): child not found!
08-01 17:03:23.145 D/cocos2d-x debug info(30811): cocos2d: removeChildByTag(tag = -86050082): child not found!
08-01 17:03:23.655 D/cocos2d-x debug info(30811): Node warning: setPhysicsBody sets anchor point to Vec2::ANCHOR_MIDDLE.
08-01 17:03:25.575 D/cocos2d-x debug info(30811): cocos2d: removeChildByTag(tag = -86050082): child not found!
08-01 17:03:25.575 D/cocos2d-x debug info(30811): cocos2d: removeChildByTag(tag = -86050082): child not found!
08-01 17:03:25.580 D/cocos2d-x debug info(30811): cocos2d: removeChildByTag(tag = -86050082): child not found!
08-01 17:03:25.585 D/cocos2d-x debug info(30811): cocos2d: removeChildByTag(tag = -86050082): child not found!
08-01 17:03:25.585 D/cocos2d-x debug info(30811): cocos2d: removeChildByTag(tag = -86050082): child not found!
08-01 17:03:25.595 D/cocos2d-x debug info(30811): cocos2d: removeChildByTag(tag = -86050082): child not found!
08-01 17:03:25.595 D/cocos2d-x debug info(30811): cocos2d: removeChildByTag(tag = -86050082): child not found!
08-01 17:03:26.110 D/cocos2d-x debug info(30811): Node warning: setPhysicsBody sets anchor point to Vec2::ANCHOR_MIDDLE.
08-01 17:03:27.975 D/cocos2d-x debug info(30811): cocos2d: removeChildByTag(tag = -86050082): child not found!
08-01 17:03:27.975 D/cocos2d-x debug info(30811): cocos2d: removeChildByTag(tag = -86050082): child not found!
08-01 17:03:27.975 D/cocos2d-x debug info(30811): cocos2d: removeChildByTag(tag = -86050082): child not found!
08-01 17:03:27.975 D/cocos2d-x debug info(30811): cocos2d: removeChildByTag(tag = -86050082): child not found!
08-01 17:03:27.975 D/cocos2d-x debug info(30811): cocos2d: removeChildByTag(tag = -86050082): child not found!
08-01 17:03:27.980 D/cocos2d-x debug info(30811): cocos2d: removeChildByTag(tag = -86050082): child not found!
08-01 17:03:27.980 D/cocos2d-x debug info(30811): cocos2d: removeChildByTag(tag = -86050082): child not found!
08-01 17:03:27.980 D/cocos2d-x debug info(30811): cocos2d: removeChildByTag(tag = -86050082): child not found!
08-01 17:03:28.455 D/cocos2d-x debug info(30811): Node warning: setPhysicsBody sets anchor point to Vec2::ANCHOR_MIDDLE.
08-01 17:03:30.325 D/cocos2d-x debug info(30811): cocos2d: removeChildByTag(tag = -86050082): child not found!
08-01 17:03:30.325 D/cocos2d-x debug info(30811): cocos2d: removeChildByTag(tag = -86050082): child not found!
08-01 17:03:30.325 D/cocos2d-x debug info(30811): cocos2d: removeChildByTag(tag = -86050082): child not found!
08-01 17:03:30.325 D/cocos2d-x debug info(30811): cocos2d: removeChildByTag(tag = -86050082): child not found!
08-01 17:03:30.325 D/cocos2d-x debug info(30811): cocos2d: removeChildByTag(tag = -86050082): child not found!
08-01 17:03:30.325 D/cocos2d-x debug info(30811): cocos2d: removeChildByTag(tag = -86050082): child not found!
08-01 17:03:30.325 D/cocos2d-x debug info(30811): cocos2d: removeChildByTag(tag = -86050082): child not found!
08-01 17:03:30.760 D/cocos2d-x debug info(30811): Node warning: setPhysicsBody sets anchor point to Vec2::ANCHOR_MIDDLE.
08-01 17:03:32.615 D/cocos2d-x debug info(30811): cocos2d: removeChildByTag(tag = -86050082): child not found!
08-01 17:03:32.615 D/cocos2d-x debug info(30811): cocos2d: removeChildByTag(tag = -86050082): child not found!
08-01 17:03:32.620 D/cocos2d-x debug info(30811): cocos2d: removeChildByTag(tag = -86050082): child not found!
08-01 17:03:32.620 D/cocos2d-x debug info(30811): cocos2d: removeChildByTag(tag = -86050082): child not found!
08-01 17:03:32.625 D/cocos2d-x debug info(30811): cocos2d: removeChildByTag(tag = -86050082): child not found!
08-01 17:03:32.630 D/cocos2d-x debug info(30811): cocos2d: removeChildByTag(tag = -86050082): child not found!
08-01 17:03:32.630 D/cocos2d-x debug info(30811): cocos2d: removeChildByTag(tag = -86050082): child not found!
08-01 17:03:37.855 D/lights  ( 2249): set_light_buttons: 2
08-01 17:03:48.535 D/SurfaceFlinger( 1843): Screen released, type=0 flinger=0x40c60450
08-01 17:03:48.720 D/TinyALSA-Audio Hardware( 1846): audio_hw_set_parameters(0x400b1938, screen_state=off)++
08-01 17:03:48.720 D/TinyALSA-Audio Hardware( 1846): audio_hw_set_parameters(0x400b1938, screen_state=off)-- (PARAMETER ERROR)
08-01 17:03:48.725 E/audio_a2dp_hw( 1846): adev_set_parameters: ERROR: set param called even when stream out is null
08-01 17:03:48.760 I/AppLockService(30672): Screen OFF
08-01 17:03:53.700 D/AudioPolicyManagerBase( 1846): getOutput() device 2, stream 1, samplingRate 0, format 0, channelMask 3, flags 0
08-01 17:03:53.700 D/AudioPolicyManagerBase( 1846): getOutput() returns output 2
08-01 17:03:53.705 D/AudioPolicyManagerBase( 1846): getOutput() device 2, stream 1, samplingRate 0, format 0, channelMask 3, flags 0
08-01 17:03:53.705 D/AudioPolicyManagerBase( 1846): getOutput() returns output 2
08-01 17:03:53.710 D/AudioPolicyManagerBase( 1846): getOutput() device 2, stream 1, samplingRate 44100, format 1, channelMask 3, flags 4
08-01 17:03:53.710 D/AudioPolicyManagerBase( 1846): getOutput() returns output 2
08-01 17:03:53.720 D/AudioFlinger( 1846): start(4101), calling pid 2354 session 2498
08-01 17:03:53.720 D/AudioFlinger( 1846): ? => ACTIVE (4101) on thread 0x40eef938
08-01 17:03:53.720 D/AudioPolicyManagerBase( 1846): startOutput() output 2, stream 1, session 2498
08-01 17:03:53.730 D/Yamaha-MC1N2-Audio( 1846): yamaha_mc1n2_audio_output_start()
08-01 17:03:53.730 D/Yamaha-MC1N2-Audio( 1846): yamaha_mc1n2_audio_route_start()
08-01 17:03:53.730 D/Yamaha-MC1N2-Audio( 1846): (yamaha_mc1n2_audio_params_route_find): device = 2, direction = 0
08-01 17:03:53.940 V/Zygote  (30914): Switching descriptor 32 to /dev/null
08-01 17:03:53.940 V/Zygote  (30914): Switching descriptor 10 to /dev/null
08-01 17:03:54.000 D/ActivityThread(30914): handleBindApplication:com.cyanogenmod.lockclock
08-01 17:03:54.000 D/ActivityThread(30914): setTargetHeapUtilization:0.25
08-01 17:03:54.000 D/ActivityThread(30914): setTargetHeapMinFree:524288
08-01 17:03:54.320 I/Choreographer( 2354): Skipped 37 frames!  The application may be doing too much work on its main thread.
08-01 17:03:54.385 W/View    ( 2354): requestLayout() improperly called by android.widget.TextClock{42044708 V.ED.... ......ID 0,0-53,129 #7f0b0013 app:id/clock1_regular} during layout: running second layout pass
08-01 17:03:54.385 W/View    ( 2354): requestLayout() improperly called by android.widget.TextClock{42056c58 V.ED.... ......ID 53,0-176,129 #7f0b0014 app:id/clock2_regular} during layout: running second layout pass
08-01 17:03:54.385 W/View    ( 2354): requestLayout() improperly called by android.widget.TextClock{42130638 V.ED.... ......ID 69,1-175,26 #7f0b0018 app:id/date_bold} during layout: running second layout pass
08-01 17:03:54.385 W/View    ( 2354): requestLayout() improperly called by android.widget.TextView{41fc7f48 V.ED.... ......ID 217,1-311,26 #7f0b001b app:id/nextAlarm_bold} during layout: running second layout pass
08-01 17:03:54.385 W/View    ( 2354): requestLayout() improperly called by android.widget.TextView{421246a0 V.ED.... ......ID 77,6-133,35 #7f0b0021 app:id/weather_city} during layout: running second layout pass
08-01 17:03:54.385 W/View    ( 2354): requestLayout() improperly called by android.widget.TextView{42174c48 V.ED.... ......ID 64,35-133,60 #7f0b0027 app:id/weather_condition} during layout: running second layout pass
08-01 17:03:54.385 W/View    ( 2354): requestLayout() improperly called by android.widget.TextView{421b19c0 V.ED.... ......ID 66,60-133,75 #7f0b0022 app:id/update_time} during layout: running second layout pass
08-01 17:03:54.385 W/View    ( 2354): requestLayout() improperly called by android.widget.TextView{42582b60 V.ED.... ......ID 2,0-64,41 #7f0b0024 app:id/weather_temp} during layout: running second layout pass
08-01 17:03:54.385 W/View    ( 2354): requestLayout() improperly called by android.widget.TextView{422576c8 V.ED.... ......ID 0,43-66,71 #7f0b0026 app:id/weather_low_high} during layout: running second layout pass
08-01 17:03:54.425 D/PhoneStatusBar( 2354): disable: < EXPAND* icons alerts TICKER* system_info BACK* HOME* RECENT* CLOCK* SEARCH* >
08-01 17:03:56.915 D/Yamaha-MC1N2-Audio( 1846): yamaha_mc1n2_audio_output_stop()
08-01 17:03:56.915 D/Yamaha-MC1N2-Audio( 1846): yamaha_mc1n2_audio_route_start()
08-01 17:03:58.385 D/lights  ( 2249): set_light_buttons: 1
08-01 17:03:58.695 D/TinyALSA-Audio Hardware( 1846): audio_hw_set_parameters(0x400b1938, screen_state=on)++
08-01 17:03:58.695 D/TinyALSA-Audio Hardware( 1846): audio_hw_set_parameters(0x400b1938, screen_state=on)-- (PARAMETER ERROR)
08-01 17:03:58.695 E/audio_a2dp_hw( 1846): adev_set_parameters: ERROR: set param called even when stream out is null
08-01 17:03:58.705 I/AppLockService(30672): Screen ON
08-01 17:03:58.705 D/AppLockService(30672): Scheduling alarm (interval=150)
08-01 17:03:58.720 D/AppLockService(30672): appchanged  (>com.mkapps.jumpoverheader)
08-01 17:03:58.740 D/PowerManagerService-JNI( 2249): Excessive delay in autosuspend_disable() while turning screen on: 345ms
08-01 17:03:58.745 D/SurfaceFlinger( 1843): Screen acquired, type=0 flinger=0x40c60450
08-01 17:03:59.695 D/AudioPolicyManagerBase( 1846): getOutput() device 2, stream 1, samplingRate 0, format 0, channelMask 3, flags 0
08-01 17:03:59.695 D/AudioPolicyManagerBase( 1846): getOutput() returns output 2
08-01 17:03:59.695 D/AudioPolicyManagerBase( 1846): getOutput() device 2, stream 1, samplingRate 0, format 0, channelMask 3, flags 0
08-01 17:03:59.695 D/AudioPolicyManagerBase( 1846): getOutput() returns output 2
08-01 17:03:59.695 D/AudioPolicyManagerBase( 1846): getOutput() device 2, stream 1, samplingRate 44100, format 1, channelMask 3, flags 4
08-01 17:03:59.695 D/AudioPolicyManagerBase( 1846): getOutput() returns output 2
08-01 17:03:59.695 D/AudioFlinger( 1846): start(4099), calling pid 2354 session 2499
08-01 17:03:59.695 D/AudioFlinger( 1846): ? => ACTIVE (4099) on thread 0x43282010
08-01 17:03:59.700 D/AudioPolicyManagerBase( 1846): startOutput() output 2, stream 1, session 2499
08-01 17:03:59.700 D/Yamaha-MC1N2-Audio( 1846): yamaha_mc1n2_audio_output_start()
08-01 17:03:59.700 D/Yamaha-MC1N2-Audio( 1846): yamaha_mc1n2_audio_route_start()
08-01 17:03:59.700 D/Yamaha-MC1N2-Audio( 1846): (yamaha_mc1n2_audio_params_route_find): device = 2, direction = 0
08-01 17:03:59.750 I/Timeline(30811): Timeline: Activity_idle id: android.os.BinderProxy@41e3bdd8 time:121337541
08-01 17:03:59.795 D/PhoneStatusBar( 2354): disable: < expand* icons alerts ticker* system_info back* home* recent* clock* search* >
08-01 17:03:59.860 V/PhoneStatusBar( 2354): setLightsOn(true)
08-01 17:04:01.975 D/cocos2d-x debug info(30811): Node warning: setPhysicsBody sets anchor point to Vec2::ANCHOR_MIDDLE.
08-01 17:04:02.855 D/Yamaha-MC1N2-Audio( 1846): yamaha_mc1n2_audio_output_stop()
08-01 17:04:02.855 D/Yamaha-MC1N2-Audio( 1846): yamaha_mc1n2_audio_route_start()
08-01 17:04:03.845 D/cocos2d-x debug info(30811): cocos2d: removeChildByTag(tag = -86050082): child not found!
08-01 17:04:03.845 D/cocos2d-x debug info(30811): cocos2d: removeChildByTag(tag = -86050082): child not found!
08-01 17:04:03.845 D/cocos2d-x debug info(30811): cocos2d: removeChildByTag(tag = -86050082): child not found!
08-01 17:04:03.845 D/cocos2d-x debug info(30811): cocos2d: removeChildByTag(tag = -86050082): child not found!
08-01 17:04:03.845 D/cocos2d-x debug info(30811): cocos2d: removeChildByTag(tag = -86050082): child not found!
08-01 17:04:03.845 D/cocos2d-x debug info(30811): cocos2d: removeChildByTag(tag = -86050082): child not found!
08-01 17:04:03.845 D/cocos2d-x debug info(30811): cocos2d: removeChildByTag(tag = -86050082): child not found!
08-01 17:04:03.845 D/cocos2d-x debug info(30811): cocos2d: removeChildByTag(tag = -86050082): child not found!
08-01 17:04:04.300 D/cocos2d-x debug info(30811): Node warning: setPhysicsBody sets anchor point to Vec2::ANCHOR_MIDDLE.
08-01 17:04:06.150 D/cocos2d-x debug info(30811): cocos2d: removeChildByTag(tag = -86050082): child not found!
08-01 17:04:06.150 D/cocos2d-x debug info(30811): cocos2d: removeChildByTag(tag = -86050082): child not found!
08-01 17:04:06.150 D/cocos2d-x debug info(30811): cocos2d: removeChildByTag(tag = -86050082): child not found!
08-01 17:04:06.150 D/cocos2d-x debug info(30811): cocos2d: removeChildByTag(tag = -86050082): child not found!
08-01 17:04:06.150 D/cocos2d-x debug info(30811): cocos2d: removeChildByTag(tag = -86050082): child not found!
08-01 17:04:06.150 D/cocos2d-x debug info(30811): cocos2d: removeChildByTag(tag = -86050082): child not found!
08-01 17:04:06.150 D/cocos2d-x debug info(30811): cocos2d: removeChildByTag(tag = -86050082): child not found!
08-01 17:04:06.150 D/cocos2d-x debug info(30811): cocos2d: removeChildByTag(tag = -86050082): child not found!
08-01 17:04:06.615 D/cocos2d-x debug info(30811): Node warning: setPhysicsBody sets anchor point to Vec2::ANCHOR_MIDDLE.
08-01 17:04:07.525 D/AndroidRuntime(30952): 
08-01 17:04:07.525 D/AndroidRuntime(30952): >>>>>> AndroidRuntime START com.android.internal.os.RuntimeInit <<<<<<
08-01 17:04:07.530 D/AndroidRuntime(30952): CheckJNI is OFF
08-01 17:04:07.545 D/dalvikvm(30952): Trying to load lib libjavacore.so 0x0
08-01 17:04:07.545 D/dalvikvm(30952): Added shared lib libjavacore.so 0x0
08-01 17:04:07.550 D/dalvikvm(30952): Trying to load lib libnativehelper.so 0x0
08-01 17:04:07.550 D/dalvikvm(30952): Added shared lib libnativehelper.so 0x0
08-01 17:04:07.550 D/dalvikvm(30952): No JNI_OnLoad found in libnativehelper.so 0x0, skipping init
08-01 17:04:07.575 E/cutils-trace(30952): Error opening trace file: No such file or directory (2)
08-01 17:04:07.590 D/dalvikvm(30952): Note: class Landroid/app/ActivityManagerNative; has 180 unimplemented (abstract) methods
08-01 17:04:07.755 E/memtrack(30952): Couldn't load memtrack module (No such file or directory)
08-01 17:04:07.755 E/android.os.Debug(30952): failed to load memtrack module: -2
08-01 17:04:07.830 D/AndroidRuntime(30952): Calling main entry com.android.commands.pm.Pm
08-01 17:04:07.870 D/[DateTime](31408): registerDateTimeReceivers
08-01 17:04:07.965 D/AppLockService(30672): appchanged  (com.mkapps.jumpoverheader>com.microsoft.launcher)
08-01 17:04:08.110 I/InputReader( 2249): Reconfiguring input devices.  changes=0x00000010
08-01 17:04:08.115 I/PackageManager( 2249):   Action: "android.intent.action.SENDTO"
08-01 17:04:08.115 I/PackageManager( 2249):   Category: "android.intent.category.DEFAULT"
08-01 17:04:08.115 I/PackageManager( 2249):   Scheme: "sms"
08-01 17:04:08.130 W/CursorWrapperInner(29030): Cursor finalized without prior close()
08-01 17:04:08.135 I/LatinIME:LogUtils(30657): Dictionary info: dictionary = ? ; version = 26 ; date = 1351062238
08-01 17:04:08.165 W/GeofencerStateMachine(19018): Ignoring removeGeofence because network location is disabled.
08-01 17:04:08.165 I/PackageManager( 2249):   Action: "android.intent.action.SENDTO"
08-01 17:04:08.165 I/PackageManager( 2249):   Category: "android.intent.category.DEFAULT"
08-01 17:04:08.165 I/PackageManager( 2249):   Scheme: "smsto"
08-01 17:04:08.165 D/Documents(30742): Used cached roots for com.android.providers.downloads.documents
08-01 17:04:08.165 D/Documents(30742): Used cached roots for com.android.externalstorage.documents
08-01 17:04:08.165 D/Documents(30742): Used cached roots for com.android.providers.media.documents
08-01 17:04:08.165 D/Documents(30742): Update found 7 roots in 33ms
08-01 17:04:08.200 I/PackageManager( 2249):   Action: "android.intent.action.SENDTO"
08-01 17:04:08.200 I/PackageManager( 2249):   Category: "android.intent.category.DEFAULT"
08-01 17:04:08.200 I/PackageManager( 2249):   Scheme: "mms"
08-01 17:04:08.255 I/PackageManager( 2249):   Action: "android.intent.action.SENDTO"
08-01 17:04:08.255 I/PackageManager( 2249):   Category: "android.intent.category.DEFAULT"
08-01 17:04:08.255 I/PackageManager( 2249):   Scheme: "mmsto"
08-01 17:04:08.300 I/PackageManager( 2249):   Action: "android.intent.action.SENDTO"
08-01 17:04:08.300 I/PackageManager( 2249):   Category: "android.intent.category.DEFAULT"
08-01 17:04:08.300 I/PackageManager( 2249):   Scheme: "sms"
08-01 17:04:08.375 I/PackageManager( 2249):   Action: "android.intent.action.SENDTO"
08-01 17:04:08.375 I/PackageManager( 2249):   Category: "android.intent.category.DEFAULT"
08-01 17:04:08.375 I/PackageManager( 2249):   Scheme: "smsto"
08-01 17:04:08.435 I/PackageManager( 2249):   Action: "android.intent.action.SENDTO"
08-01 17:04:08.435 I/PackageManager( 2249):   Category: "android.intent.category.DEFAULT"
08-01 17:04:08.435 I/PackageManager( 2249):   Scheme: "mms"
08-01 17:04:08.475 I/PackageManager( 2249):   Action: "android.intent.action.SENDTO"
08-01 17:04:08.475 I/PackageManager( 2249):   Category: "android.intent.category.DEFAULT"
08-01 17:04:08.475 I/PackageManager( 2249):   Scheme: "mmsto"
08-01 17:04:08.535 D/VoicemailCleanupService(23755): Cleaning up data for package: com.mkapps.jumpoverheader
08-01 17:04:08.555 V/Zygote  (30976): Switching descriptor 32 to /dev/null
08-01 17:04:08.555 V/Zygote  (30976): Switching descriptor 10 to /dev/null
08-01 17:04:08.605 I/wpa_supplicant(11151): wlan0: CTRL-EVENT-SCAN-STARTED 
08-01 17:04:08.620 D/ActivityThread(30976): handleBindApplication:com.cyanogenmod.trebuchet
08-01 17:04:08.620 D/ActivityThread(30976): setTargetHeapUtilization:0.25
08-01 17:04:08.620 D/ActivityThread(30976): setTargetHeapMinFree:524288
08-01 17:04:08.625 I/Launcher(31408): Deferring update until onResume
08-01 17:04:08.635 W/Binder  (30657): Caught a RuntimeException from the binder stub implementation.
08-01 17:04:08.635 W/Binder  (30657): java.lang.NullPointerException
08-01 17:04:08.635 W/Binder  (30657): 	at android.inputmethodservice.IInputMethodWrapper.setSessionEnabled(IInputMethodWrapper.java:280)
08-01 17:04:08.635 W/Binder  (30657): 	at com.android.internal.view.IInputMethod$Stub.onTransact(IInputMethod.java:129)
08-01 17:04:08.635 W/Binder  (30657): 	at android.os.Binder.execTransact(Binder.java:404)
08-01 17:04:08.635 W/Binder  (30657): 	at dalvik.system.NativeStart.run(Native Method)
08-01 17:04:08.730 D/Launcher.LauncherProvider(30976): 11683562 - initializeMaxScreenId(): 2
08-01 17:04:08.735 V/Launcher(30976): LauncherAppState inited
08-01 17:04:08.755 W/Searchables( 2249): No global search activity found
08-01 17:04:08.755 W/Launcher(30976): setApplicationContext called twice! old=com.android.launcher3.LauncherApplication@41e4a498 new=com.android.launcher3.LauncherApplication@41e4a498
08-01 17:04:08.765 I/Launcher(31408): Deferring update until onResume
08-01 17:04:08.770 D/AndroidRuntime(30952): Shutting down VM
08-01 17:04:08.775 I/Timeline(31408): Timeline: Activity_idle id: android.os.BinderProxy@422db5a0 time:121346565
08-01 17:04:08.775 D/jdwp    (30952): Got wake-up signal, bailing out of select
08-01 17:04:08.775 D/dalvikvm(30952): Debugger has detached; object registry had 1 entries
08-01 17:04:08.795 V/Zygote  (30994): Switching descriptor 32 to /dev/null
08-01 17:04:08.795 V/Zygote  (30994): Switching descriptor 10 to /dev/null
08-01 17:04:08.840 D/ActivityThread(30994): handleBindApplication:com.android.keychain
08-01 17:04:08.840 D/ActivityThread(30994): setTargetHeapUtilization:0.25
08-01 17:04:08.840 D/ActivityThread(30994): setTargetHeapMinFree:524288
08-01 17:04:08.890 E/NetworkScheduler.SchedulerReceiver(19079): Invalid parameter app
08-01 17:04:08.890 E/NetworkScheduler.SchedulerReceiver(19079): Invalid package name : Perhaps you didn't include a PendingIntent in the extras?
08-01 17:04:08.930 D/ChimeraCfgMgr(31500): Loading module com.google.android.gms.games from APK com.google.android.gms
08-01 17:04:08.930 D/PackageBroadcastService(31500): Received broadcast action=android.intent.action.PACKAGE_REMOVED and uri=com.mkapps.jumpoverheader
08-01 17:04:08.930 D/AccountUtils(31500): Clearing selected account for com.mkapps.jumpoverheader
08-01 17:04:08.940 I/LocationSettingsChecker(31500): Removing dialog suppression flag for package com.mkapps.jumpoverheader
08-01 17:04:08.965 D/GOOGLEHELP_CompatibleDatabase(31500): Open SQLiteDatabase: /data/data/com.google.android.gms/databases/metrics.db, release reference: 1
08-01 17:04:08.965 D/GOOGLEHELP_CompatibleDatabase(31500): Acquire reference of SQLiteDatabase: /data/data/com.google.android.gms/databases/metrics.db: 2
08-01 17:04:08.975 D/gH_MetricsDatabase(31500): 0 metrics were deleted when clearing package com.mkapps.jumpoverheader.
08-01 17:04:08.975 D/GOOGLEHELP_CompatibleDatabase(31500): Release reference of SQLiteDatabase: /data/data/com.google.android.gms/databases/metrics.db: 1
08-01 17:04:08.995 D/GOOGLEHELP_CompatibleDatabase(31500): Open SQLiteDatabase: /data/data/com.google.android.gms/databases/help_responses.db, release reference: 1
08-01 17:04:08.995 D/GOOGLEHELP_CompatibleDatabase(31500): Acquire reference of SQLiteDatabase: /data/data/com.google.android.gms/databases/help_responses.db: 2
08-01 17:04:08.995 D/GOOGLEHELP_CompatibleDatabase(31500): Release reference of SQLiteDatabase: /data/data/com.google.android.gms/databases/help_responses.db: 1
08-01 17:04:09.000 D/GOOGLEHELP_CompatibleDatabase(31500): Open SQLiteDatabase: /data/data/com.google.android.gms/databases/auto_complete_suggestions.db, release reference: 1
08-01 17:04:09.000 D/GOOGLEHELP_CompatibleDatabase(31500): Acquire reference of SQLiteDatabase: /data/data/com.google.android.gms/databases/auto_complete_suggestions.db: 2
08-01 17:04:09.000 D/GOOGLEHELP_CompatibleDatabase(31500): Release reference of SQLiteDatabase: /data/data/com.google.android.gms/databases/auto_complete_suggestions.db: 1
08-01 17:04:09.000 D/GOOGLEHELP_CompatibleDatabase(31500): Close SQLiteDatabase: /data/data/com.google.android.gms/databases/metrics.db, release reference: 0
08-01 17:04:09.000 D/GOOGLEHELP_CompatibleDatabase(31500): Close SQLiteDatabase: /data/data/com.google.android.gms/databases/help_responses.db, release reference: 0
08-01 17:04:09.000 D/GOOGLEHELP_CompatibleDatabase(31500): Close SQLiteDatabase: /data/data/com.google.android.gms/databases/auto_complete_suggestions.db, release reference: 0
08-01 17:04:09.015 I/Timeline( 2249): Timeline: Activity_windows_visible id: ActivityRecord{41ecb618 u0 com.microsoft.launcher/.Launcher t63} time:121346807
08-01 17:04:09.030 I/ConfigService(19079): onCreate
08-01 17:04:09.035 I/ConfigFetchService(31500): onStartCommand Intent { act=android.intent.action.PACKAGE_REMOVED dat=package:com.mkapps.jumpoverheader cmp=com.google.android.gms/.config.ConfigFetchService (has extras) }
08-01 17:04:09.065 I/PeopleContactsSync(31500): CP2 sync disabled
08-01 17:04:09.075 I/Icing   (31500): doRemovePackageData com.mkapps.jumpoverheader
08-01 17:04:09.420 V/Zygote  (31059): Switching descriptor 32 to /dev/null
08-01 17:04:09.420 V/Zygote  (31059): Switching descriptor 10 to /dev/null
08-01 17:04:09.465 D/ActivityThread(31059): handleBindApplication:com.android.documentsui
08-01 17:04:09.465 D/ActivityThread(31059): setTargetHeapUtilization:0.25
08-01 17:04:09.465 D/ActivityThread(31059): setTargetHeapMinFree:524288
08-01 17:04:09.525 D/Documents(31059): Loading roots for com.android.providers.downloads.documents
08-01 17:04:09.535 D/Documents(31059): Loading roots for com.android.externalstorage.documents
08-01 17:04:09.545 V/Zygote  (31073): Switching descriptor 32 to /dev/null
08-01 17:04:09.545 V/Zygote  (31073): Switching descriptor 10 to /dev/null
08-01 17:04:09.640 D/ActivityThread(31073): handleBindApplication:com.android.externalstorage
08-01 17:04:09.640 D/ActivityThread(31073): setTargetHeapUtilization:0.25
08-01 17:04:09.640 D/ActivityThread(31073): setTargetHeapMinFree:524288
08-01 17:04:09.690 D/ExternalStorage(31073): After updating volumes, found 2 active roots
08-01 17:04:09.690 D/Documents(31059): Updating roots due to change at content://com.android.externalstorage.documents/root
08-01 17:04:09.715 D/Documents(31059): Loading roots for com.android.providers.media.documents
08-01 17:04:09.735 D/Documents(31059): Update found 7 roots in 210ms
08-01 17:04:09.745 D/Documents(31059): Used cached roots for com.android.providers.downloads.documents
08-01 17:04:09.745 D/Documents(31059): Loading roots for com.android.externalstorage.documents
08-01 17:04:09.750 D/Documents(31059): Used cached roots for com.android.providers.media.documents
08-01 17:04:09.755 D/Documents(31059): Update found 7 roots in 16ms
08-01 17:04:09.840 D/AndroidRuntime(31081): 
08-01 17:04:09.840 D/AndroidRuntime(31081): >>>>>> AndroidRuntime START com.android.internal.os.RuntimeInit <<<<<<
08-01 17:04:09.840 D/AndroidRuntime(31081): CheckJNI is OFF
08-01 17:04:09.860 D/dalvikvm(31081): Trying to load lib libjavacore.so 0x0
08-01 17:04:09.865 D/dalvikvm(31081): Added shared lib libjavacore.so 0x0
08-01 17:04:09.865 D/dalvikvm(31081): Trying to load lib libnativehelper.so 0x0
08-01 17:04:09.870 D/dalvikvm(31081): Added shared lib libnativehelper.so 0x0
08-01 17:04:09.870 D/dalvikvm(31081): No JNI_OnLoad found in libnativehelper.so 0x0, skipping init
08-01 17:04:09.895 E/cutils-trace(31081): Error opening trace file: No such file or directory (2)
08-01 17:04:09.900 D/dalvikvm(31081): Note: class Landroid/app/ActivityManagerNative; has 180 unimplemented (abstract) methods
08-01 17:04:10.055 E/memtrack(31081): Couldn't load memtrack module (No such file or directory)
08-01 17:04:10.055 E/android.os.Debug(31081): failed to load memtrack module: -2
08-01 17:04:10.155 D/AndroidRuntime(31081): Calling main entry com.android.commands.pm.Pm
08-01 17:04:10.180 D/Finsky  (27829): [1] PackageVerificationReceiver.onReceive: Verification requested, id = 123
08-01 17:04:10.200 D/Finsky  (27829): [1] WorkerTask.onPreExecute: Verification Requested for id = 123, data=file:///data/local/tmp/JumpOverHeader-debug.apk flags=112 fromVerificationActivity=false
08-01 17:04:11.520 D/lights  ( 2249): set_light_buttons: 2
08-01 17:04:11.640 I/qtaguid (27829): Failed write_ctrl(u 73) res=-1 errno=22
08-01 17:04:11.640 I/qtaguid (27829): Untagging socket 73 failed errno=-22
08-01 17:04:11.640 W/NetworkManagementSocketTagger(27829): untagSocket(73) failed with errno -22
08-01 17:04:11.650 D/Finsky  (27829): [1] 1.onResponse: Verification id=123 response=0
08-01 17:04:11.675 D/Finsky  (27829): [1] PackageVerificationReceiver.onReceive: Verification requested, id = 123
08-01 17:04:12.315 I/PackageManager( 2249): Running dexopt on: com.mkapps.jumpoverheader
08-01 17:04:12.440 D/dalvikvm(31110): DexOpt: load 43ms, verify+opt 43ms, 589492 bytes
08-01 17:04:12.870 I/PackageManager( 2249):   Action: "android.intent.action.SENDTO"
08-01 17:04:12.870 I/PackageManager( 2249):   Category: "android.intent.category.DEFAULT"
08-01 17:04:12.870 I/PackageManager( 2249):   Scheme: "sms"
08-01 17:04:12.870 I/InputReader( 2249): Reconfiguring input devices.  changes=0x00000010
08-01 17:04:12.930 D/Documents(31059): Used cached roots for com.android.providers.downloads.documents
08-01 17:04:12.930 D/Documents(31059): Used cached roots for com.android.externalstorage.documents
08-01 17:04:12.930 D/Documents(31059): Used cached roots for com.android.providers.media.documents
08-01 17:04:12.930 D/Documents(31059): Update found 7 roots in 50ms
08-01 17:04:12.935 I/PackageManager( 2249):   Action: "android.intent.action.SENDTO"
08-01 17:04:12.935 I/PackageManager( 2249):   Category: "android.intent.category.DEFAULT"
08-01 17:04:12.935 I/PackageManager( 2249):   Scheme: "smsto"
08-01 17:04:12.985 I/PackageManager( 2249):   Action: "android.intent.action.SENDTO"
08-01 17:04:12.985 I/PackageManager( 2249):   Category: "android.intent.category.DEFAULT"
08-01 17:04:12.990 I/PackageManager( 2249):   Scheme: "mms"
08-01 17:04:12.990 D/Launcher[Debug](31408): Start updating new install apps
08-01 17:04:12.990 I/Launcher(31408): Deferring update until onResume
08-01 17:04:13.040 I/PackageManager( 2249):   Action: "android.intent.action.SENDTO"
08-01 17:04:13.040 I/PackageManager( 2249):   Category: "android.intent.category.DEFAULT"
08-01 17:04:13.040 I/PackageManager( 2249):   Scheme: "mmsto"
08-01 17:04:13.110 D/AndroidRuntime(31081): Shutting down VM
08-01 17:04:13.115 D/jdwp    (31081): Got wake-up signal, bailing out of select
08-01 17:04:13.115 D/dalvikvm(31081): Debugger has detached; object registry had 1 entries
08-01 17:04:13.145 I/PackageManager( 2249):   Action: "android.intent.action.SENDTO"
08-01 17:04:13.145 I/PackageManager( 2249):   Category: "android.intent.category.DEFAULT"
08-01 17:04:13.145 I/PackageManager( 2249):   Scheme: "sms"
08-01 17:04:13.175 I/PackageManager( 2249):   Action: "android.intent.action.SENDTO"
08-01 17:04:13.175 I/PackageManager( 2249):   Category: "android.intent.category.DEFAULT"
08-01 17:04:13.175 I/PackageManager( 2249):   Scheme: "smsto"
08-01 17:04:13.205 I/PackageManager( 2249):   Action: "android.intent.action.SENDTO"
08-01 17:04:13.205 I/PackageManager( 2249):   Category: "android.intent.category.DEFAULT"
08-01 17:04:13.205 I/PackageManager( 2249):   Scheme: "mms"
08-01 17:04:13.210 W/Launcher.Model(30976): Nobody to tell about the new app.  Launcher is probably loading.
08-01 17:04:13.275 I/PackageManager( 2249):   Action: "android.intent.action.SENDTO"
08-01 17:04:13.275 I/PackageManager( 2249):   Category: "android.intent.category.DEFAULT"
08-01 17:04:13.275 I/PackageManager( 2249):   Scheme: "mmsto"
08-01 17:04:13.325 I/Launcher(31408): Deferring update until onResume
08-01 17:04:13.360 W/Searchables( 2249): No global search activity found
08-01 17:04:13.660 D/AndroidRuntime(31117): 
08-01 17:04:13.660 D/AndroidRuntime(31117): >>>>>> AndroidRuntime START com.android.internal.os.RuntimeInit <<<<<<
08-01 17:04:13.660 D/AndroidRuntime(31117): CheckJNI is OFF
08-01 17:04:13.680 D/dalvikvm(31117): Trying to load lib libjavacore.so 0x0
08-01 17:04:13.680 D/dalvikvm(31117): Added shared lib libjavacore.so 0x0
08-01 17:04:13.685 D/dalvikvm(31117): Trying to load lib libnativehelper.so 0x0
08-01 17:04:13.685 D/dalvikvm(31117): Added shared lib libnativehelper.so 0x0
08-01 17:04:13.685 D/dalvikvm(31117): No JNI_OnLoad found in libnativehelper.so 0x0, skipping init
08-01 17:04:13.710 E/cutils-trace(31117): Error opening trace file: No such file or directory (2)
08-01 17:04:13.725 D/dalvikvm(31117): Note: class Landroid/app/ActivityManagerNative; has 180 unimplemented (abstract) methods
08-01 17:04:13.885 E/memtrack(31117): Couldn't load memtrack module (No such file or directory)
08-01 17:04:13.885 E/android.os.Debug(31117): failed to load memtrack module: -2
08-01 17:04:13.970 D/AndroidRuntime(31117): Calling main entry com.android.commands.am.Am
08-01 17:04:13.990 D/[DateTime](31408): unregisterDateTimeReceivers
08-01 17:04:13.995 D/AndroidRuntime(31117): Shutting down VM
08-01 17:04:13.995 D/jdwp    (31117): Got wake-up signal, bailing out of select
08-01 17:04:13.995 D/dalvikvm(31117): Debugger has detached; object registry had 1 entries
08-01 17:04:14.000 V/Zygote  (31128): Switching descriptor 32 to /dev/null
08-01 17:04:14.000 V/Zygote  (31128): Switching descriptor 10 to /dev/null
08-01 17:04:14.005 D/dalvikvm(31128): Late-enabling CheckJNI
08-01 17:04:14.035 I/dalvikvm(31128): Enabling JNI app bug workarounds for target SDK version 9...
08-01 17:04:14.055 V/PhoneStatusBar( 2354): setLightsOn(true)
08-01 17:04:14.065 D/ActivityThread(31128): handleBindApplication:com.mkapps.jumpoverheader
08-01 17:04:14.065 D/ActivityThread(31128): setTargetHeapUtilization:0.25
08-01 17:04:14.065 D/ActivityThread(31128): setTargetHeapMinFree:524288
08-01 17:04:14.070 I/ConfigService(19079): onDestroy
08-01 17:04:14.095 D/dalvikvm(31128): Trying to load lib /data/app-lib/com.mkapps.jumpoverheader-1/libcocos2dcpp.so 0x41e4c468
08-01 17:04:14.120 D/dalvikvm(31128): Added shared lib /data/app-lib/com.mkapps.jumpoverheader-1/libcocos2dcpp.so 0x41e4c468
08-01 17:04:14.125 D/JniHelper(31128): JniHelper::setJavaVM(0x41714f68), pthread_self() = 1074991444
08-01 17:04:14.140 D/main    (31128): cocos_android_app_init
08-01 17:04:14.160 D/AppLockService(30672): appchanged  (com.microsoft.launcher>com.mkapps.jumpoverheader)
08-01 17:04:14.170 D/Cocos2dxActivity(31128): model=GT-I9100
08-01 17:04:14.170 D/Cocos2dxActivity(31128): product=GT-I9100
08-01 17:04:14.170 D/Cocos2dxActivity(31128): isEmulator=false
08-01 17:04:14.185 D/CocosPlayClient.cpp(31128): isEnabled = 0
08-01 17:04:14.190 D/CocosPlayClient.cpp(31128): isDemo = 0
08-01 17:04:14.190 D/CocosPlayClient.cpp(31128): isNotifyFileLoadedEnabled = 0
08-01 17:04:14.255 D/libEGL  (31128): loaded /system/lib/egl/libEGL_mali.so
08-01 17:04:14.260 D/libEGL  (31128): loaded /system/lib/egl/libGLESv1_CM_mali.so
08-01 17:04:14.275 D/libEGL  (31128): loaded /system/lib/egl/libGLESv2_mali.so
08-01 17:04:14.285 E/        (31128): Device driver API match
08-01 17:04:14.285 E/        (31128): Device driver API version: 23
08-01 17:04:14.285 E/        (31128): User space API version: 23 
08-01 17:04:14.285 E/        (31128): mali: REVISION=Linux-r3p2-01rel3 BUILD_DATE=Wed Oct  9 21:05:57 KST 2013 
08-01 17:04:14.295 I/ActivityManager( 2249): Displayed com.mkapps.jumpoverheader/org.cocos2dx.cpp.AppActivity: +300ms
08-01 17:04:14.335 I/Timeline(31128): Timeline: Activity_idle id: android.os.BinderProxy@41e43350 time:121352129
08-01 17:04:14.340 D/cocos2d-x debug info(31128): 
08-01 17:04:14.340 D/cocos2d-x debug info(31128): {
08-01 17:04:14.340 D/cocos2d-x debug info(31128): 	gl.supports_vertex_array_object: false
08-01 17:04:14.340 D/cocos2d-x debug info(31128): 	gl.supports_BGRA8888: false
08-01 17:04:14.340 D/cocos2d-x debug info(31128): 	gl.supports_ATITC: false
08-01 17:04:14.340 D/cocos2d-x debug info(31128): 	gl.supports_S3TC: false
08-01 17:04:14.340 D/cocos2d-x debug info(31128): 	cocos2d.x.version: cocos2d-x 3.6
08-01 17:04:14.340 D/cocos2d-x debug info(31128): 	gl.supports_discard_framebuffer: true
08-01 17:04:14.340 D/cocos2d-x debug info(31128): 	cocos2d.x.compiled_with_profiler: false
08-01 17:04:14.340 D/cocos2d-x debug info(31128): 	gl.supports_PVRTC: false
08-01 17:04:14.340 D/cocos2d-x debug info(31128): 	cocos2d.x.build_type: DEBUG
08-01 17:04:14.340 D/cocos2d-x debug info(31128): 	gl.renderer: Mali-400 MP
08-01 17:04:14.340 D/cocos2d-x debug info(31128): 	gl.supports_ETC1: true
08-01 17:04:14.340 D/cocos2d-x debug info(31128): 	cocos2d.x.compiled_with_gl_state_cache: true
08-01 17:04:14.340 D/cocos2d-x debug info(31128): 	gl.version: OpenGL ES 2.0
08-01 17:04:14.340 D/cocos2d-x debug info(31128): 	gl.supports_NPOT: true
08-01 17:04:14.340 D/cocos2d-x debug info(31128): 	gl.max_texture_units: 8
