08-01 16:39:03.365 V/LockService(30672): called hideViewAnimate (mViewState=HIDING)
08-01 16:39:03.700 V/LockService(30672): called onViewHidden (mViewState=HIDING)
08-01 16:39:03.725 V/LockService(30672): onDestroy (mServiceState=BOUND)
08-01 16:39:03.725 V/LockService(30672): onDestroy unbinding
08-01 16:39:03.730 W/IInputConnectionWrapper(31408): showStatusIcon on inactive InputConnection
08-01 16:39:03.970 D/com.google.android.apps.ads.publisher.api.ApiClient(27889): Generating AdSense report: {accountId=pub-5804414957214484, dimension=[], endDate=startOfMonth-1d, locale=en_US, metric=[EARNINGS, PAGE_VIEWS, CLICKS, PAGE_VIEWS_CTR, COST_PER_CLICK, PAGE_VIEWS_RPM], sort=[-EARNINGS], startDate=startOfMonth-1m, useTimezoneReporting=true}
08-01 16:39:04.185 D/com.google.android.apps.ads.publisher.api.ApiClient(27889): Generating AdSense report: {accountId=pub-5804414957214484, dimension=[], endDate=today-1m, locale=en_US, metric=[EARNINGS, PAGE_VIEWS, CLICKS, PAGE_VIEWS_CTR, COST_PER_CLICK, PAGE_VIEWS_RPM], sort=[-EARNINGS], startDate=startOfMonth-1m, useTimezoneReporting=true}
08-01 16:39:04.225 D/com.google.android.apps.ads.publisher.api.ApiClient(27889): Generating AdSense report: {accountId=pub-5804414957214484, dimension=[], endDate=today, locale=en_US, metric=[EARNINGS, PAGE_VIEWS, CLICKS, PAGE_VIEWS_CTR, COST_PER_CLICK, PAGE_VIEWS_RPM], sort=[-EARNINGS], startDate=startOfMonth, useTimezoneReporting=true}
08-01 16:39:04.605 D/Yamaha-MC1N2-Audio( 1846): yamaha_mc1n2_audio_output_stop()
08-01 16:39:04.605 D/Yamaha-MC1N2-Audio( 1846): yamaha_mc1n2_audio_route_start()
08-01 16:39:04.650 D/com.google.android.apps.ads.publisher.api.ApiClient(27889): Generating AdSense report: {accountId=pub-5804414957214484, dimension=[], endDate=today-8d, locale=en_US, metric=[EARNINGS, PAGE_VIEWS, CLICKS, PAGE_VIEWS_CTR, COST_PER_CLICK, PAGE_VIEWS_RPM], sort=[-EARNINGS], startDate=today-8d, useTimezoneReporting=true}
08-01 16:39:05.260 D/com.google.android.apps.ads.publisher.api.ApiClient(27889): Generating AdSense report: {accountId=pub-5804414957214484, dimension=[], endDate=today-1d, locale=en_US, metric=[EARNINGS, PAGE_VIEWS, CLICKS, PAGE_VIEWS_CTR, COST_PER_CLICK, PAGE_VIEWS_RPM], sort=[-EARNINGS], startDate=today-1d, useTimezoneReporting=true}
08-01 16:39:05.260 D/com.google.android.apps.ads.publisher.api.ApiClient(27889): Generating AdSense report: {accountId=pub-5804414957214484, dimension=[], endDate=today, locale=en_US, metric=[EARNINGS, PAGE_VIEWS, CLICKS, PAGE_VIEWS_CTR, COST_PER_CLICK, PAGE_VIEWS_RPM], sort=[-EARNINGS], startDate=today, useTimezoneReporting=true}
08-01 16:39:05.545 I/wpa_supplicant(11151): wlan0: CTRL-EVENT-SCAN-STARTED 
08-01 16:39:08.110 D/lights  ( 2249): set_light_buttons: 2
08-01 16:39:11.075 D/lights  ( 2249): set_light_buttons: 1
08-01 16:39:19.140 D/[DateTime](31408): registerDateTimeReceivers
08-01 16:39:19.165 D/AppLockService(30672): appchanged  (com.google.android.apps.ads.publisher>com.microsoft.launcher)
08-01 16:39:19.170 D/LockService(30672): action: com.mkapps.lockapps.service.LockService.action.hide
08-01 16:39:19.170 V/LockService(30672): called hideView (mViewState=HIDDEN)
08-01 16:39:19.170 W/LockService(30672): called hideView not hiding (mViewState=HIDDEN)
08-01 16:39:19.170 V/LockService(30672): called onViewHidden (mViewState=HIDDEN)
08-01 16:39:19.170 V/LockService(30672): onDestroy (mServiceState=NOT_BOUND)
08-01 16:39:19.545 I/Timeline(31408): Timeline: Activity_idle id: android.os.BinderProxy@422db5a0 time:120240366
08-01 16:39:19.925 I/Timeline( 2249): Timeline: Activity_windows_visible id: ActivityRecord{41ecb618 u0 com.microsoft.launcher/.Launcher t63} time:120240748
08-01 16:39:19.945 W/SurfaceFlinger( 1843): couldn't log to binary event log: overflow.
08-01 16:39:25.415 D/lights  ( 2249): set_light_buttons: 2
08-01 16:39:36.140 D/SurfaceFlinger( 1843): Screen released, type=0 flinger=0x40c60450
08-01 16:39:36.190 D/[DateTime](31408): unregisterDateTimeReceivers
08-01 16:39:36.290 D/TinyALSA-Audio Hardware( 1846): audio_hw_set_parameters(0x400b1938, screen_state=off)++
08-01 16:39:36.290 D/TinyALSA-Audio Hardware( 1846): audio_hw_set_parameters(0x400b1938, screen_state=off)-- (PARAMETER ERROR)
08-01 16:39:36.290 E/audio_a2dp_hw( 1846): adev_set_parameters: ERROR: set param called even when stream out is null
08-01 16:39:36.315 I/AppLockService(30672): Screen OFF
08-01 16:39:41.478 D/AudioPolicyManagerBase( 1846): getOutput() device 2, stream 1, samplingRate 0, format 0, channelMask 3, flags 0
08-01 16:39:41.478 D/AudioPolicyManagerBase( 1846): getOutput() returns output 2
08-01 16:39:41.478 D/AudioPolicyManagerBase( 1846): getOutput() device 2, stream 1, samplingRate 0, format 0, channelMask 3, flags 0
08-01 16:39:41.478 D/AudioPolicyManagerBase( 1846): getOutput() returns output 2
08-01 16:39:41.478 D/AudioPolicyManagerBase( 1846): getOutput() device 2, stream 1, samplingRate 44100, format 1, channelMask 3, flags 4
08-01 16:39:41.478 D/AudioPolicyManagerBase( 1846): getOutput() returns output 2
08-01 16:39:41.483 D/AudioFlinger( 1846): start(4098), calling pid 2354 session 2471
08-01 16:39:41.483 D/AudioFlinger( 1846): ? => ACTIVE (4098) on thread 0x43282010
08-01 16:39:41.483 D/AudioPolicyManagerBase( 1846): startOutput() output 2, stream 1, session 2471
08-01 16:39:41.488 D/Yamaha-MC1N2-Audio( 1846): yamaha_mc1n2_audio_output_start()
08-01 16:39:41.488 D/Yamaha-MC1N2-Audio( 1846): yamaha_mc1n2_audio_route_start()
08-01 16:39:41.488 D/Yamaha-MC1N2-Audio( 1846): (yamaha_mc1n2_audio_params_route_find): device = 2, direction = 0
08-01 16:39:42.258 I/Choreographer( 2354): Skipped 46 frames!  The application may be doing too much work on its main thread.
08-01 16:39:42.303 W/View    ( 2354): requestLayout() improperly called by android.widget.TextClock{4209c2c0 V.ED.... ......ID 0,0-53,129 #7f0b0013 app:id/clock1_regular} during layout: running second layout pass
08-01 16:39:42.303 W/View    ( 2354): requestLayout() improperly called by android.widget.TextClock{42223d10 V.ED.... ......ID 53,0-176,129 #7f0b0014 app:id/clock2_regular} during layout: running second layout pass
08-01 16:39:42.303 W/View    ( 2354): requestLayout() improperly called by android.widget.TextClock{4259b380 V.ED.... ......ID 69,1-175,26 #7f0b0018 app:id/date_bold} during layout: running second layout pass
08-01 16:39:42.303 W/View    ( 2354): requestLayout() improperly called by android.widget.TextView{421b6090 V.ED.... ......ID 217,1-311,26 #7f0b001b app:id/nextAlarm_bold} during layout: running second layout pass
08-01 16:39:42.303 W/View    ( 2354): requestLayout() improperly called by android.widget.TextView{42166920 V.ED.... ......ID 77,6-133,35 #7f0b0021 app:id/weather_city} during layout: running second layout pass
08-01 16:39:42.303 W/View    ( 2354): requestLayout() improperly called by android.widget.TextView{42166cb0 V.ED.... ......ID 64,35-133,60 #7f0b0027 app:id/weather_condition} during layout: running second layout pass
08-01 16:39:42.303 W/View    ( 2354): requestLayout() improperly called by android.widget.TextView{421d87f0 V.ED.... ......ID 66,60-133,75 #7f0b0022 app:id/update_time} during layout: running second layout pass
08-01 16:39:42.303 W/View    ( 2354): requestLayout() improperly called by android.widget.TextView{4257e3c0 V.ED.... ......ID 2,0-64,41 #7f0b0024 app:id/weather_temp} during layout: running second layout pass
08-01 16:39:42.303 W/View    ( 2354): requestLayout() improperly called by android.widget.TextView{421371b8 V.ED.... ......ID 0,43-66,71 #7f0b0026 app:id/weather_low_high} during layout: running second layout pass
08-01 16:39:42.333 D/PhoneStatusBar( 2354): disable: < EXPAND* icons alerts TICKER* system_info BACK* HOME* RECENT* CLOCK* SEARCH* >
08-01 16:39:44.673 D/Yamaha-MC1N2-Audio( 1846): yamaha_mc1n2_audio_output_stop()
08-01 16:39:44.673 D/Yamaha-MC1N2-Audio( 1846): yamaha_mc1n2_audio_route_start()
08-01 16:45:02.710 D/GCM     (19079): Message class com.google.f.a.a.i
08-01 16:45:02.755 I/EventLogService(31500): Aggregate from 1438420501131 (log), 1438420501131 (data)
08-01 16:45:03.230 D/StatusBar.NetworkController( 2354): updateConnectivity: intent=Intent { act=android.net.conn.INET_CONDITION_ACTION flg=0x4000010 (has extras) }
08-01 16:45:03.235 D/StatusBar.NetworkController( 2354): updateConnectivity: networkInfo=NetworkInfo: type: WIFI[], state: CONNECTED/CONNECTED, reason: (unspecified), extra: "NGUYENTHIHAO", roaming: false, failover: false, isAvailable: true, isConnectedToProvisioningNetwork: false
08-01 16:45:03.235 D/StatusBar.NetworkController( 2354): updateConnectivity: connectionStatus=100
08-01 16:46:03.365 D/lights  ( 2249): set_light_buttons: 1
08-01 16:46:03.615 D/TinyALSA-Audio Hardware( 1846): audio_hw_set_parameters(0x400b1938, screen_state=on)++
08-01 16:46:03.615 D/TinyALSA-Audio Hardware( 1846): audio_hw_set_parameters(0x400b1938, screen_state=on)-- (PARAMETER ERROR)
08-01 16:46:03.615 E/audio_a2dp_hw( 1846): adev_set_parameters: ERROR: set param called even when stream out is null
08-01 16:46:03.620 I/AppLockService(30672): Screen ON
08-01 16:46:03.620 D/AppLockService(30672): Scheduling alarm (interval=150)
08-01 16:46:03.625 D/AppLockService(30672): appchanged  (>com.microsoft.launcher)
08-01 16:46:03.700 D/PowerManagerService-JNI( 2249): Excessive delay in autosuspend_disable() while turning screen on: 195ms
08-01 16:46:03.705 D/SurfaceFlinger( 1843): Screen acquired, type=0 flinger=0x40c60450
08-01 16:46:04.785 D/AudioPolicyManagerBase( 1846): getOutput() device 2, stream 1, samplingRate 0, format 0, channelMask 3, flags 0
08-01 16:46:04.785 D/AudioPolicyManagerBase( 1846): getOutput() returns output 2
08-01 16:46:04.785 D/AudioPolicyManagerBase( 1846): getOutput() device 2, stream 1, samplingRate 0, format 0, channelMask 3, flags 0
08-01 16:46:04.785 D/AudioPolicyManagerBase( 1846): getOutput() returns output 2
08-01 16:46:04.785 D/AudioPolicyManagerBase( 1846): getOutput() device 2, stream 1, samplingRate 44100, format 1, channelMask 3, flags 4
08-01 16:46:04.785 D/AudioPolicyManagerBase( 1846): getOutput() returns output 2
08-01 16:46:04.790 D/AudioFlinger( 1846): start(4099), calling pid 2354 session 2472
08-01 16:46:04.790 D/AudioFlinger( 1846): ? => ACTIVE (4099) on thread 0x40b8ea98
08-01 16:46:04.790 D/AudioPolicyManagerBase( 1846): startOutput() output 2, stream 1, session 2472
08-01 16:46:04.790 D/Yamaha-MC1N2-Audio( 1846): yamaha_mc1n2_audio_output_start()
08-01 16:46:04.790 D/Yamaha-MC1N2-Audio( 1846): yamaha_mc1n2_audio_route_start()
08-01 16:46:04.790 D/Yamaha-MC1N2-Audio( 1846): (yamaha_mc1n2_audio_params_route_find): device = 2, direction = 0
08-01 16:46:04.795 D/[DateTime](31408): registerDateTimeReceivers
08-01 16:46:04.840 D/PhoneStatusBar( 2354): disable: < expand* icons alerts ticker* system_info back* home* recent* clock* search* >
08-01 16:46:05.020 I/Timeline(31408): Timeline: Activity_idle id: android.os.BinderProxy@422db5a0 time:120279155
08-01 16:46:06.180 D/AudioPolicyManagerBase( 1846): getOutput() device 2, stream 1, samplingRate 0, format 0, channelMask 3, flags 0
08-01 16:46:06.180 D/AudioPolicyManagerBase( 1846): getOutput() returns output 2
08-01 16:46:06.180 D/AudioPolicyManagerBase( 1846): getOutput() device 2, stream 1, samplingRate 0, format 0, channelMask 3, flags 0
08-01 16:46:06.180 D/AudioPolicyManagerBase( 1846): getOutput() returns output 2
08-01 16:46:06.180 D/AudioPolicyManagerBase( 1846): getOutput() device 2, stream 1, samplingRate 48000, format 1, channelMask 3, flags 4
08-01 16:46:06.180 D/AudioPolicyManagerBase( 1846): getOutput() returns output 2
08-01 16:46:06.180 W/AudioTrack( 2249): AUDIO_OUTPUT_FLAG_FAST denied by client due to mismatching sample rate (48000 vs 44100)
08-01 16:46:06.185 D/AudioFlinger( 1846): start(4098), calling pid 2249 session 2473
08-01 16:46:06.185 D/AudioFlinger( 1846): ? => ACTIVE (4098) on thread 0x40f0bb88
08-01 16:46:06.185 D/AudioPolicyManagerBase( 1846): startOutput() output 2, stream 1, session 2473
08-01 16:46:09.270 D/Yamaha-MC1N2-Audio( 1846): yamaha_mc1n2_audio_output_stop()
08-01 16:46:09.270 D/Yamaha-MC1N2-Audio( 1846): yamaha_mc1n2_audio_route_start()
08-01 16:46:10.045 D/AudioPolicyManagerBase( 1846): getOutput() device 2, stream 1, samplingRate 0, format 0, channelMask 3, flags 0
08-01 16:46:10.045 D/AudioPolicyManagerBase( 1846): getOutput() returns output 2
08-01 16:46:10.045 D/AudioPolicyManagerBase( 1846): getOutput() device 2, stream 1, samplingRate 0, format 0, channelMask 3, flags 0
08-01 16:46:10.045 D/AudioPolicyManagerBase( 1846): getOutput() returns output 2
08-01 16:46:10.045 D/AudioPolicyManagerBase( 1846): getOutput() device 2, stream 1, samplingRate 48000, format 1, channelMask 3, flags 4
08-01 16:46:10.045 D/AudioPolicyManagerBase( 1846): getOutput() returns output 2
08-01 16:46:10.045 W/AudioTrack( 2249): AUDIO_OUTPUT_FLAG_FAST denied by client due to mismatching sample rate (48000 vs 44100)
08-01 16:46:10.055 D/AudioFlinger( 1846): start(4101), calling pid 2249 session 2474
08-01 16:46:10.055 D/AudioFlinger( 1846): ? => ACTIVE (4101) on thread 0x40eef938
08-01 16:46:10.055 D/AudioPolicyManagerBase( 1846): startOutput() output 2, stream 1, session 2474
08-01 16:46:10.055 D/Yamaha-MC1N2-Audio( 1846): yamaha_mc1n2_audio_output_start()
08-01 16:46:10.055 D/Yamaha-MC1N2-Audio( 1846): yamaha_mc1n2_audio_route_start()
08-01 16:46:10.055 D/Yamaha-MC1N2-Audio( 1846): (yamaha_mc1n2_audio_params_route_find): device = 2, direction = 0
08-01 16:46:10.065 I/Timeline(31408): Timeline: Activity_launch_request id:com.mkapps.jumpoverheader time:120284200
08-01 16:46:10.135 D/[DateTime](31408): unregisterDateTimeReceivers
08-01 16:46:10.235 D/AppLockService(30672): appchanged  (com.microsoft.launcher>com.mkapps.jumpoverheader)
08-01 16:46:10.325 V/PhoneStatusBar( 2354): setLightsOn(true)
08-01 16:46:10.340 W/IInputConnectionWrapper(31408): showStatusIcon on inactive InputConnection
08-01 16:46:10.385 V/PhoneStatusBar( 2354): setLightsOn(true)
08-01 16:46:10.405 I/Timeline(27736): Timeline: Activity_idle id: android.os.BinderProxy@41e803a8 time:120284544
08-01 16:46:10.660 I/Timeline( 2249): Timeline: Activity_windows_visible id: ActivityRecord{41e4c228 u0 com.mkapps.jumpoverheader/org.cocos2dx.cpp.AppActivity t490} time:120284799
08-01 16:46:10.810 D/cocos2d-x debug info(27736): cocos2d: removeChildByTag(tag = -86050082): child not found!
08-01 16:46:10.810 D/cocos2d-x debug info(27736): cocos2d: removeChildByTag(tag = -86050082): child not found!
08-01 16:46:10.810 D/cocos2d-x debug info(27736): cocos2d: removeChildByTag(tag = -86050082): child not found!
08-01 16:46:10.810 D/cocos2d-x debug info(27736): cocos2d: removeChildByTag(tag = -86050082): child not found!
08-01 16:46:11.625 D/cocos2d-x debug info(27736): Node warning: setPhysicsBody sets anchor point to Vec2::ANCHOR_MIDDLE.
08-01 16:46:13.125 D/Yamaha-MC1N2-Audio( 1846): yamaha_mc1n2_audio_output_stop()
08-01 16:46:13.125 D/Yamaha-MC1N2-Audio( 1846): yamaha_mc1n2_audio_route_start()
08-01 16:46:13.485 I/wpa_supplicant(11151): wlan0: CTRL-EVENT-SCAN-STARTED 
08-01 16:46:41.870 D/lights  ( 2249): set_light_buttons: 2
08-01 16:46:41.890 D/SurfaceFlinger( 1843): Screen released, type=0 flinger=0x40c60450
08-01 16:46:42.000 D/AudioPolicyManagerBase( 1846): getOutput() device 2, stream 1, samplingRate 0, format 0, channelMask 3, flags 0
08-01 16:46:42.000 D/AudioPolicyManagerBase( 1846): getOutput() returns output 2
08-01 16:46:42.000 D/AudioPolicyManagerBase( 1846): getOutput() device 2, stream 1, samplingRate 0, format 0, channelMask 3, flags 0
08-01 16:46:42.000 D/AudioPolicyManagerBase( 1846): getOutput() returns output 2
08-01 16:46:42.000 D/AudioPolicyManagerBase( 1846): getOutput() device 2, stream 1, samplingRate 44100, format 1, channelMask 3, flags 4
08-01 16:46:42.000 D/AudioPolicyManagerBase( 1846): getOutput() returns output 2
08-01 16:46:42.005 D/AudioFlinger( 1846): start(4098), calling pid 2354 session 2475
08-01 16:46:42.005 D/AudioFlinger( 1846): ? => ACTIVE (4098) on thread 0x40f0bb88
08-01 16:46:42.005 D/AudioPolicyManagerBase( 1846): startOutput() output 2, stream 1, session 2475
08-01 16:46:42.005 D/Yamaha-MC1N2-Audio( 1846): yamaha_mc1n2_audio_output_start()
08-01 16:46:42.005 D/Yamaha-MC1N2-Audio( 1846): yamaha_mc1n2_audio_route_start()
08-01 16:46:42.005 D/Yamaha-MC1N2-Audio( 1846): (yamaha_mc1n2_audio_params_route_find): device = 2, direction = 0
08-01 16:46:42.585 I/Choreographer( 2354): Skipped 35 frames!  The application may be doing too much work on its main thread.
08-01 16:46:42.650 W/View    ( 2354): requestLayout() improperly called by android.widget.TextClock{41e962c0 V.ED.... ......ID 0,0-53,129 #7f0b0013 app:id/clock1_regular} during layout: running second layout pass
08-01 16:46:42.650 W/View    ( 2354): requestLayout() improperly called by android.widget.TextClock{42161cb8 V.ED.... ......ID 53,0-176,129 #7f0b0014 app:id/clock2_regular} during layout: running second layout pass
08-01 16:46:42.650 W/View    ( 2354): requestLayout() improperly called by android.widget.TextClock{4257f0f8 V.ED.... ......ID 69,1-175,26 #7f0b0018 app:id/date_bold} during layout: running second layout pass
08-01 16:46:42.650 W/View    ( 2354): requestLayout() improperly called by android.widget.TextView{420ab590 V.ED.... ......ID 217,1-311,26 #7f0b001b app:id/nextAlarm_bold} during layout: running second layout pass
08-01 16:46:42.650 W/View    ( 2354): requestLayout() improperly called by android.widget.TextView{42580ce8 V.ED.... ......ID 77,6-133,35 #7f0b0021 app:id/weather_city} during layout: running second layout pass
08-01 16:46:42.650 W/View    ( 2354): requestLayout() improperly called by android.widget.TextView{420b4b60 V.ED.... ......ID 64,35-133,60 #7f0b0027 app:id/weather_condition} during layout: running second layout pass
08-01 16:46:42.650 W/View    ( 2354): requestLayout() improperly called by android.widget.TextView{421f7e10 V.ED.... ......ID 66,60-133,75 #7f0b0022 app:id/update_time} during layout: running second layout pass
08-01 16:46:42.650 W/View    ( 2354): requestLayout() improperly called by android.widget.TextView{4257ebf8 V.ED.... ......ID 2,0-64,41 #7f0b0024 app:id/weather_temp} during layout: running second layout pass
08-01 16:46:42.650 W/View    ( 2354): requestLayout() improperly called by android.widget.TextView{41e3f460 V.ED.... ......ID 0,43-66,71 #7f0b0026 app:id/weather_low_high} during layout: running second layout pass
08-01 16:46:42.685 D/PhoneStatusBar( 2354): disable: < EXPAND* icons alerts TICKER* system_info BACK* HOME* RECENT* CLOCK* SEARCH* >
08-01 16:46:42.730 D/TinyALSA-Audio Hardware( 1846): audio_hw_set_parameters(0x400b1938, screen_state=off)++
08-01 16:46:42.730 D/TinyALSA-Audio Hardware( 1846): audio_hw_set_parameters(0x400b1938, screen_state=off)-- (PARAMETER ERROR)
08-01 16:46:42.730 E/audio_a2dp_hw( 1846): adev_set_parameters: ERROR: set param called even when stream out is null
08-01 16:46:42.760 I/AppLockService(30672): Screen OFF
08-01 16:46:45.185 D/Yamaha-MC1N2-Audio( 1846): yamaha_mc1n2_audio_output_stop()
08-01 16:46:45.185 D/Yamaha-MC1N2-Audio( 1846): yamaha_mc1n2_audio_route_start()
08-01 16:47:02.395 V/Zygote  (28757): Switching descriptor 32 to /dev/null
08-01 16:47:02.395 V/Zygote  (28757): Switching descriptor 10 to /dev/null
08-01 16:47:02.625 D/ActivityThread(28757): handleBindApplication:android.process.media
08-01 16:47:02.625 D/ActivityThread(28757): setTargetHeapUtilization:0.25
08-01 16:47:02.625 D/ActivityThread(28757): setTargetHeapMinFree:524288
08-01 16:47:02.640 D/lights  ( 2249): set_light_buttons: 1
08-01 16:47:02.930 D/PowerManagerService-JNI( 2249): Excessive delay in autosuspend_disable() while turning screen on: 259ms
08-01 16:47:02.930 D/SurfaceFlinger( 1843): Screen acquired, type=0 flinger=0x40c60450
08-01 16:47:02.965 I/Choreographer(27447): Skipped 37 frames!  The application may be doing too much work on its main thread.
08-01 16:47:03.075 D/TinyALSA-Audio Hardware( 1846): audio_hw_set_parameters(0x400b1938, screen_state=on)++
08-01 16:47:03.075 D/TinyALSA-Audio Hardware( 1846): audio_hw_set_parameters(0x400b1938, screen_state=on)-- (PARAMETER ERROR)
08-01 16:47:03.075 E/audio_a2dp_hw( 1846): adev_set_parameters: ERROR: set param called even when stream out is null
08-01 16:47:03.080 I/AppLockService(30672): Screen ON
08-01 16:47:03.080 D/AppLockService(30672): Scheduling alarm (interval=150)
08-01 16:47:03.085 D/AppLockService(30672): appchanged  (>com.mkapps.jumpoverheader)
08-01 16:47:03.130 E/SELinux (28757): SELinux: Loaded file_contexts from /file_contexts
08-01 16:47:03.130 E/SELinux (28757): SELinux:  Could not open /data/system/packages.list:  Permission denied.
08-01 16:47:03.255 V/Zygote  (28782): Switching descriptor 32 to /dev/null
08-01 16:47:03.255 V/Zygote  (28782): Switching descriptor 10 to /dev/null
08-01 16:47:03.300 D/ActivityThread(28782): handleBindApplication:com.google.android.apps.uploader
08-01 16:47:03.300 D/ActivityThread(28782): setTargetHeapUtilization:0.25
08-01 16:47:03.300 D/ActivityThread(28782): setTargetHeapMinFree:524288
08-01 16:47:03.320 D/MtpService(28757): updating state; isCurrentUser=true, mMtpLocked=true
08-01 16:47:03.365 D/MtpService(28757): updating state; isCurrentUser=true, mMtpLocked=true
08-01 16:47:03.410 E/NetworkScheduler.SchedulerReceiver(19079): Invalid parameter app
08-01 16:47:03.410 E/NetworkScheduler.SchedulerReceiver(19079): Invalid package name : Perhaps you didn't include a PendingIntent in the extras?
08-01 16:47:03.415 D/MtpService(28757): starting MTP server in MTP mode
08-01 16:47:03.415 I/GCoreUlr(19018): Starting service, intent=Intent { act=com.google.android.location.reporting.ACTION_UPDATE_WORLD cmp=com.google.android.gms/com.google.android.location.reporting.service.DispatchingService (has extras) }, extras=Bundle[{receiverAction=android.intent.action.ACTION_POWER_CONNECTED}]
08-01 16:47:03.420 I/iu.Environment(31500): update battery state; isPlugged? true*
08-01 16:47:03.435 I/GCoreUlr(19018): DispatchingService.onCreate()
08-01 16:47:03.440 D/PicasaUploader(28782):    wifiOnlyPhoto changed to true
08-01 16:47:03.440 D/PicasaUploader(28782):    wifiOnlyVideo changed to true
08-01 16:47:03.440 D/PicasaUploader(28782):    syncOnBattery changed to true
08-01 16:47:03.445 I/iu.FingerprintManager(31500): Start processing all media
08-01 16:47:03.450 I/iu.FingerprintManager(31500): Start processing media store URI: content://media/external/images/media
08-01 16:47:03.455 I/iu.UploadsManager(31500): num queued entries: 0
08-01 16:47:03.460 D/PicasaUploaderSync(28782): sync account database
08-01 16:47:03.465 I/iu.UploadsManager(31500): num updated entries: 0
08-01 16:47:03.465 I/iu.SyncManager(31500): NEXT; no task
08-01 16:47:03.500 V/Zygote  (28802): Switching descriptor 32 to /dev/null
08-01 16:47:03.500 V/Zygote  (28802): Switching descriptor 10 to /dev/null
08-01 16:47:03.515 I/iu.FingerprintManager(31500): Start processing media store URI: content://media/external/video/media
08-01 16:47:03.515 D/PicasaUploaderSync(28782): accounts in DB=1
08-01 16:47:03.515 D/PicasaUploaderSync(28782): add account to DB:Account {name=mkstudios2806@gmail.com, type=com.google}
08-01 16:47:03.520 I/iu.FingerprintManager(31500): Start processing media store URI: content://media/phoneStorage/images/media
08-01 16:47:03.525 I/iu.FingerprintManager(31500): Start processing media store URI: content://media/phoneStorage/video/media
08-01 16:47:03.530 I/iu.FingerprintManager(31500): Finished generating fingerprints; 0.083 seconds
08-01 16:47:03.530 I/iu.FingerprintManager(31500):   numSeen=84 numGenerated=0 numDeleted=0 numFailed=0
08-01 16:47:03.540 D/ActivityThread(28802): handleBindApplication:chargerbooster.charger.faster.booster
08-01 16:47:03.540 D/ActivityThread(28802): setTargetHeapUtilization:0.25
08-01 16:47:03.540 D/ActivityThread(28802): setTargetHeapMinFree:524288
08-01 16:47:03.615 D/PicasaUploaderSyncManager(28782): active network: NetworkInfo: type: WIFI[], state: CONNECTED/CONNECTED, reason: (unspecified), extra: "NGUYENTHIHAO", roaming: false, failover: false, isAvailable: true, isConnectedToProvisioningNetwork: false
08-01 16:47:03.615 D/PicasaUploaderSyncManager(28782): background data: true
08-01 16:47:03.635 I/GCoreUlr(19018): WorldUpdater received intent Intent { act=com.google.android.location.reporting.ACTION_UPDATE_WORLD cmp=com.google.android.gms/com.google.android.location.reporting.service.DispatchingService (has extras) } with receiverAction android.intent.action.ACTION_POWER_CONNECTED
08-01 16:47:03.645 D/PicasaUploaderSyncManager(28782): battery info: true
08-01 16:47:03.825 I/GCoreUlr(19018): WorldUpdater:android.intent.action.ACTION_POWER_CONNECTED: Ensuring that reporting is stopped because of reasons: {account#0#=[InactiveReason{mVersionCode=0, mIdentifier=12, mName='LocationDisabled'}, InactiveReason{mVersionCode=0, mIdentifier=6, mName='ReportingNotEnabled'}, InactiveReason{mVersionCode=0, mIdentifier=14, mName='HistoryNotEnabled'}], account#-2#=[InactiveReason{mVersionCode=0, mIdentifier=12, mName='LocationDisabled'}, InactiveReason{mVersionCode=0, mIdentifier=6, mName='ReportingNotEnabled'}]}
08-01 16:47:03.840 I/GCoreUlr(19018): Unbound from all location providers
08-01 16:47:03.880 I/GCoreUlr(19018): DispatchingService.onDestroy()
08-01 16:47:03.885 I/GCoreUlr(19018): Unbound from all location providers
08-01 16:47:11.895 D/AudioPolicyManagerBase( 1846): getOutput() device 2, stream 1, samplingRate 0, format 0, channelMask 3, flags 0
08-01 16:47:11.895 D/AudioPolicyManagerBase( 1846): getOutput() returns output 2
08-01 16:47:11.895 D/AudioPolicyManagerBase( 1846): getOutput() device 2, stream 1, samplingRate 0, format 0, channelMask 3, flags 0
08-01 16:47:11.895 D/AudioPolicyManagerBase( 1846): getOutput() returns output 2
08-01 16:47:11.895 D/AudioPolicyManagerBase( 1846): getOutput() device 2, stream 1, samplingRate 44100, format 1, channelMask 3, flags 4
08-01 16:47:11.895 D/AudioPolicyManagerBase( 1846): getOutput() returns output 2
08-01 16:47:11.895 D/AudioFlinger( 1846): start(4099), calling pid 2354 session 2476
08-01 16:47:11.895 D/AudioFlinger( 1846): ? => ACTIVE (4099) on thread 0x43282010
08-01 16:47:11.895 D/AudioPolicyManagerBase( 1846): startOutput() output 2, stream 1, session 2476
08-01 16:47:11.895 D/Yamaha-MC1N2-Audio( 1846): yamaha_mc1n2_audio_output_start()
08-01 16:47:11.895 D/Yamaha-MC1N2-Audio( 1846): yamaha_mc1n2_audio_route_start()
08-01 16:47:11.895 D/Yamaha-MC1N2-Audio( 1846): (yamaha_mc1n2_audio_params_route_find): device = 2, direction = 0
08-01 16:47:11.935 I/Timeline(27736): Timeline: Activity_idle id: android.os.BinderProxy@41e803a8 time:120329727
08-01 16:47:11.965 D/PhoneStatusBar( 2354): disable: < expand* icons alerts ticker* system_info back* home* recent* clock* search* >
08-01 16:47:11.975 V/PhoneStatusBar( 2354): setLightsOn(true)
08-01 16:47:12.040 D/MtpService(28757): addStorageLocked 131073 /storage/sdcard1
08-01 16:47:12.045 D/MtpService(28757): addStorageLocked 65537 /storage/sdcard0
08-01 16:47:12.920 I/wpa_supplicant(11151): wlan0: CTRL-EVENT-SCAN-STARTED 
08-01 16:47:13.565 I/PackageManager( 2249):   Action: "android.intent.action.SENDTO"
08-01 16:47:13.565 I/PackageManager( 2249):   Category: "android.intent.category.DEFAULT"
08-01 16:47:13.565 I/PackageManager( 2249):   Scheme: "sms"
08-01 16:47:13.615 I/InputReader( 2249): Reconfiguring input devices.  changes=0x00000010
08-01 16:47:13.675 V/Zygote  (28836): Switching descriptor 32 to /dev/null
08-01 16:47:13.675 V/Zygote  (28836): Switching descriptor 10 to /dev/null
08-01 16:47:13.715 I/PackageManager( 2249):   Action: "android.intent.action.SENDTO"
08-01 16:47:13.715 I/PackageManager( 2249):   Category: "android.intent.category.DEFAULT"
08-01 16:47:13.715 I/PackageManager( 2249):   Scheme: "smsto"
08-01 16:47:13.780 I/PackageManager( 2249):   Action: "android.intent.action.SENDTO"
08-01 16:47:13.780 I/PackageManager( 2249):   Category: "android.intent.category.DEFAULT"
08-01 16:47:13.780 I/PackageManager( 2249):   Scheme: "mms"
08-01 16:47:13.840 I/PackageManager( 2249):   Action: "android.intent.action.SENDTO"
08-01 16:47:13.840 I/PackageManager( 2249):   Category: "android.intent.category.DEFAULT"
08-01 16:47:13.840 I/PackageManager( 2249):   Scheme: "mmsto"
08-01 16:47:13.850 I/Launcher(31408): Deferring update until onResume
08-01 16:47:13.895 I/PackageManager( 2249):   Action: "android.intent.action.SENDTO"
08-01 16:47:13.895 I/PackageManager( 2249):   Category: "android.intent.category.DEFAULT"
08-01 16:47:13.895 I/PackageManager( 2249):   Scheme: "sms"
08-01 16:47:13.905 D/ActivityThread(28836): handleBindApplication:com.cyanogenmod.trebuchet
08-01 16:47:13.905 D/ActivityThread(28836): setTargetHeapUtilization:0.25
08-01 16:47:13.905 D/ActivityThread(28836): setTargetHeapMinFree:524288
08-01 16:47:13.945 I/PackageManager( 2249):   Action: "android.intent.action.SENDTO"
08-01 16:47:13.945 I/PackageManager( 2249):   Category: "android.intent.category.DEFAULT"
08-01 16:47:13.945 I/PackageManager( 2249):   Scheme: "smsto"
08-01 16:47:13.975 D/cocos2d-x debug info(27736): cocos2d: removeChildByTag(tag = -86050082): child not found!
08-01 16:47:13.975 D/cocos2d-x debug info(27736): cocos2d: removeChildByTag(tag = -86050082): child not found!
08-01 16:47:13.975 D/cocos2d-x debug info(27736): cocos2d: removeChildByTag(tag = -86050082): child not found!
08-01 16:47:13.975 D/cocos2d-x debug info(27736): cocos2d: removeChildByTag(tag = -86050082): child not found!
08-01 16:47:13.975 D/cocos2d-x debug info(27736): cocos2d: removeChildByTag(tag = -86050082): child not found!
08-01 16:47:13.975 D/cocos2d-x debug info(27736): cocos2d: removeChildByTag(tag = -86050082): child not found!
08-01 16:47:13.975 D/cocos2d-x debug info(27736): cocos2d: removeChildByTag(tag = -86050082): child not found!
08-01 16:47:13.975 D/cocos2d-x debug info(27736): cocos2d: removeChildByTag(tag = -86050082): child not found!
08-01 16:47:14.000 I/PackageManager( 2249):   Action: "android.intent.action.SENDTO"
08-01 16:47:14.000 I/PackageManager( 2249):   Category: "android.intent.category.DEFAULT"
08-01 16:47:14.000 I/PackageManager( 2249):   Scheme: "mms"
08-01 16:47:14.035 I/PackageManager( 2249):   Action: "android.intent.action.SENDTO"
08-01 16:47:14.035 I/PackageManager( 2249):   Category: "android.intent.category.DEFAULT"
08-01 16:47:14.035 I/PackageManager( 2249):   Scheme: "mmsto"
08-01 16:47:14.155 I/GCoreNlp(19018): !shouldConfirmNlp, ensuring user opted into NLP
08-01 16:47:14.245 I/Launcher(31408): Deferring update until onResume
08-01 16:47:14.330 D/Launcher.LauncherProvider(28836): 11683562 - initializeMaxScreenId(): 2
08-01 16:47:14.335 V/Launcher(28836): LauncherAppState inited
08-01 16:47:14.385 V/GmsNetworkLocationProvi(19018): DISABLE
08-01 16:47:14.410 W/Launcher(28836): setApplicationContext called twice! old=com.android.launcher3.LauncherApplication@41e9e268 new=com.android.launcher3.LauncherApplication@41e9e268
08-01 16:47:14.615 D/PackageBroadcastService(31500): Received broadcast action=android.intent.action.PACKAGE_CHANGED and uri=com.google.android.gms
08-01 16:47:14.630 I/PackageBroadcastService(31500): Null package name or gms related package.  Ignoreing.
08-01 16:47:14.680 W/Searchables( 2249): No global search activity found
08-01 16:47:14.690 I/Icing   (31500): updateResources: need to parse f{com.google.android.gms}
08-01 16:47:15.055 D/Yamaha-MC1N2-Audio( 1846): yamaha_mc1n2_audio_output_stop()
08-01 16:47:15.055 D/Yamaha-MC1N2-Audio( 1846): yamaha_mc1n2_audio_route_start()
08-01 16:47:17.375 D/lights  ( 2249): set_light_buttons: 2
08-01 16:47:27.145 D/SurfaceFlinger( 1843): Screen released, type=0 flinger=0x40c60450
08-01 16:47:27.275 D/TinyALSA-Audio Hardware( 1846): audio_hw_set_parameters(0x400b1938, screen_state=off)++
08-01 16:47:27.275 D/TinyALSA-Audio Hardware( 1846): audio_hw_set_parameters(0x400b1938, screen_state=off)-- (PARAMETER ERROR)
08-01 16:47:27.275 E/audio_a2dp_hw( 1846): adev_set_parameters: ERROR: set param called even when stream out is null
08-01 16:47:27.295 I/AppLockService(30672): Screen OFF
08-01 16:47:32.305 D/AudioPolicyManagerBase( 1846): getOutput() device 2, stream 1, samplingRate 0, format 0, channelMask 3, flags 0
08-01 16:47:32.305 D/AudioPolicyManagerBase( 1846): getOutput() returns output 2
08-01 16:47:32.305 D/AudioPolicyManagerBase( 1846): getOutput() device 2, stream 1, samplingRate 0, format 0, channelMask 3, flags 0
08-01 16:47:32.305 D/AudioPolicyManagerBase( 1846): getOutput() returns output 2
08-01 16:47:32.305 D/AudioPolicyManagerBase( 1846): getOutput() device 2, stream 1, samplingRate 44100, format 1, channelMask 3, flags 4
08-01 16:47:32.305 D/AudioPolicyManagerBase( 1846): getOutput() returns output 2
08-01 16:47:32.305 D/AudioFlinger( 1846): start(4098), calling pid 2354 session 2477
08-01 16:47:32.305 D/AudioFlinger( 1846): ? => ACTIVE (4098) on thread 0x40f0bb88
08-01 16:47:32.305 D/AudioPolicyManagerBase( 1846): startOutput() output 2, stream 1, session 2477
08-01 16:47:32.305 D/Yamaha-MC1N2-Audio( 1846): yamaha_mc1n2_audio_output_start()
08-01 16:47:32.305 D/Yamaha-MC1N2-Audio( 1846): yamaha_mc1n2_audio_route_start()
08-01 16:47:32.305 D/Yamaha-MC1N2-Audio( 1846): (yamaha_mc1n2_audio_params_route_find): device = 2, direction = 0
08-01 16:47:32.825 I/Choreographer( 2354): Skipped 31 frames!  The application may be doing too much work on its main thread.
08-01 16:47:32.880 W/View    ( 2354): requestLayout() improperly called by android.widget.TextClock{42044708 V.ED.... ......ID 0,0-53,129 #7f0b0013 app:id/clock1_regular} during layout: running second layout pass
08-01 16:47:32.880 W/View    ( 2354): requestLayout() improperly called by android.widget.TextClock{42180c70 V.ED.... ......ID 53,0-176,129 #7f0b0014 app:id/clock2_regular} during layout: running second layout pass
08-01 16:47:32.880 W/View    ( 2354): requestLayout() improperly called by android.widget.TextClock{421fa998 V.ED.... ......ID 69,1-175,26 #7f0b0018 app:id/date_bold} during layout: running second layout pass
08-01 16:47:32.880 W/View    ( 2354): requestLayout() improperly called by android.widget.TextView{41fc7f48 V.ED.... ......ID 217,1-311,26 #7f0b001b app:id/nextAlarm_bold} during layout: running second layout pass
08-01 16:47:32.880 W/View    ( 2354): requestLayout() improperly called by android.widget.TextView{420b4108 V.ED.... ......ID 77,6-133,35 #7f0b0021 app:id/weather_city} during layout: running second layout pass
08-01 16:47:32.880 W/View    ( 2354): requestLayout() improperly called by android.widget.TextView{420b4b60 V.ED.... ......ID 64,35-133,60 #7f0b0027 app:id/weather_condition} during layout: running second layout pass
08-01 16:47:32.880 W/View    ( 2354): requestLayout() improperly called by android.widget.TextView{421c04f8 V.ED.... ......ID 66,60-133,75 #7f0b0022 app:id/update_time} during layout: running second layout pass
08-01 16:47:32.880 W/View    ( 2354): requestLayout() improperly called by android.widget.TextView{421f78f8 V.ED.... ......ID 2,0-64,41 #7f0b0024 app:id/weather_temp} during layout: running second layout pass
08-01 16:47:32.880 W/View    ( 2354): requestLayout() improperly called by android.widget.TextView{422066c8 V.ED.... ......ID 0,43-66,71 #7f0b0026 app:id/weather_low_high} during layout: running second layout pass
08-01 16:47:32.915 D/PhoneStatusBar( 2354): disable: < EXPAND* icons alerts TICKER* system_info BACK* HOME* RECENT* CLOCK* SEARCH* >
08-01 16:47:35.485 D/Yamaha-MC1N2-Audio( 1846): yamaha_mc1n2_audio_output_stop()
08-01 16:47:35.485 D/Yamaha-MC1N2-Audio( 1846): yamaha_mc1n2_audio_route_start()
08-01 16:47:57.635 D/Diskstats(31500): User is not opted-in to Usage & Diagnostics.
08-01 16:47:57.645 D/Procstats(31500): User is not opted-in to Usage & Diagnostics.
08-01 16:48:36.325 D/AndroidRuntime(28884): 
08-01 16:48:36.325 D/AndroidRuntime(28884): >>>>>> AndroidRuntime START com.android.internal.os.RuntimeInit <<<<<<
08-01 16:48:36.335 D/AndroidRuntime(28884): CheckJNI is OFF
08-01 16:48:36.420 D/dalvikvm(28884): Trying to load lib libjavacore.so 0x0
08-01 16:48:36.425 D/dalvikvm(28884): Added shared lib libjavacore.so 0x0
08-01 16:48:36.435 D/dalvikvm(28884): Trying to load lib libnativehelper.so 0x0
08-01 16:48:36.435 D/dalvikvm(28884): Added shared lib libnativehelper.so 0x0
08-01 16:48:36.435 D/dalvikvm(28884): No JNI_OnLoad found in libnativehelper.so 0x0, skipping init
08-01 16:48:36.495 E/cutils-trace(28884): Error opening trace file: No such file or directory (2)
08-01 16:48:36.550 D/dalvikvm(28884): Note: class Landroid/app/ActivityManagerNative; has 180 unimplemented (abstract) methods
08-01 16:48:36.775 E/memtrack(28884): Couldn't load memtrack module (No such file or directory)
08-01 16:48:36.775 E/android.os.Debug(28884): failed to load memtrack module: -2
08-01 16:48:36.880 D/AndroidRuntime(28884): Calling main entry com.android.commands.pm.Pm
08-01 16:48:36.935 E/JavaBinder( 2249): !!! FAILED BINDER TRANSACTION !!!
08-01 16:48:36.935 E/JavaBinder( 2249): !!! FAILED BINDER TRANSACTION !!!
08-01 16:48:37.085 I/Timeline( 2249): Timeline: Activity_windows_visible id: ActivityRecord{4230e690 u0 com.android.chrome/org.chromium.chrome.browser.ChromeTabbedActivity t492} time:120414875
08-01 16:48:37.270 I/Timeline( 2249): Timeline: Activity_windows_visible id: ActivityRecord{41ecb618 u0 com.microsoft.launcher/.Launcher t63} time:120415060
08-01 16:48:37.430 W/GeofencerStateMachine(19018): Ignoring removeGeofence because network location is disabled.
08-01 16:48:37.435 I/InputReader( 2249): Reconfiguring input devices.  changes=0x00000010
08-01 16:48:37.440 I/Launcher(31408): Deferring update until onResume
08-01 16:48:37.470 W/Launcher.Model(28836): Nobody to tell about the new app.  Launcher is probably loading.
08-01 16:48:37.480 I/LatinIME:LogUtils(30657): Dictionary info: dictionary = ? ; version = 26 ; date = 1351062238
08-01 16:48:37.480 I/PackageManager( 2249):   Action: "android.intent.action.SENDTO"
08-01 16:48:37.480 I/PackageManager( 2249):   Category: "android.intent.category.DEFAULT"
08-01 16:48:37.480 I/PackageManager( 2249):   Scheme: "sms"
08-01 16:48:37.485 I/Timeline(27447): Timeline: Activity_idle id: android.os.BinderProxy@41ed69e8 time:120415275
08-01 16:48:37.535 I/PackageManager( 2249):   Action: "android.intent.action.SENDTO"
08-01 16:48:37.535 I/PackageManager( 2249):   Category: "android.intent.category.DEFAULT"
08-01 16:48:37.535 I/PackageManager( 2249):   Scheme: "smsto"
08-01 16:48:37.570 I/PackageManager( 2249):   Action: "android.intent.action.SENDTO"
08-01 16:48:37.570 I/PackageManager( 2249):   Category: "android.intent.category.DEFAULT"
08-01 16:48:37.570 I/PackageManager( 2249):   Scheme: "mms"
08-01 16:48:37.610 I/PackageManager( 2249):   Action: "android.intent.action.SENDTO"
08-01 16:48:37.610 I/PackageManager( 2249):   Category: "android.intent.category.DEFAULT"
08-01 16:48:37.610 I/PackageManager( 2249):   Scheme: "mmsto"
08-01 16:48:37.685 I/PackageManager( 2249):   Action: "android.intent.action.SENDTO"
08-01 16:48:37.685 I/PackageManager( 2249):   Category: "android.intent.category.DEFAULT"
08-01 16:48:37.685 I/PackageManager( 2249):   Scheme: "sms"
08-01 16:48:37.720 I/PackageManager( 2249):   Action: "android.intent.action.SENDTO"
08-01 16:48:37.720 I/PackageManager( 2249):   Category: "android.intent.category.DEFAULT"
08-01 16:48:37.720 I/PackageManager( 2249):   Scheme: "smsto"
08-01 16:48:37.745 D/dalvikvm( 2249): JIT code cache reset in 6 ms (1535824 bytes 29/0)
08-01 16:48:37.785 I/PackageManager( 2249):   Action: "android.intent.action.SENDTO"
08-01 16:48:37.785 I/PackageManager( 2249):   Category: "android.intent.category.DEFAULT"
08-01 16:48:37.785 I/PackageManager( 2249):   Scheme: "mms"
08-01 16:48:37.855 I/PackageManager( 2249):   Action: "android.intent.action.SENDTO"
08-01 16:48:37.855 I/PackageManager( 2249):   Category: "android.intent.category.DEFAULT"
08-01 16:48:37.855 I/PackageManager( 2249):   Scheme: "mmsto"
08-01 16:48:37.885 D/AndroidRuntime(28884): Shutting down VM
08-01 16:48:37.920 I/Launcher(31408): Deferring update until onResume
08-01 16:48:37.925 V/Zygote  (28906): Switching descriptor 32 to /dev/null
08-01 16:48:37.925 V/Zygote  (28906): Switching descriptor 10 to /dev/null
08-01 16:48:37.950 V/Zygote  (28920): Switching descriptor 32 to /dev/null
08-01 16:48:37.950 V/Zygote  (28920): Switching descriptor 10 to /dev/null
08-01 16:48:37.965 D/ActivityThread(28906): handleBindApplication:com.android.defcontainer
08-01 16:48:37.970 D/ActivityThread(28906): setTargetHeapUtilization:0.25
08-01 16:48:37.970 D/ActivityThread(28906): setTargetHeapMinFree:524288
08-01 16:48:37.970 D/VoicemailCleanupService(23755): Cleaning up data for package: com.mkapps.jumpoverheader
08-01 16:48:38.010 D/ActivityThread(28920): handleBindApplication:com.android.settings
08-01 16:48:38.010 D/ActivityThread(28920): setTargetHeapUtilization:0.25
08-01 16:48:38.010 D/ActivityThread(28920): setTargetHeapMinFree:524288
08-01 16:48:38.015 W/Searchables( 2249): No global search activity found
08-01 16:48:38.130 W/Launcher(28836): setApplicationContext called twice! old=com.android.launcher3.LauncherApplication@41e9e268 new=com.android.launcher3.LauncherApplication@41e9e268
08-01 16:48:38.155 V/Zygote  (28939): Switching descriptor 32 to /dev/null
08-01 16:48:38.155 V/Zygote  (28939): Switching descriptor 10 to /dev/null
08-01 16:48:38.200 D/ActivityThread(28939): handleBindApplication:com.android.keychain
08-01 16:48:38.200 D/ActivityThread(28939): setTargetHeapUtilization:0.25
08-01 16:48:38.200 D/ActivityThread(28939): setTargetHeapMinFree:524288
08-01 16:48:38.425 I/dalvikvm(27829): Could not find method android.app.admin.DevicePolicyManager.isUninstallBlocked, referenced from method com.google.android.finsky.activities.AppActionAnalyzer.isUninstallBlockedByAdmin
08-01 16:48:38.425 W/dalvikvm(27829): VFY: unable to resolve virtual method 331: Landroid/app/admin/DevicePolicyManager;.isUninstallBlocked (Landroid/content/ComponentName;Ljava/lang/String;)Z
08-01 16:48:38.425 D/dalvikvm(27829): VFY: replacing opcode 0x6e at 0x0013
08-01 16:48:38.430 E/NetworkScheduler.SchedulerReceiver(19079): Invalid parameter app
08-01 16:48:38.430 E/NetworkScheduler.SchedulerReceiver(19079): Invalid package name : Perhaps you didn't include a PendingIntent in the extras?
08-01 16:48:38.475 D/PackageBroadcastService(31500): Received broadcast action=android.intent.action.PACKAGE_REMOVED and uri=com.mkapps.jumpoverheader
08-01 16:48:38.480 D/ChimeraCfgMgr(31500): Loading module com.google.android.gms.games from APK com.google.android.gms
08-01 16:48:38.505 D/AccountUtils(31500): Clearing selected account for com.mkapps.jumpoverheader
08-01 16:48:38.540 I/LocationSettingsChecker(31500): Removing dialog suppression flag for package com.mkapps.jumpoverheader
08-01 16:48:38.600 D/GOOGLEHELP_CompatibleDatabase(31500): Open SQLiteDatabase: /data/data/com.google.android.gms/databases/metrics.db, release reference: 1
08-01 16:48:38.600 D/GOOGLEHELP_CompatibleDatabase(31500): Acquire reference of SQLiteDatabase: /data/data/com.google.android.gms/databases/metrics.db: 2
08-01 16:48:38.600 D/gH_MetricsDatabase(31500): 0 metrics were deleted when clearing package com.mkapps.jumpoverheader.
08-01 16:48:38.600 D/GOOGLEHELP_CompatibleDatabase(31500): Release reference of SQLiteDatabase: /data/data/com.google.android.gms/databases/metrics.db: 1
08-01 16:48:38.645 I/ConfigFetchService(31500): onStartCommand Intent { act=android.intent.action.PACKAGE_REMOVED dat=package:com.mkapps.jumpoverheader cmp=com.google.android.gms/.config.ConfigFetchService (has extras) }
08-01 16:48:38.650 I/ConfigService(19079): onCreate
08-01 16:48:38.675 D/GOOGLEHELP_CompatibleDatabase(31500): Open SQLiteDatabase: /data/data/com.google.android.gms/databases/help_responses.db, release reference: 1
08-01 16:48:38.675 D/GOOGLEHELP_CompatibleDatabase(31500): Acquire reference of SQLiteDatabase: /data/data/com.google.android.gms/databases/help_responses.db: 2
08-01 16:48:38.675 D/GOOGLEHELP_CompatibleDatabase(31500): Release reference of SQLiteDatabase: /data/data/com.google.android.gms/databases/help_responses.db: 1
08-01 16:48:38.725 D/GOOGLEHELP_CompatibleDatabase(31500): Open SQLiteDatabase: /data/data/com.google.android.gms/databases/auto_complete_suggestions.db, release reference: 1
08-01 16:48:38.725 D/GOOGLEHELP_CompatibleDatabase(31500): Acquire reference of SQLiteDatabase: /data/data/com.google.android.gms/databases/auto_complete_suggestions.db: 2
08-01 16:48:38.745 I/PeopleContactsSync(31500): CP2 sync disabled
08-01 16:48:38.760 D/GOOGLEHELP_CompatibleDatabase(31500): Release reference of SQLiteDatabase: /data/data/com.google.android.gms/databases/auto_complete_suggestions.db: 1
08-01 16:48:38.760 D/GOOGLEHELP_CompatibleDatabase(31500): Close SQLiteDatabase: /data/data/com.google.android.gms/databases/metrics.db, release reference: 0
08-01 16:48:38.760 D/GOOGLEHELP_CompatibleDatabase(31500): Close SQLiteDatabase: /data/data/com.google.android.gms/databases/help_responses.db, release reference: 0
08-01 16:48:38.760 D/GOOGLEHELP_CompatibleDatabase(31500): Close SQLiteDatabase: /data/data/com.google.android.gms/databases/auto_complete_suggestions.db, release reference: 0
08-01 16:48:38.785 I/Icing   (31500): doRemovePackageData com.mkapps.jumpoverheader
08-01 16:48:38.905 D/AndroidRuntime(28973): 
08-01 16:48:38.905 D/AndroidRuntime(28973): >>>>>> AndroidRuntime START com.android.internal.os.RuntimeInit <<<<<<
08-01 16:48:38.910 D/AndroidRuntime(28973): CheckJNI is OFF
08-01 16:48:38.925 D/dalvikvm(28973): Trying to load lib libjavacore.so 0x0
08-01 16:48:38.930 D/dalvikvm(28973): Added shared lib libjavacore.so 0x0
08-01 16:48:38.935 D/dalvikvm(28973): Trying to load lib libnativehelper.so 0x0
08-01 16:48:38.935 D/dalvikvm(28973): Added shared lib libnativehelper.so 0x0
08-01 16:48:38.935 D/dalvikvm(28973): No JNI_OnLoad found in libnativehelper.so 0x0, skipping init
08-01 16:48:38.960 E/cutils-trace(28973): Error opening trace file: No such file or directory (2)
08-01 16:48:38.970 D/dalvikvm(28973): Note: class Landroid/app/ActivityManagerNative; has 180 unimplemented (abstract) methods
08-01 16:48:39.120 V/Zygote  (29030): Switching descriptor 32 to /dev/null
08-01 16:48:39.120 V/Zygote  (29030): Switching descriptor 10 to /dev/null
08-01 16:48:39.190 E/memtrack(28973): Couldn't load memtrack module (No such file or directory)
08-01 16:48:39.190 E/android.os.Debug(28973): failed to load memtrack module: -2
08-01 16:48:39.220 D/ActivityThread(29030): handleBindApplication:org.cyanogenmod.themes.provider
08-01 16:48:39.220 D/ActivityThread(29030): setTargetHeapUtilization:0.25
08-01 16:48:39.220 D/ActivityThread(29030): setTargetHeapMinFree:524288
08-01 16:48:39.270 D/AndroidRuntime(28973): Calling main entry com.android.commands.pm.Pm
08-01 16:48:39.400 V/Zygote  (29046): Switching descriptor 32 to /dev/null
08-01 16:48:39.400 V/Zygote  (29046): Switching descriptor 10 to /dev/null
08-01 16:48:39.465 D/ActivityThread(29046): handleBindApplication:com.android.documentsui
08-01 16:48:39.465 D/ActivityThread(29046): setTargetHeapUtilization:0.25
08-01 16:48:39.465 D/ActivityThread(29046): setTargetHeapMinFree:524288
08-01 16:48:39.500 D/ThemesProvider(29030): Deleted 0
08-01 16:48:39.535 D/Documents(29046): Loading roots for com.android.providers.downloads.documents
08-01 16:48:39.555 D/Documents(29046): Loading roots for com.android.externalstorage.documents
08-01 16:48:39.565 V/Zygote  (29061): Switching descriptor 32 to /dev/null
08-01 16:48:39.565 V/Zygote  (29061): Switching descriptor 10 to /dev/null
08-01 16:48:39.615 D/Finsky  (27829): [1] PackageVerificationReceiver.onReceive: Verification requested, id = 118
08-01 16:48:39.620 D/Finsky  (27829): [1] WorkerTask.onPreExecute: Verification Requested for id = 118, data=file:///data/local/tmp/JumpOverHeader-debug.apk flags=112 fromVerificationActivity=false
08-01 16:48:39.625 D/ActivityThread(29061): handleBindApplication:com.android.externalstorage
08-01 16:48:39.625 D/ActivityThread(29061): setTargetHeapUtilization:0.25
08-01 16:48:39.625 D/ActivityThread(29061): setTargetHeapMinFree:524288
08-01 16:48:39.650 D/ExternalStorage(29061): After updating volumes, found 2 active roots
08-01 16:48:39.655 D/Documents(29046): Updating roots due to change at content://com.android.externalstorage.documents/root
08-01 16:48:39.660 D/Documents(29046): Loading roots for com.android.providers.media.documents
08-01 16:48:39.680 D/Documents(29046): Update found 7 roots in 152ms
08-01 16:48:39.680 D/Documents(29046): Used cached roots for com.android.providers.downloads.documents
08-01 16:48:39.680 D/Documents(29046): Loading roots for com.android.externalstorage.documents
08-01 16:48:39.685 D/Documents(29046): Used cached roots for com.android.providers.media.documents
08-01 16:48:39.685 D/Documents(29046): Update found 7 roots in 8ms
08-01 16:48:41.005 I/qtaguid (27829): Failed write_ctrl(u 65) res=-1 errno=22
08-01 16:48:41.005 I/qtaguid (27829): Untagging socket 65 failed errno=-22
08-01 16:48:41.005 W/NetworkManagementSocketTagger(27829): untagSocket(65) failed with errno -22
08-01 16:48:41.020 D/Finsky  (27829): [1] 1.onResponse: Verification id=118 response=0
08-01 16:48:41.045 D/Finsky  (27829): [1] PackageVerificationReceiver.onReceive: Verification requested, id = 118
08-01 16:48:42.500 D/lights  ( 2249): set_light_buttons: 1
08-01 16:48:42.700 D/TinyALSA-Audio Hardware( 1846): audio_hw_set_parameters(0x400b1938, screen_state=on)++
08-01 16:48:42.700 D/TinyALSA-Audio Hardware( 1846): audio_hw_set_parameters(0x400b1938, screen_state=on)-- (PARAMETER ERROR)
08-01 16:48:42.700 E/audio_a2dp_hw( 1846): adev_set_parameters: ERROR: set param called even when stream out is null
08-01 16:48:42.710 I/AppLockService(30672): Screen ON
